Archive member included to satisfy reference by file (symbol)

c:/progra~1/raspbe~1/picosd~1.1/gcc-ar~1/bin/../lib/gcc/arm-none-eabi/10.3.1/thumb/v6-m/nofp\libgcc.a(_dvmd_tls.o)
                              CMakeFiles/core_temp_to_mqtt.dir/C_/Program_Files/Raspberry_Pi/Pico_SDK_v1.5.1/pico-sdk/src/rp2_common/pico_divider/divider.S.obj (__aeabi_idiv0)
c:/progra~1/raspbe~1/picosd~1.1/gcc-ar~1/bin/../lib/gcc/arm-none-eabi/10.3.1/../../../../arm-none-eabi/lib/thumb/v6-m/nofp\libc.a(lib_a-atoi.o)
                              CMakeFiles/core_temp_to_mqtt.dir/C_/Program_Files/Raspberry_Pi/Pico_SDK_v1.5.1/pico-sdk/lib/lwip/src/core/netif.c.obj (atoi)
c:/progra~1/raspbe~1/picosd~1.1/gcc-ar~1/bin/../lib/gcc/arm-none-eabi/10.3.1/../../../../arm-none-eabi/lib/thumb/v6-m/nofp\libc.a(lib_a-calloc.o)
                              CMakeFiles/core_temp_to_mqtt.dir/C_/Program_Files/Raspberry_Pi/Pico_SDK_v1.5.1/pico-sdk/src/rp2_common/pico_malloc/pico_malloc.c.obj (calloc)
c:/progra~1/raspbe~1/picosd~1.1/gcc-ar~1/bin/../lib/gcc/arm-none-eabi/10.3.1/../../../../arm-none-eabi/lib/thumb/v6-m/nofp\libc.a(lib_a-callocr.o)
                              c:/progra~1/raspbe~1/picosd~1.1/gcc-ar~1/bin/../lib/gcc/arm-none-eabi/10.3.1/../../../../arm-none-eabi/lib/thumb/v6-m/nofp\libc.a(lib_a-calloc.o) (_calloc_r)
c:/progra~1/raspbe~1/picosd~1.1/gcc-ar~1/bin/../lib/gcc/arm-none-eabi/10.3.1/../../../../arm-none-eabi/lib/thumb/v6-m/nofp\libc.a(lib_a-ctype_.o)
                              CMakeFiles/core_temp_to_mqtt.dir/C_/Program_Files/Raspberry_Pi/Pico_SDK_v1.5.1/pico-sdk/lib/lwip/src/core/dns.c.obj (_ctype_)
c:/progra~1/raspbe~1/picosd~1.1/gcc-ar~1/bin/../lib/gcc/arm-none-eabi/10.3.1/../../../../arm-none-eabi/lib/thumb/v6-m/nofp\libc.a(lib_a-errno.o)
                              c:/progra~1/raspbe~1/picosd~1.1/gcc-ar~1/bin/../lib/gcc/arm-none-eabi/10.3.1/../../../../arm-none-eabi/lib/thumb/v6-m/nofp\libc.a(lib_a-callocr.o) (__errno)
c:/progra~1/raspbe~1/picosd~1.1/gcc-ar~1/bin/../lib/gcc/arm-none-eabi/10.3.1/../../../../arm-none-eabi/lib/thumb/v6-m/nofp\libc.a(lib_a-impure.o)
                              c:/progra~1/raspbe~1/picosd~1.1/gcc-ar~1/bin/../lib/gcc/arm-none-eabi/10.3.1/../../../../arm-none-eabi/lib/thumb/v6-m/nofp\libc.a(lib_a-calloc.o) (_impure_ptr)
c:/progra~1/raspbe~1/picosd~1.1/gcc-ar~1/bin/../lib/gcc/arm-none-eabi/10.3.1/../../../../arm-none-eabi/lib/thumb/v6-m/nofp\libc.a(lib_a-init.o)
                              c:/progra~1/raspbe~1/picosd~1.1/gcc-ar~1/bin/../lib/gcc/arm-none-eabi/10.3.1/../../../../arm-none-eabi/lib/thumb/v6-m/nofp/crt0.o (__libc_init_array)
c:/progra~1/raspbe~1/picosd~1.1/gcc-ar~1/bin/../lib/gcc/arm-none-eabi/10.3.1/../../../../arm-none-eabi/lib/thumb/v6-m/nofp\libc.a(lib_a-malloc.o)
                              CMakeFiles/core_temp_to_mqtt.dir/C_/Program_Files/Raspberry_Pi/Pico_SDK_v1.5.1/pico-sdk/src/rp2_common/pico_malloc/pico_malloc.c.obj (malloc)
c:/progra~1/raspbe~1/picosd~1.1/gcc-ar~1/bin/../lib/gcc/arm-none-eabi/10.3.1/../../../../arm-none-eabi/lib/thumb/v6-m/nofp\libc.a(lib_a-mallocr.o)
                              c:/progra~1/raspbe~1/picosd~1.1/gcc-ar~1/bin/../lib/gcc/arm-none-eabi/10.3.1/../../../../arm-none-eabi/lib/thumb/v6-m/nofp\libc.a(lib_a-callocr.o) (_malloc_r)
c:/progra~1/raspbe~1/picosd~1.1/gcc-ar~1/bin/../lib/gcc/arm-none-eabi/10.3.1/../../../../arm-none-eabi/lib/thumb/v6-m/nofp\libc.a(lib_a-memcmp.o)
                              CMakeFiles/core_temp_to_mqtt.dir/C_/Program_Files/Raspberry_Pi/Pico_SDK_v1.5.1/pico-sdk/lib/lwip/src/netif/ethernet.c.obj (memcmp)
c:/progra~1/raspbe~1/picosd~1.1/gcc-ar~1/bin/../lib/gcc/arm-none-eabi/10.3.1/../../../../arm-none-eabi/lib/thumb/v6-m/nofp\libc.a(lib_a-memmove.o)
                              CMakeFiles/core_temp_to_mqtt.dir/C_/Program_Files/Raspberry_Pi/Pico_SDK_v1.5.1/pico-sdk/lib/lwip/src/core/def.c.obj (memmove)
c:/progra~1/raspbe~1/picosd~1.1/gcc-ar~1/bin/../lib/gcc/arm-none-eabi/10.3.1/../../../../arm-none-eabi/lib/thumb/v6-m/nofp\libc.a(lib_a-mlock.o)
                              c:/progra~1/raspbe~1/picosd~1.1/gcc-ar~1/bin/../lib/gcc/arm-none-eabi/10.3.1/../../../../arm-none-eabi/lib/thumb/v6-m/nofp\libc.a(lib_a-mallocr.o) (__malloc_lock)
c:/progra~1/raspbe~1/picosd~1.1/gcc-ar~1/bin/../lib/gcc/arm-none-eabi/10.3.1/../../../../arm-none-eabi/lib/thumb/v6-m/nofp\libc.a(lib_a-realloc.o)
                              CMakeFiles/core_temp_to_mqtt.dir/C_/Program_Files/Raspberry_Pi/Pico_SDK_v1.5.1/pico-sdk/src/rp2_common/pico_malloc/pico_malloc.c.obj (realloc)
c:/progra~1/raspbe~1/picosd~1.1/gcc-ar~1/bin/../lib/gcc/arm-none-eabi/10.3.1/../../../../arm-none-eabi/lib/thumb/v6-m/nofp\libc.a(lib_a-reallocr.o)
                              c:/progra~1/raspbe~1/picosd~1.1/gcc-ar~1/bin/../lib/gcc/arm-none-eabi/10.3.1/../../../../arm-none-eabi/lib/thumb/v6-m/nofp\libc.a(lib_a-realloc.o) (_realloc_r)
[...]
Memory Configuration

Name             Origin             Length             Attributes
FLASH            0x10000000         0x00200000         xr
RAM              0x20000000         0x00040000         xrw
SCRATCH_X        0x20040000         0x00001000         xrw
SCRATCH_Y        0x20041000         0x00001000         xrw
*default*        0x00000000         0xffffffff

Linker script and memory map

LOAD c:/progra~1/raspbe~1/picosd~1.1/gcc-ar~1/bin/../lib/gcc/arm-none-eabi/10.3.1/thumb/v6-m/nofp/crti.o
LOAD c:/progra~1/raspbe~1/picosd~1.1/gcc-ar~1/bin/../lib/gcc/arm-none-eabi/10.3.1/thumb/v6-m/nofp/crtbegin.o
LOAD c:/progra~1/raspbe~1/picosd~1.1/gcc-ar~1/bin/../lib/gcc/arm-none-eabi/10.3.1/../../../../arm-none-eabi/lib/thumb/v6-m/nofp/crt0.o

.flash_begin    0x10000000        0x0
                0x10000000                __flash_binary_start = .

.boot2          0x10000000      0x100
                0x10000000                __boot2_start__ = .
 *(.boot2)
 .boot2         0x10000000      0x100 C:\Users\meb_c\AppData\Local\Temp\cc07AYNf.o
                0x10000100                __boot2_end__ = .
                0x00000001                ASSERT (((__boot2_end__ - __boot2_start__) == 0x100), ERROR: Pico second stage bootloader must be 256 bytes in size)

.text           0x10000100    0x192a8
                0x10000100                __logical_binary_start = .
 *(.vectors)
 .vectors       0x10000100       0xd4 CMakeFiles/core_temp_to_mqtt.dir/C_/Program_Files/Raspberry_Pi/Pico_SDK_v1.5.1/pico-sdk/src/rp2_common/pico_standard_link/crt0.S.obj
                0x10000100                __VECTOR_TABLE
                0x10000100                __vectors
                0x100001c0                isr_invalid
                0x100001c0                __default_isrs_start
                0x100001c2                isr_nmi
                0x100001c4                isr_hardfault
                0x100001c6                isr_svcall
                0x100001c8                isr_pendsv
                0x100001ca                isr_systick
                0x100001cc                isr_irq23
                0x100001cc                isr_irq18
                0x100001cc                isr_irq11
                0x100001cc                isr_irq28
                0x100001cc                isr_irq19
                0x100001cc                isr_irq0
                0x100001cc                isr_irq6
                0x100001cc                isr_irq5
                0x100001cc                isr_irq12
                0x100001cc                isr_irq22
                0x100001cc                isr_irq31
                0x100001cc                isr_irq17
                0x100001cc                isr_irq27
                0x100001cc                isr_irq30
                0x100001cc                isr_irq2
                0x100001cc                isr_irq10
                0x100001cc                isr_irq8
                0x100001cc                isr_irq24
                0x100001cc                isr_irq1
                0x100001cc                isr_irq7
                0x100001cc                isr_irq21
                0x100001cc                isr_irq20
                0x100001cc                isr_irq15
                0x100001cc                isr_irq25
                0x100001cc                isr_irq13
                0x100001cc                __unhandled_user_irq
                0x100001cc                isr_irq4
                0x100001cc                isr_irq16
                0x100001cc                isr_irq29
                0x100001cc                isr_irq26
                0x100001cc                __default_isrs_end
                0x100001cc                isr_irq3
                0x100001cc                isr_irq14
                0x100001cc                isr_irq9
                0x100001d2                unhandled_user_irq_num_in_r0
 *(.binary_info_header)
 .binary_info_header
                0x100001d4       0x14 CMakeFiles/core_temp_to_mqtt.dir/C_/Program_Files/Raspberry_Pi/Pico_SDK_v1.5.1/pico-sdk/src/rp2_common/pico_standard_link/crt0.S.obj
                0x100001e8                __binary_info_header_end = .
 *(.reset)
 .reset         0x100001e8       0xa0 CMakeFiles/core_temp_to_mqtt.dir/C_/Program_Files/Raspberry_Pi/Pico_SDK_v1.5.1/pico-sdk/src/rp2_common/pico_standard_link/crt0.S.obj
                0x100001e8                _entry_point
 .reset         0x10000288       0x30 CMakeFiles/core_temp_to_mqtt.dir/C_/Program_Files/Raspberry_Pi/Pico_SDK_v1.5.1/pico-sdk/src/rp2_common/pico_standard_link/binary_info.c.obj
 *(.init)
 .init          0x100002b8        0x4 c:/progra~1/raspbe~1/picosd~1.1/gcc-ar~1/bin/../lib/gcc/arm-none-eabi/10.3.1/thumb/v6-m/nofp/crti.o
                0x100002b8                _init
 *(EXCLUDE_FILE(*libm.a: *libc.a:*lib_a-mem*.o *libgcc.a:) .text*)
 .text          0x100002bc       0x48 c:/progra~1/raspbe~1/picosd~1.1/gcc-ar~1/bin/../lib/gcc/arm-none-eabi/10.3.1/thumb/v6-m/nofp/crtbegin.o
 .text.mqtt_request_cb
                0x10000304       0x10 CMakeFiles/core_temp_to_mqtt.dir/main.c.obj
 .text.mqtt_connection_cb
                0x10000314       0x10 CMakeFiles/core_temp_to_mqtt.dir/main.c.obj
 .text.mqtt_incoming_data_cb
                0x10000324       0x10 CMakeFiles/core_temp_to_mqtt.dir/main.c.obj
 .text.mqtt_incoming_publish_cb
                0x10000334       0x10 CMakeFiles/core_temp_to_mqtt.dir/main.c.obj
 .text.startup.main
                0x10000344      0x1e4 CMakeFiles/core_temp_to_mqtt.dir/main.c.obj
                0x10000344                main
 .text.board_button_read
                0x10000528       0x10 CMakeFiles/core_temp_to_mqtt.dir/C_/Program_Files/Raspberry_Pi/Pico_SDK_v1.5.1/pico-sdk/lib/tinyusb/hw/bsp/rp2040/family.c.obj
                0x10000528                board_button_read
 .text.lwip_timeout_reached
                0x10000538        0x8 CMakeFiles/core_temp_to_mqtt.dir/C_/Program_Files/Raspberry_Pi/Pico_SDK_v1.5.1/pico-sdk/src/rp2_common/pico_lwip/lwip_nosys.c.obj
 .text.update_next_timeout
                0x10000540       0x6c CMakeFiles/core_temp_to_mqtt.dir/C_/Program_Files/Raspberry_Pi/Pico_SDK_v1.5.1/pico-sdk/src/rp2_common/pico_lwip/lwip_nosys.c.obj
 .text.lwip_nosys_init
                0x100005ac       0x30 CMakeFiles/core_temp_to_mqtt.dir/C_/Program_Files/Raspberry_Pi/Pico_SDK_v1.5.1/pico-sdk/src/rp2_common/pico_lwip/lwip_nosys.c.obj
                0x100005ac                lwip_nosys_init
 .text.lwip_nosys_deinit
                0x100005dc       0x20 CMakeFiles/core_temp_to_mqtt.dir/C_/Program_Files/Raspberry_Pi/Pico_SDK_v1.5.1/pico-sdk/src/rp2_common/pico_lwip/lwip_nosys.c.obj
                0x100005dc                lwip_nosys_deinit
 .text.sys_arch_protect
                0x100005fc        0x4 CMakeFiles/core_temp_to_mqtt.dir/C_/Program_Files/Raspberry_Pi/Pico_SDK_v1.5.1/pico-sdk/src/rp2_common/pico_lwip/lwip_nosys.c.obj
                0x100005fc                sys_arch_protect
 .text.sys_arch_unprotect
                0x10000600        0x4 CMakeFiles/core_temp_to_mqtt.dir/C_/Program_Files/Raspberry_Pi/Pico_SDK_v1.5.1/pico-sdk/src/rp2_common/pico_lwip/lwip_nosys.c.obj
                0x10000600                sys_arch_unprotect
 .text.sys_now  0x10000604       0x20 CMakeFiles/core_temp_to_mqtt.dir/C_/Program_Files/Raspberry_Pi/Pico_SDK_v1.5.1/pico-sdk/src/rp2_common/pico_lwip/lwip_nosys.c.obj
                0x10000604                sys_now
 .text.async_context_base_add_at_time_worker
                0x10000624       0x28 CMakeFiles/core_temp_to_mqtt.dir/C_/Program_Files/Raspberry_Pi/Pico_SDK_v1.5.1/pico-sdk/src/rp2_common/pico_async_context/async_context_base.c.obj
                0x10000624                async_context_base_add_at_time_worker
 .text.async_context_base_remove_at_time_worker
                0x1000064c       0x28 CMakeFiles/core_temp_to_mqtt.dir/C_/Program_Files/Raspberry_Pi/Pico_SDK_v1.5.1/pico-sdk/src/rp2_common/pico_async_context/async_context_base.c.obj
                0x1000064c                async_context_base_remove_at_time_worker
 .text.async_context_base_add_when_pending_worker
                0x10000674       0x24 CMakeFiles/core_temp_to_mqtt.dir/C_/Program_Files/Raspberry_Pi/Pico_SDK_v1.5.1/pico-sdk/src/rp2_common/pico_async_context/async_context_base.c.obj
                0x10000674                async_context_base_add_when_pending_worker
 .text.async_context_base_remove_when_pending_worker
                0x10000698       0x28 CMakeFiles/core_temp_to_mqtt.dir/C_/Program_Files/Raspberry_Pi/Pico_SDK_v1.5.1/pico-sdk/src/rp2_common/pico_async_context/async_context_base.c.obj
                0x10000698                async_context_base_remove_when_pending_worker
 .text.async_context_base_execute_once
                0x100006c0       0xe8 CMakeFiles/core_temp_to_mqtt.dir/C_/Program_Files/Raspberry_Pi/Pico_SDK_v1.5.1/pico-sdk/src/rp2_common/pico_async_context/async_context_base.c.obj
                0x100006c0                async_context_base_execute_once
 .text.running_on_fpga
                0x100007a8       0x10 CMakeFiles/core_temp_to_mqtt.dir/C_/Program_Files/Raspberry_Pi/Pico_SDK_v1.5.1/pico-sdk/src/rp2_common/pico_platform/platform.c.obj
                0x100007a8                running_on_fpga
 .text.splitmix64
                0x100007b8       0x5c CMakeFiles/core_temp_to_mqtt.dir/C_/Program_Files/Raspberry_Pi/Pico_SDK_v1.5.1/pico-sdk/src/rp2_common/pico_rand/rand.c.obj
 .text.xoroshiro128ss
                0x10000814       0x90 CMakeFiles/core_temp_to_mqtt.dir/C_/Program_Files/Raspberry_Pi/Pico_SDK_v1.5.1/pico-sdk/src/rp2_common/pico_rand/rand.c.obj
 .text.get_rand_64
                0x100008a4      0x484 CMakeFiles/core_temp_to_mqtt.dir/C_/Program_Files/Raspberry_Pi/Pico_SDK_v1.5.1/pico-sdk/src/rp2_common/pico_rand/rand.c.obj
                0x100008a4                get_rand_64
 .text.get_rand_32
                0x10000d28        0x8 CMakeFiles/core_temp_to_mqtt.dir/C_/Program_Files/Raspberry_Pi/Pico_SDK_v1.5.1/pico-sdk/src/rp2_common/pico_rand/rand.c.obj
                0x10000d28                get_rand_32
 .text.startup._retrieve_unique_id_on_boot
                0x10000d30       0x10 CMakeFiles/core_temp_to_mqtt.dir/C_/Program_Files/Raspberry_Pi/Pico_SDK_v1.5.1/pico-sdk/src/rp2_common/pico_unique_id/unique_id.c.obj
 .text.pico_get_unique_board_id
                0x10000d40       0x10 CMakeFiles/core_temp_to_mqtt.dir/C_/Program_Files/Raspberry_Pi/Pico_SDK_v1.5.1/pico-sdk/src/rp2_common/pico_unique_id/unique_id.c.obj
                0x10000d40                pico_get_unique_board_id
 .text.pico_get_unique_board_id_string
                0x10000d50      0x1a8 CMakeFiles/core_temp_to_mqtt.dir/C_/Program_Files/Raspberry_Pi/Pico_SDK_v1.5.1/pico-sdk/src/rp2_common/pico_unique_id/unique_id.c.obj
                0x10000d50                pico_get_unique_board_id_string
 .text.flash_get_unique_id
                0x10000ef8       0x40 CMakeFiles/core_temp_to_mqtt.dir/C_/Program_Files/Raspberry_Pi/Pico_SDK_v1.5.1/pico-sdk/src/rp2_common/hardware_flash/flash.c.obj
                0x10000ef8                flash_get_unique_id
 .text.hw_claim_lock
                0x10000f38       0x18 CMakeFiles/core_temp_to_mqtt.dir/C_/Program_Files/Raspberry_Pi/Pico_SDK_v1.5.1/pico-sdk/src/rp2_common/hardware_claim/claim.c.obj
                0x10000f38                hw_claim_lock
 .text.hw_claim_unlock
                0x10000f50       0x14 CMakeFiles/core_temp_to_mqtt.dir/C_/Program_Files/Raspberry_Pi/Pico_SDK_v1.5.1/pico-sdk/src/rp2_common/hardware_claim/claim.c.obj
                0x10000f50                hw_claim_unlock
 .text.hw_claim_or_assert
                0x10000f64       0x44 CMakeFiles/core_temp_to_mqtt.dir/C_/Program_Files/Raspberry_Pi/Pico_SDK_v1.5.1/pico-sdk/src/rp2_common/hardware_claim/claim.c.obj
                0x10000f64                hw_claim_or_assert
 .text.hw_claim_unused_from_range
                0x10000fa8       0x9c CMakeFiles/core_temp_to_mqtt.dir/C_/Program_Files/Raspberry_Pi/Pico_SDK_v1.5.1/pico-sdk/src/rp2_common/hardware_claim/claim.c.obj
                0x10000fa8                hw_claim_unused_from_range
 .text.hw_claim_clear
                0x10001044       0x38 CMakeFiles/core_temp_to_mqtt.dir/C_/Program_Files/Raspberry_Pi/Pico_SDK_v1.5.1/pico-sdk/src/rp2_common/hardware_claim/claim.c.obj
                0x10001044                hw_claim_clear
 .text.spin_locks_reset
                0x1000107c       0x1c CMakeFiles/core_temp_to_mqtt.dir/C_/Program_Files/Raspberry_Pi/Pico_SDK_v1.5.1/pico-sdk/src/rp2_common/hardware_sync/sync.c.obj
                0x1000107c                spin_locks_reset
 .text.next_striped_spin_lock_num
                0x10001098       0x18 CMakeFiles/core_temp_to_mqtt.dir/C_/Program_Files/Raspberry_Pi/Pico_SDK_v1.5.1/pico-sdk/src/rp2_common/hardware_sync/sync.c.obj
                0x10001098                next_striped_spin_lock_num
 .text.spin_lock_claim_unused
                0x100010b0       0x20 CMakeFiles/core_temp_to_mqtt.dir/C_/Program_Files/Raspberry_Pi/Pico_SDK_v1.5.1/pico-sdk/src/rp2_common/hardware_sync/sync.c.obj
                0x100010b0                spin_lock_claim_unused
 .text.rom_func_lookup
                0x100010d0       0x10 CMakeFiles/core_temp_to_mqtt.dir/C_/Program_Files/Raspberry_Pi/Pico_SDK_v1.5.1/pico-sdk/src/rp2_common/pico_bootrom/bootrom.c.obj
                0x100010d0                rom_func_lookup
 .text.rom_data_lookup
                0x100010e0       0x10 CMakeFiles/core_temp_to_mqtt.dir/C_/Program_Files/Raspberry_Pi/Pico_SDK_v1.5.1/pico-sdk/src/rp2_common/pico_bootrom/bootrom.c.obj
                0x100010e0                rom_data_lookup
 .text.rom_funcs_lookup
                0x100010f0       0x44 CMakeFiles/core_temp_to_mqtt.dir/C_/Program_Files/Raspberry_Pi/Pico_SDK_v1.5.1/pico-sdk/src/rp2_common/pico_bootrom/bootrom.c.obj
                0x100010f0                rom_funcs_lookup
 .text.clocks_init
                0x10001134      0x2d0 CMakeFiles/core_temp_to_mqtt.dir/C_/Program_Files/Raspberry_Pi/Pico_SDK_v1.5.1/pico-sdk/src/rp2_common/hardware_clocks/clocks.c.obj
                0x10001134                clocks_init
 .text.clock_get_hz
                0x10001404        0xc CMakeFiles/core_temp_to_mqtt.dir/C_/Program_Files/Raspberry_Pi/Pico_SDK_v1.5.1/pico-sdk/src/rp2_common/hardware_clocks/clocks.c.obj
                0x10001404                clock_get_hz
 .text.gpio_set_function
                0x10001410       0x30 CMakeFiles/core_temp_to_mqtt.dir/C_/Program_Files/Raspberry_Pi/Pico_SDK_v1.5.1/pico-sdk/src/rp2_common/hardware_gpio/gpio.c.obj
                0x10001410                gpio_set_function
 .text.gpio_set_pulls
                0x10001440       0x30 CMakeFiles/core_temp_to_mqtt.dir/C_/Program_Files/Raspberry_Pi/Pico_SDK_v1.5.1/pico-sdk/src/rp2_common/hardware_gpio/gpio.c.obj
                0x10001440                gpio_set_pulls
 .text.gpio_set_input_hysteresis_enabled
                0x10001470       0x28 CMakeFiles/core_temp_to_mqtt.dir/C_/Program_Files/Raspberry_Pi/Pico_SDK_v1.5.1/pico-sdk/src/rp2_common/hardware_gpio/gpio.c.obj
                0x10001470                gpio_set_input_hysteresis_enabled
 .text.gpio_set_irq_enabled
                0x10001498       0x54 CMakeFiles/core_temp_to_mqtt.dir/C_/Program_Files/Raspberry_Pi/Pico_SDK_v1.5.1/pico-sdk/src/rp2_common/hardware_gpio/gpio.c.obj
                0x10001498                gpio_set_irq_enabled
 .text.gpio_add_raw_irq_handler_with_order_priority_masked
                0x100014ec       0x44 CMakeFiles/core_temp_to_mqtt.dir/C_/Program_Files/Raspberry_Pi/Pico_SDK_v1.5.1/pico-sdk/src/rp2_common/hardware_gpio/gpio.c.obj
                0x100014ec                gpio_add_raw_irq_handler_with_order_priority_masked
 .text.gpio_remove_raw_irq_handler_masked
                0x10001530       0x20 CMakeFiles/core_temp_to_mqtt.dir/C_/Program_Files/Raspberry_Pi/Pico_SDK_v1.5.1/pico-sdk/src/rp2_common/hardware_gpio/gpio.c.obj
                0x10001530                gpio_remove_raw_irq_handler_masked
 .text.gpio_init
                0x10001550       0x3c CMakeFiles/core_temp_to_mqtt.dir/C_/Program_Files/Raspberry_Pi/Pico_SDK_v1.5.1/pico-sdk/src/rp2_common/hardware_gpio/gpio.c.obj
                0x10001550                gpio_init
 .text.irq_set_enabled
                0x1000158c       0x24 CMakeFiles/core_temp_to_mqtt.dir/C_/Program_Files/Raspberry_Pi/Pico_SDK_v1.5.1/pico-sdk/src/rp2_common/hardware_irq/irq.c.obj
                0x1000158c                irq_set_enabled
 .text.irq_set_pending
                0x100015b0       0x10 CMakeFiles/core_temp_to_mqtt.dir/C_/Program_Files/Raspberry_Pi/Pico_SDK_v1.5.1/pico-sdk/src/rp2_common/hardware_irq/irq.c.obj
                0x100015b0                irq_set_pending
 .text.irq_has_shared_handler
                0x100015c0       0x2c CMakeFiles/core_temp_to_mqtt.dir/C_/Program_Files/Raspberry_Pi/Pico_SDK_v1.5.1/pico-sdk/src/rp2_common/hardware_irq/irq.c.obj
                0x100015c0                irq_has_shared_handler
 .text.irq_get_vtable_handler
                0x100015ec       0x10 CMakeFiles/core_temp_to_mqtt.dir/C_/Program_Files/Raspberry_Pi/Pico_SDK_v1.5.1/pico-sdk/src/rp2_common/hardware_irq/irq.c.obj
                0x100015ec                irq_get_vtable_handler
 .text.irq_set_exclusive_handler
                0x100015fc       0x54 CMakeFiles/core_temp_to_mqtt.dir/C_/Program_Files/Raspberry_Pi/Pico_SDK_v1.5.1/pico-sdk/src/rp2_common/hardware_irq/irq.c.obj
                0x100015fc                irq_set_exclusive_handler
 .text.irq_add_shared_handler
                0x10001650      0x1e8 CMakeFiles/core_temp_to_mqtt.dir/C_/Program_Files/Raspberry_Pi/Pico_SDK_v1.5.1/pico-sdk/src/rp2_common/hardware_irq/irq.c.obj
                0x10001650                irq_add_shared_handler
 .text.irq_remove_handler
                0x10001838      0x1b0 CMakeFiles/core_temp_to_mqtt.dir/C_/Program_Files/Raspberry_Pi/Pico_SDK_v1.5.1/pico-sdk/src/rp2_common/hardware_irq/irq.c.obj
                0x10001838                irq_remove_handler
 .text.irq_set_priority
                0x100019e8       0x28 CMakeFiles/core_temp_to_mqtt.dir/C_/Program_Files/Raspberry_Pi/Pico_SDK_v1.5.1/pico-sdk/src/rp2_common/hardware_irq/irq.c.obj
                0x100019e8                irq_set_priority
 .text.irq_add_tail_to_free_list
                0x10001a10       0xb4 CMakeFiles/core_temp_to_mqtt.dir/C_/Program_Files/Raspberry_Pi/Pico_SDK_v1.5.1/pico-sdk/src/rp2_common/hardware_irq/irq.c.obj
                0x10001a10                irq_add_tail_to_free_list
 .text.irq_init_priorities
                0x10001ac4       0x24 CMakeFiles/core_temp_to_mqtt.dir/C_/Program_Files/Raspberry_Pi/Pico_SDK_v1.5.1/pico-sdk/src/rp2_common/hardware_irq/irq.c.obj
                0x10001ac4                irq_init_priorities
 .text.user_irq_unclaim
                0x10001ae8       0x14 CMakeFiles/core_temp_to_mqtt.dir/C_/Program_Files/Raspberry_Pi/Pico_SDK_v1.5.1/pico-sdk/src/rp2_common/hardware_irq/irq.c.obj
                0x10001ae8                user_irq_unclaim
 .text.user_irq_claim_unused
                0x10001afc       0x28 CMakeFiles/core_temp_to_mqtt.dir/C_/Program_Files/Raspberry_Pi/Pico_SDK_v1.5.1/pico-sdk/src/rp2_common/hardware_irq/irq.c.obj
                0x10001afc                user_irq_claim_unused
 .text.sem_init
                0x10001b24       0x20 CMakeFiles/core_temp_to_mqtt.dir/C_/Program_Files/Raspberry_Pi/Pico_SDK_v1.5.1/pico-sdk/src/common/pico_sync/sem.c.obj
                0x10001b24                sem_init
 .text.lock_init
                0x10001b44       0x10 CMakeFiles/core_temp_to_mqtt.dir/C_/Program_Files/Raspberry_Pi/Pico_SDK_v1.5.1/pico-sdk/src/common/pico_sync/lock_core.c.obj
                0x10001b44                lock_init
 .text.mutex_init
                0x10001b54       0x1c CMakeFiles/core_temp_to_mqtt.dir/C_/Program_Files/Raspberry_Pi/Pico_SDK_v1.5.1/pico-sdk/src/common/pico_sync/mutex.c.obj
                0x10001b54                mutex_init
 .text.recursive_mutex_init
                0x10001b70       0x1c CMakeFiles/core_temp_to_mqtt.dir/C_/Program_Files/Raspberry_Pi/Pico_SDK_v1.5.1/pico-sdk/src/common/pico_sync/mutex.c.obj
                0x10001b70                recursive_mutex_init
 .text.critical_section_init
                0x10001b8c       0x20 CMakeFiles/core_temp_to_mqtt.dir/C_/Program_Files/Raspberry_Pi/Pico_SDK_v1.5.1/pico-sdk/src/common/pico_sync/critical_section.c.obj
                0x10001b8c                critical_section_init
 .text.critical_section_init_with_lock_num
                0x10001bac       0x14 CMakeFiles/core_temp_to_mqtt.dir/C_/Program_Files/Raspberry_Pi/Pico_SDK_v1.5.1/pico-sdk/src/common/pico_sync/critical_section.c.obj
                0x10001bac                critical_section_init_with_lock_num
 .text.timer_pool_entry_comparator
                0x10001bc0       0x34 CMakeFiles/core_temp_to_mqtt.dir/C_/Program_Files/Raspberry_Pi/Pico_SDK_v1.5.1/pico-sdk/src/common/pico_time/time.c.obj
                0x10001bc0                timer_pool_entry_comparator
 .text.sleep_until_callback
                0x10001bf4       0x30 CMakeFiles/core_temp_to_mqtt.dir/C_/Program_Files/Raspberry_Pi/Pico_SDK_v1.5.1/pico-sdk/src/common/pico_time/time.c.obj
 .text.add_alarm_under_lock.isra.0
                0x10001c24      0x100 CMakeFiles/core_temp_to_mqtt.dir/C_/Program_Files/Raspberry_Pi/Pico_SDK_v1.5.1/pico-sdk/src/common/pico_time/time.c.obj
 .text.alarm_pool_alarm_callback
                0x10001d24      0x1bc CMakeFiles/core_temp_to_mqtt.dir/C_/Program_Files/Raspberry_Pi/Pico_SDK_v1.5.1/pico-sdk/src/common/pico_time/time.c.obj
 .text.alarm_pool_init_default
                0x10001ee0       0x6c CMakeFiles/core_temp_to_mqtt.dir/C_/Program_Files/Raspberry_Pi/Pico_SDK_v1.5.1/pico-sdk/src/common/pico_time/time.c.obj
                0x10001ee0                alarm_pool_init_default
 .text.alarm_pool_get_default
                0x10001f4c        0x8 CMakeFiles/core_temp_to_mqtt.dir/C_/Program_Files/Raspberry_Pi/Pico_SDK_v1.5.1/pico-sdk/src/common/pico_time/time.c.obj
                0x10001f4c                alarm_pool_get_default
 .text.alarm_pool_add_alarm_at
                0x10001f54      0x178 CMakeFiles/core_temp_to_mqtt.dir/C_/Program_Files/Raspberry_Pi/Pico_SDK_v1.5.1/pico-sdk/src/common/pico_time/time.c.obj
                0x10001f54                alarm_pool_add_alarm_at
 .text.alarm_pool_cancel_alarm
                0x100020cc       0x78 CMakeFiles/core_temp_to_mqtt.dir/C_/Program_Files/Raspberry_Pi/Pico_SDK_v1.5.1/pico-sdk/src/common/pico_time/time.c.obj
                0x100020cc                alarm_pool_cancel_alarm
 .text.alarm_pool_core_num
                0x10002144        0x4 CMakeFiles/core_temp_to_mqtt.dir/C_/Program_Files/Raspberry_Pi/Pico_SDK_v1.5.1/pico-sdk/src/common/pico_time/time.c.obj
                0x10002144                alarm_pool_core_num
 .text.sleep_until
                0x10002148       0xc4 CMakeFiles/core_temp_to_mqtt.dir/C_/Program_Files/Raspberry_Pi/Pico_SDK_v1.5.1/pico-sdk/src/common/pico_time/time.c.obj
                0x10002148                sleep_until
 .text.sleep_ms
                0x1000220c       0x34 CMakeFiles/core_temp_to_mqtt.dir/C_/Program_Files/Raspberry_Pi/Pico_SDK_v1.5.1/pico-sdk/src/common/pico_time/time.c.obj
                0x1000220c                sleep_ms
 .text.best_effort_wfe_or_timeout
                0x10002240       0xd4 CMakeFiles/core_temp_to_mqtt.dir/C_/Program_Files/Raspberry_Pi/Pico_SDK_v1.5.1/pico-sdk/src/common/pico_time/time.c.obj
                0x10002240                best_effort_wfe_or_timeout
 .text.hardware_alarm_irq_handler
                0x10002314       0xbc CMakeFiles/core_temp_to_mqtt.dir/C_/Program_Files/Raspberry_Pi/Pico_SDK_v1.5.1/pico-sdk/src/rp2_common/hardware_timer/timer.c.obj
 .text.hardware_alarm_claim
                0x100023d0       0x18 CMakeFiles/core_temp_to_mqtt.dir/C_/Program_Files/Raspberry_Pi/Pico_SDK_v1.5.1/pico-sdk/src/rp2_common/hardware_timer/timer.c.obj
                0x100023d0                hardware_alarm_claim
 .text.time_us_64
                0x100023e8       0x14 CMakeFiles/core_temp_to_mqtt.dir/C_/Program_Files/Raspberry_Pi/Pico_SDK_v1.5.1/pico-sdk/src/rp2_common/hardware_timer/timer.c.obj
                0x100023e8                time_us_64
 .text.busy_wait_until
                0x100023fc       0x20 CMakeFiles/core_temp_to_mqtt.dir/C_/Program_Files/Raspberry_Pi/Pico_SDK_v1.5.1/pico-sdk/src/rp2_common/hardware_timer/timer.c.obj
                0x100023fc                busy_wait_until
 .text.hardware_alarm_set_callback
                0x1000241c       0x8c CMakeFiles/core_temp_to_mqtt.dir/C_/Program_Files/Raspberry_Pi/Pico_SDK_v1.5.1/pico-sdk/src/rp2_common/hardware_timer/timer.c.obj
                0x1000241c                hardware_alarm_set_callback
 .text.hardware_alarm_set_target
                0x100024a8       0xd4 CMakeFiles/core_temp_to_mqtt.dir/C_/Program_Files/Raspberry_Pi/Pico_SDK_v1.5.1/pico-sdk/src/rp2_common/hardware_timer/timer.c.obj
                0x100024a8                hardware_alarm_set_target
 .text.hardware_alarm_cancel
                0x1000257c       0x3c CMakeFiles/core_temp_to_mqtt.dir/C_/Program_Files/Raspberry_Pi/Pico_SDK_v1.5.1/pico-sdk/src/rp2_common/hardware_timer/timer.c.obj
                0x1000257c                hardware_alarm_cancel
 .text.ph_merge_nodes
                0x100025b8       0x68 CMakeFiles/core_temp_to_mqtt.dir/C_/Program_Files/Raspberry_Pi/Pico_SDK_v1.5.1/pico-sdk/src/common/pico_util/pheap.c.obj
 .text.ph_post_alloc_init
                0x10002620       0x3c CMakeFiles/core_temp_to_mqtt.dir/C_/Program_Files/Raspberry_Pi/Pico_SDK_v1.5.1/pico-sdk/src/common/pico_util/pheap.c.obj
                0x10002620                ph_post_alloc_init
 .text.ph_merge_two_pass
                0x1000265c       0x90 CMakeFiles/core_temp_to_mqtt.dir/C_/Program_Files/Raspberry_Pi/Pico_SDK_v1.5.1/pico-sdk/src/common/pico_util/pheap.c.obj
                0x1000265c                ph_merge_two_pass
 .text.ph_remove_any_head
                0x100026ec      0x100 CMakeFiles/core_temp_to_mqtt.dir/C_/Program_Files/Raspberry_Pi/Pico_SDK_v1.5.1/pico-sdk/src/common/pico_util/pheap.c.obj
 .text.ph_remove_head
                0x100027ec      0x104 CMakeFiles/core_temp_to_mqtt.dir/C_/Program_Files/Raspberry_Pi/Pico_SDK_v1.5.1/pico-sdk/src/common/pico_util/pheap.c.obj
                0x100027ec                ph_remove_head
 .text.ph_remove_and_free_node
                0x100028f0       0x7c CMakeFiles/core_temp_to_mqtt.dir/C_/Program_Files/Raspberry_Pi/Pico_SDK_v1.5.1/pico-sdk/src/common/pico_util/pheap.c.obj
                0x100028f0                ph_remove_and_free_node
 .text.pll_init
                0x1000296c       0xa0 CMakeFiles/core_temp_to_mqtt.dir/C_/Program_Files/Raspberry_Pi/Pico_SDK_v1.5.1/pico-sdk/src/rp2_common/hardware_pll/pll.c.obj
                0x1000296c                pll_init
 .text.watchdog_start_tick
                0x10002a0c       0x10 CMakeFiles/core_temp_to_mqtt.dir/C_/Program_Files/Raspberry_Pi/Pico_SDK_v1.5.1/pico-sdk/src/rp2_common/hardware_watchdog/watchdog.c.obj
                0x10002a0c                watchdog_start_tick
 .text.watchdog_reboot
                0x10002a1c       0x98 CMakeFiles/core_temp_to_mqtt.dir/C_/Program_Files/Raspberry_Pi/Pico_SDK_v1.5.1/pico-sdk/src/rp2_common/hardware_watchdog/watchdog.c.obj
                0x10002a1c                watchdog_reboot
 .text.xosc_init
                0x10002ab4       0x28 CMakeFiles/core_temp_to_mqtt.dir/C_/Program_Files/Raspberry_Pi/Pico_SDK_v1.5.1/pico-sdk/src/rp2_common/hardware_xosc/xosc.c.obj
                0x10002ab4                xosc_init
 .text.lwip_init
                0x10002adc       0x24 CMakeFiles/core_temp_to_mqtt.dir/C_/Program_Files/Raspberry_Pi/Pico_SDK_v1.5.1/pico-sdk/lib/lwip/src/core/init.c.obj
                0x10002adc                lwip_init
 .text.lwip_htons
                0x10002b00        0x8 CMakeFiles/core_temp_to_mqtt.dir/C_/Program_Files/Raspberry_Pi/Pico_SDK_v1.5.1/pico-sdk/lib/lwip/src/core/def.c.obj
                0x10002b00                lwip_htons
 .text.lwip_htonl
                0x10002b08        0x4 CMakeFiles/core_temp_to_mqtt.dir/C_/Program_Files/Raspberry_Pi/Pico_SDK_v1.5.1/pico-sdk/lib/lwip/src/core/def.c.obj
                0x10002b08                lwip_htonl
 .text.dns_call_found
                0x10002b0c      0x134 CMakeFiles/core_temp_to_mqtt.dir/C_/Program_Files/Raspberry_Pi/Pico_SDK_v1.5.1/pico-sdk/lib/lwip/src/core/dns.c.obj
 .text.dns_send.isra.0
                0x10002c40      0x168 CMakeFiles/core_temp_to_mqtt.dir/C_/Program_Files/Raspberry_Pi/Pico_SDK_v1.5.1/pico-sdk/lib/lwip/src/core/dns.c.obj
 .text.dns_init
                0x10002da8        0x4 CMakeFiles/core_temp_to_mqtt.dir/C_/Program_Files/Raspberry_Pi/Pico_SDK_v1.5.1/pico-sdk/lib/lwip/src/core/dns.c.obj
                0x10002da8                dns_init
 .text.dns_setserver
                0x10002dac       0x2c CMakeFiles/core_temp_to_mqtt.dir/C_/Program_Files/Raspberry_Pi/Pico_SDK_v1.5.1/pico-sdk/lib/lwip/src/core/dns.c.obj
                0x10002dac                dns_setserver
 .text.dns_tmr  0x10002dd8      0x138 CMakeFiles/core_temp_to_mqtt.dir/C_/Program_Files/Raspberry_Pi/Pico_SDK_v1.5.1/pico-sdk/lib/lwip/src/core/dns.c.obj
                0x10002dd8                dns_tmr
 .text.lwip_standard_chksum
                0x10002f10       0xd8 CMakeFiles/core_temp_to_mqtt.dir/C_/Program_Files/Raspberry_Pi/Pico_SDK_v1.5.1/pico-sdk/lib/lwip/src/core/inet_chksum.c.obj
                0x10002f10                lwip_standard_chksum
 .text.inet_chksum_pseudo
                0x10002fe8       0xb4 CMakeFiles/core_temp_to_mqtt.dir/C_/Program_Files/Raspberry_Pi/Pico_SDK_v1.5.1/pico-sdk/lib/lwip/src/core/inet_chksum.c.obj
                0x10002fe8                inet_chksum_pseudo
 .text.ip_chksum_pseudo
                0x1000309c       0x10 CMakeFiles/core_temp_to_mqtt.dir/C_/Program_Files/Raspberry_Pi/Pico_SDK_v1.5.1/pico-sdk/lib/lwip/src/core/inet_chksum.c.obj
                0x1000309c                ip_chksum_pseudo
 .text.inet_chksum
                0x100030ac        0xc CMakeFiles/core_temp_to_mqtt.dir/C_/Program_Files/Raspberry_Pi/Pico_SDK_v1.5.1/pico-sdk/lib/lwip/src/core/inet_chksum.c.obj
                0x100030ac                inet_chksum
 .text.inet_chksum_pbuf
                0x100030b8       0x6c CMakeFiles/core_temp_to_mqtt.dir/C_/Program_Files/Raspberry_Pi/Pico_SDK_v1.5.1/pico-sdk/lib/lwip/src/core/inet_chksum.c.obj
                0x100030b8                inet_chksum_pbuf
 .text.mem_init
                0x10003124       0x40 CMakeFiles/core_temp_to_mqtt.dir/C_/Program_Files/Raspberry_Pi/Pico_SDK_v1.5.1/pico-sdk/lib/lwip/src/core/mem.c.obj
                0x10003124                mem_init
 .text.mem_free
                0x10003164      0x11c CMakeFiles/core_temp_to_mqtt.dir/C_/Program_Files/Raspberry_Pi/Pico_SDK_v1.5.1/pico-sdk/lib/lwip/src/core/mem.c.obj
                0x10003164                mem_free
 .text.mem_trim
                0x10003280      0x110 CMakeFiles/core_temp_to_mqtt.dir/C_/Program_Files/Raspberry_Pi/Pico_SDK_v1.5.1/pico-sdk/lib/lwip/src/core/mem.c.obj
                0x10003280                mem_trim
 .text.mem_malloc
                0x10003390      0x120 CMakeFiles/core_temp_to_mqtt.dir/C_/Program_Files/Raspberry_Pi/Pico_SDK_v1.5.1/pico-sdk/lib/lwip/src/core/mem.c.obj
                0x10003390                mem_malloc
 .text.mem_calloc
                0x100034b0       0x28 CMakeFiles/core_temp_to_mqtt.dir/C_/Program_Files/Raspberry_Pi/Pico_SDK_v1.5.1/pico-sdk/lib/lwip/src/core/mem.c.obj
                0x100034b0                mem_calloc
 .text.memp_init
                0x100034d8       0x6c CMakeFiles/core_temp_to_mqtt.dir/C_/Program_Files/Raspberry_Pi/Pico_SDK_v1.5.1/pico-sdk/lib/lwip/src/core/memp.c.obj
                0x100034d8                memp_init
 .text.memp_malloc
                0x10003544       0x3c CMakeFiles/core_temp_to_mqtt.dir/C_/Program_Files/Raspberry_Pi/Pico_SDK_v1.5.1/pico-sdk/lib/lwip/src/core/memp.c.obj
                0x10003544                memp_malloc
 .text.memp_free
                0x10003580       0x38 CMakeFiles/core_temp_to_mqtt.dir/C_/Program_Files/Raspberry_Pi/Pico_SDK_v1.5.1/pico-sdk/lib/lwip/src/core/memp.c.obj
                0x10003580                memp_free
 .text.netif_null_output_ip4
                0x100035b8        0x8 CMakeFiles/core_temp_to_mqtt.dir/C_/Program_Files/Raspberry_Pi/Pico_SDK_v1.5.1/pico-sdk/lib/lwip/src/core/netif.c.obj
 .text.netif_do_set_ipaddr.isra.0
                0x100035c0       0x70 CMakeFiles/core_temp_to_mqtt.dir/C_/Program_Files/Raspberry_Pi/Pico_SDK_v1.5.1/pico-sdk/lib/lwip/src/core/netif.c.obj
 .text.netif_init
                0x10003630        0x4 CMakeFiles/core_temp_to_mqtt.dir/C_/Program_Files/Raspberry_Pi/Pico_SDK_v1.5.1/pico-sdk/lib/lwip/src/core/netif.c.obj
                0x10003630                netif_init
 .text.netif_add
                0x10003634      0x144 CMakeFiles/core_temp_to_mqtt.dir/C_/Program_Files/Raspberry_Pi/Pico_SDK_v1.5.1/pico-sdk/lib/lwip/src/core/netif.c.obj
                0x10003634                netif_add
 .text.netif_set_addr
                0x10003778       0xb8 CMakeFiles/core_temp_to_mqtt.dir/C_/Program_Files/Raspberry_Pi/Pico_SDK_v1.5.1/pico-sdk/lib/lwip/src/core/netif.c.obj
                0x10003778                netif_set_addr
 .text.netif_remove
                0x10003830       0x94 CMakeFiles/core_temp_to_mqtt.dir/C_/Program_Files/Raspberry_Pi/Pico_SDK_v1.5.1/pico-sdk/lib/lwip/src/core/netif.c.obj
                0x10003830                netif_remove
 .text.netif_set_default
                0x100038c4        0xc CMakeFiles/core_temp_to_mqtt.dir/C_/Program_Files/Raspberry_Pi/Pico_SDK_v1.5.1/pico-sdk/lib/lwip/src/core/netif.c.obj
                0x100038c4                netif_set_default
 .text.netif_set_up
                0x100038d0       0x40 CMakeFiles/core_temp_to_mqtt.dir/C_/Program_Files/Raspberry_Pi/Pico_SDK_v1.5.1/pico-sdk/lib/lwip/src/core/netif.c.obj
                0x100038d0                netif_set_up
 .text.netif_set_link_up
                0x10003910       0x44 CMakeFiles/core_temp_to_mqtt.dir/C_/Program_Files/Raspberry_Pi/Pico_SDK_v1.5.1/pico-sdk/lib/lwip/src/core/netif.c.obj
                0x10003910                netif_set_link_up
 .text.netif_set_link_down
                0x10003954       0x20 CMakeFiles/core_temp_to_mqtt.dir/C_/Program_Files/Raspberry_Pi/Pico_SDK_v1.5.1/pico-sdk/lib/lwip/src/core/netif.c.obj
                0x10003954                netif_set_link_down
 .text.netif_get_by_index
                0x10003974       0x2c CMakeFiles/core_temp_to_mqtt.dir/C_/Program_Files/Raspberry_Pi/Pico_SDK_v1.5.1/pico-sdk/lib/lwip/src/core/netif.c.obj
                0x10003974                netif_get_by_index
 .text.pbuf_free.part.0
                0x100039a0       0x7c CMakeFiles/core_temp_to_mqtt.dir/C_/Program_Files/Raspberry_Pi/Pico_SDK_v1.5.1/pico-sdk/lib/lwip/src/core/pbuf.c.obj
 .text.pbuf_free_ooseq
                0x10003a1c       0x34 CMakeFiles/core_temp_to_mqtt.dir/C_/Program_Files/Raspberry_Pi/Pico_SDK_v1.5.1/pico-sdk/lib/lwip/src/core/pbuf.c.obj
                0x10003a1c                pbuf_free_ooseq
 .text.pbuf_alloc
                0x10003a50      0x130 CMakeFiles/core_temp_to_mqtt.dir/C_/Program_Files/Raspberry_Pi/Pico_SDK_v1.5.1/pico-sdk/lib/lwip/src/core/pbuf.c.obj
                0x10003a50                pbuf_alloc
 .text.pbuf_realloc
                0x10003b80       0x88 CMakeFiles/core_temp_to_mqtt.dir/C_/Program_Files/Raspberry_Pi/Pico_SDK_v1.5.1/pico-sdk/lib/lwip/src/core/pbuf.c.obj
                0x10003b80                pbuf_realloc
 .text.pbuf_add_header
                0x10003c08       0x54 CMakeFiles/core_temp_to_mqtt.dir/C_/Program_Files/Raspberry_Pi/Pico_SDK_v1.5.1/pico-sdk/lib/lwip/src/core/pbuf.c.obj
                0x10003c08                pbuf_add_header
 .text.pbuf_remove_header
                0x10003c5c       0x44 CMakeFiles/core_temp_to_mqtt.dir/C_/Program_Files/Raspberry_Pi/Pico_SDK_v1.5.1/pico-sdk/lib/lwip/src/core/pbuf.c.obj
                0x10003c5c                pbuf_remove_header
 .text.pbuf_header_force
                0x10003ca0       0x74 CMakeFiles/core_temp_to_mqtt.dir/C_/Program_Files/Raspberry_Pi/Pico_SDK_v1.5.1/pico-sdk/lib/lwip/src/core/pbuf.c.obj
                0x10003ca0                pbuf_header_force
 .text.pbuf_free
                0x10003d14       0x18 CMakeFiles/core_temp_to_mqtt.dir/C_/Program_Files/Raspberry_Pi/Pico_SDK_v1.5.1/pico-sdk/lib/lwip/src/core/pbuf.c.obj
                0x10003d14                pbuf_free
 .text.pbuf_clen
                0x10003d2c       0x14 CMakeFiles/core_temp_to_mqtt.dir/C_/Program_Files/Raspberry_Pi/Pico_SDK_v1.5.1/pico-sdk/lib/lwip/src/core/pbuf.c.obj
                0x10003d2c                pbuf_clen
 .text.pbuf_ref
                0x10003d40       0x28 CMakeFiles/core_temp_to_mqtt.dir/C_/Program_Files/Raspberry_Pi/Pico_SDK_v1.5.1/pico-sdk/lib/lwip/src/core/pbuf.c.obj
                0x10003d40                pbuf_ref
 .text.pbuf_cat
                0x10003d68       0x3c CMakeFiles/core_temp_to_mqtt.dir/C_/Program_Files/Raspberry_Pi/Pico_SDK_v1.5.1/pico-sdk/lib/lwip/src/core/pbuf.c.obj
                0x10003d68                pbuf_cat
 .text.pbuf_chain
                0x10003da4       0x64 CMakeFiles/core_temp_to_mqtt.dir/C_/Program_Files/Raspberry_Pi/Pico_SDK_v1.5.1/pico-sdk/lib/lwip/src/core/pbuf.c.obj
                0x10003da4                pbuf_chain
 .text.pbuf_copy_partial_pbuf
                0x10003e08      0x13c CMakeFiles/core_temp_to_mqtt.dir/C_/Program_Files/Raspberry_Pi/Pico_SDK_v1.5.1/pico-sdk/lib/lwip/src/core/pbuf.c.obj
                0x10003e08                pbuf_copy_partial_pbuf
 .text.pbuf_copy
                0x10003f44       0x18 CMakeFiles/core_temp_to_mqtt.dir/C_/Program_Files/Raspberry_Pi/Pico_SDK_v1.5.1/pico-sdk/lib/lwip/src/core/pbuf.c.obj
                0x10003f44                pbuf_copy
 .text.pbuf_copy_partial
                0x10003f5c       0x70 CMakeFiles/core_temp_to_mqtt.dir/C_/Program_Files/Raspberry_Pi/Pico_SDK_v1.5.1/pico-sdk/lib/lwip/src/core/pbuf.c.obj
                0x10003f5c                pbuf_copy_partial
 .text.pbuf_get_contiguous
                0x10003fcc       0xa0 CMakeFiles/core_temp_to_mqtt.dir/C_/Program_Files/Raspberry_Pi/Pico_SDK_v1.5.1/pico-sdk/lib/lwip/src/core/pbuf.c.obj
                0x10003fcc                pbuf_get_contiguous
 .text.pbuf_take
                0x1000406c       0x78 CMakeFiles/core_temp_to_mqtt.dir/C_/Program_Files/Raspberry_Pi/Pico_SDK_v1.5.1/pico-sdk/lib/lwip/src/core/pbuf.c.obj
                0x1000406c                pbuf_take
 .text.pbuf_take_at
                0x100040e4       0xc0 CMakeFiles/core_temp_to_mqtt.dir/C_/Program_Files/Raspberry_Pi/Pico_SDK_v1.5.1/pico-sdk/lib/lwip/src/core/pbuf.c.obj
                0x100040e4                pbuf_take_at
 .text.pbuf_clone
                0x100041a4       0x30 CMakeFiles/core_temp_to_mqtt.dir/C_/Program_Files/Raspberry_Pi/Pico_SDK_v1.5.1/pico-sdk/lib/lwip/src/core/pbuf.c.obj
                0x100041a4                pbuf_clone
 .text.pbuf_get_at
                0x100041d4       0x20 CMakeFiles/core_temp_to_mqtt.dir/C_/Program_Files/Raspberry_Pi/Pico_SDK_v1.5.1/pico-sdk/lib/lwip/src/core/pbuf.c.obj
                0x100041d4                pbuf_get_at
 .text.pbuf_put_at
                0x100041f4       0x1c CMakeFiles/core_temp_to_mqtt.dir/C_/Program_Files/Raspberry_Pi/Pico_SDK_v1.5.1/pico-sdk/lib/lwip/src/core/pbuf.c.obj
                0x100041f4                pbuf_put_at
 .text.raw_input
                0x10004210       0xf0 CMakeFiles/core_temp_to_mqtt.dir/C_/Program_Files/Raspberry_Pi/Pico_SDK_v1.5.1/pico-sdk/lib/lwip/src/core/raw.c.obj
                0x10004210                raw_input
 .text.raw_netif_ip_addr_changed
                0x10004300       0x40 CMakeFiles/core_temp_to_mqtt.dir/C_/Program_Files/Raspberry_Pi/Pico_SDK_v1.5.1/pico-sdk/lib/lwip/src/core/raw.c.obj
                0x10004300                raw_netif_ip_addr_changed
 .text.stats_init
                0x10004340        0x4 CMakeFiles/core_temp_to_mqtt.dir/C_/Program_Files/Raspberry_Pi/Pico_SDK_v1.5.1/pico-sdk/lib/lwip/src/core/stats.c.obj
                0x10004340                stats_init
 .text.tcp_close_shutdown_fin
                0x10004344       0x58 CMakeFiles/core_temp_to_mqtt.dir/C_/Program_Files/Raspberry_Pi/Pico_SDK_v1.5.1/pico-sdk/lib/lwip/src/core/tcp.c.obj
 .text.tcp_pcb_purge.part.0
                0x1000439c       0xc4 CMakeFiles/core_temp_to_mqtt.dir/C_/Program_Files/Raspberry_Pi/Pico_SDK_v1.5.1/pico-sdk/lib/lwip/src/core/tcp.c.obj
 .text.tcp_init
                0x10004460       0x20 CMakeFiles/core_temp_to_mqtt.dir/C_/Program_Files/Raspberry_Pi/Pico_SDK_v1.5.1/pico-sdk/lib/lwip/src/core/tcp.c.obj
                0x10004460                tcp_init
 .text.tcp_free
                0x10004480       0x1c CMakeFiles/core_temp_to_mqtt.dir/C_/Program_Files/Raspberry_Pi/Pico_SDK_v1.5.1/pico-sdk/lib/lwip/src/core/tcp.c.obj
                0x10004480                tcp_free
 .text.tcp_bind
                0x1000449c       0xf8 CMakeFiles/core_temp_to_mqtt.dir/C_/Program_Files/Raspberry_Pi/Pico_SDK_v1.5.1/pico-sdk/lib/lwip/src/core/tcp.c.obj
                0x1000449c                tcp_bind
 .text.tcp_update_rcv_ann_wnd
                0x10004594       0x60 CMakeFiles/core_temp_to_mqtt.dir/C_/Program_Files/Raspberry_Pi/Pico_SDK_v1.5.1/pico-sdk/lib/lwip/src/core/tcp.c.obj
                0x10004594                tcp_update_rcv_ann_wnd
 .text.tcp_recved
                0x100045f4       0x98 CMakeFiles/core_temp_to_mqtt.dir/C_/Program_Files/Raspberry_Pi/Pico_SDK_v1.5.1/pico-sdk/lib/lwip/src/core/tcp.c.obj
                0x100045f4                tcp_recved
 .text.tcp_connect
                0x1000468c      0x1a8 CMakeFiles/core_temp_to_mqtt.dir/C_/Program_Files/Raspberry_Pi/Pico_SDK_v1.5.1/pico-sdk/lib/lwip/src/core/tcp.c.obj
                0x1000468c                tcp_connect
 .text.tcp_slowtmr
                0x10004834      0x4dc CMakeFiles/core_temp_to_mqtt.dir/C_/Program_Files/Raspberry_Pi/Pico_SDK_v1.5.1/pico-sdk/lib/lwip/src/core/tcp.c.obj
                0x10004834                tcp_slowtmr
 .text.tcp_segs_free
                0x10004d10       0x38 CMakeFiles/core_temp_to_mqtt.dir/C_/Program_Files/Raspberry_Pi/Pico_SDK_v1.5.1/pico-sdk/lib/lwip/src/core/tcp.c.obj
                0x10004d10                tcp_segs_free
 .text.tcp_seg_free
                0x10004d48       0x1c CMakeFiles/core_temp_to_mqtt.dir/C_/Program_Files/Raspberry_Pi/Pico_SDK_v1.5.1/pico-sdk/lib/lwip/src/core/tcp.c.obj
                0x10004d48                tcp_seg_free
 .text.tcp_seg_copy
                0x10004d64       0x2c CMakeFiles/core_temp_to_mqtt.dir/C_/Program_Files/Raspberry_Pi/Pico_SDK_v1.5.1/pico-sdk/lib/lwip/src/core/tcp.c.obj
                0x10004d64                tcp_seg_copy
 .text.tcp_arg  0x10004d90        0x8 CMakeFiles/core_temp_to_mqtt.dir/C_/Program_Files/Raspberry_Pi/Pico_SDK_v1.5.1/pico-sdk/lib/lwip/src/core/tcp.c.obj
                0x10004d90                tcp_arg
 .text.tcp_recv
                0x10004d98       0x1c CMakeFiles/core_temp_to_mqtt.dir/C_/Program_Files/Raspberry_Pi/Pico_SDK_v1.5.1/pico-sdk/lib/lwip/src/core/tcp.c.obj
                0x10004d98                tcp_recv
 .text.tcp_sent
                0x10004db4       0x1c CMakeFiles/core_temp_to_mqtt.dir/C_/Program_Files/Raspberry_Pi/Pico_SDK_v1.5.1/pico-sdk/lib/lwip/src/core/tcp.c.obj
                0x10004db4                tcp_sent
 .text.tcp_err  0x10004dd0       0x1c CMakeFiles/core_temp_to_mqtt.dir/C_/Program_Files/Raspberry_Pi/Pico_SDK_v1.5.1/pico-sdk/lib/lwip/src/core/tcp.c.obj
                0x10004dd0                tcp_err
 .text.tcp_poll
                0x10004dec       0x20 CMakeFiles/core_temp_to_mqtt.dir/C_/Program_Files/Raspberry_Pi/Pico_SDK_v1.5.1/pico-sdk/lib/lwip/src/core/tcp.c.obj
                0x10004dec                tcp_poll
 .text.tcp_pcb_purge
                0x10004e0c       0x18 CMakeFiles/core_temp_to_mqtt.dir/C_/Program_Files/Raspberry_Pi/Pico_SDK_v1.5.1/pico-sdk/lib/lwip/src/core/tcp.c.obj
                0x10004e0c                tcp_pcb_purge
 .text.tcp_pcb_remove
                0x10004e24       0xc8 CMakeFiles/core_temp_to_mqtt.dir/C_/Program_Files/Raspberry_Pi/Pico_SDK_v1.5.1/pico-sdk/lib/lwip/src/core/tcp.c.obj
                0x10004e24                tcp_pcb_remove
 .text.tcp_abandon
                0x10004eec      0x1ac CMakeFiles/core_temp_to_mqtt.dir/C_/Program_Files/Raspberry_Pi/Pico_SDK_v1.5.1/pico-sdk/lib/lwip/src/core/tcp.c.obj
                0x10004eec                tcp_abandon
 .text.tcp_abort
                0x10005098        0xc CMakeFiles/core_temp_to_mqtt.dir/C_/Program_Files/Raspberry_Pi/Pico_SDK_v1.5.1/pico-sdk/lib/lwip/src/core/tcp.c.obj
                0x10005098                tcp_abort
 .text.tcp_alloc
                0x100050a4      0x1cc CMakeFiles/core_temp_to_mqtt.dir/C_/Program_Files/Raspberry_Pi/Pico_SDK_v1.5.1/pico-sdk/lib/lwip/src/core/tcp.c.obj
                0x100050a4                tcp_alloc
 .text.tcp_new_ip_type
                0x10005270      0x1ac CMakeFiles/core_temp_to_mqtt.dir/C_/Program_Files/Raspberry_Pi/Pico_SDK_v1.5.1/pico-sdk/lib/lwip/src/core/tcp.c.obj
                0x10005270                tcp_new_ip_type
 .text.tcp_close_shutdown
                0x1000541c      0x18c CMakeFiles/core_temp_to_mqtt.dir/C_/Program_Files/Raspberry_Pi/Pico_SDK_v1.5.1/pico-sdk/lib/lwip/src/core/tcp.c.obj
 .text.tcp_recv_null
                0x100055a8       0xd4 CMakeFiles/core_temp_to_mqtt.dir/C_/Program_Files/Raspberry_Pi/Pico_SDK_v1.5.1/pico-sdk/lib/lwip/src/core/tcp.c.obj
                0x100055a8                tcp_recv_null
 .text.tcp_process_refused_data
                0x1000567c       0x78 CMakeFiles/core_temp_to_mqtt.dir/C_/Program_Files/Raspberry_Pi/Pico_SDK_v1.5.1/pico-sdk/lib/lwip/src/core/tcp.c.obj
                0x1000567c                tcp_process_refused_data
 .text.tcp_fasttmr
                0x100056f4       0x98 CMakeFiles/core_temp_to_mqtt.dir/C_/Program_Files/Raspberry_Pi/Pico_SDK_v1.5.1/pico-sdk/lib/lwip/src/core/tcp.c.obj
                0x100056f4                tcp_fasttmr
 .text.tcp_tmr  0x1000578c       0x20 CMakeFiles/core_temp_to_mqtt.dir/C_/Program_Files/Raspberry_Pi/Pico_SDK_v1.5.1/pico-sdk/lib/lwip/src/core/tcp.c.obj
                0x1000578c                tcp_tmr
 .text.tcp_close
                0x100057ac      0x174 CMakeFiles/core_temp_to_mqtt.dir/C_/Program_Files/Raspberry_Pi/Pico_SDK_v1.5.1/pico-sdk/lib/lwip/src/core/tcp.c.obj
                0x100057ac                tcp_close
 .text.tcp_next_iss
                0x10005920       0x28 CMakeFiles/core_temp_to_mqtt.dir/C_/Program_Files/Raspberry_Pi/Pico_SDK_v1.5.1/pico-sdk/lib/lwip/src/core/tcp.c.obj
                0x10005920                tcp_next_iss
 .text.tcp_eff_send_mss_netif
                0x10005948       0x38 CMakeFiles/core_temp_to_mqtt.dir/C_/Program_Files/Raspberry_Pi/Pico_SDK_v1.5.1/pico-sdk/lib/lwip/src/core/tcp.c.obj
                0x10005948                tcp_eff_send_mss_netif
 .text.tcp_netif_ip_addr_changed
                0x10005980       0x9c CMakeFiles/core_temp_to_mqtt.dir/C_/Program_Files/Raspberry_Pi/Pico_SDK_v1.5.1/pico-sdk/lib/lwip/src/core/tcp.c.obj
                0x10005980                tcp_netif_ip_addr_changed
 .text.tcp_free_ooseq
                0x10005a1c       0x40 CMakeFiles/core_temp_to_mqtt.dir/C_/Program_Files/Raspberry_Pi/Pico_SDK_v1.5.1/pico-sdk/lib/lwip/src/core/tcp.c.obj
                0x10005a1c                tcp_free_ooseq
 .text.tcp_parseopt
                0x10005a5c      0x190 CMakeFiles/core_temp_to_mqtt.dir/C_/Program_Files/Raspberry_Pi/Pico_SDK_v1.5.1/pico-sdk/lib/lwip/src/core/tcp_in.c.obj
 .text.tcp_oos_insert_segment
                0x10005bec       0xe0 CMakeFiles/core_temp_to_mqtt.dir/C_/Program_Files/Raspberry_Pi/Pico_SDK_v1.5.1/pico-sdk/lib/lwip/src/core/tcp_in.c.obj
 .text.tcp_free_acked_segments.constprop.0
                0x10005ccc       0xdc CMakeFiles/core_temp_to_mqtt.dir/C_/Program_Files/Raspberry_Pi/Pico_SDK_v1.5.1/pico-sdk/lib/lwip/src/core/tcp_in.c.obj
 .text.tcp_receive
                0x10005da8      0xa4c CMakeFiles/core_temp_to_mqtt.dir/C_/Program_Files/Raspberry_Pi/Pico_SDK_v1.5.1/pico-sdk/lib/lwip/src/core/tcp_in.c.obj
 .text.tcp_input
                0x100067f4      0xda4 CMakeFiles/core_temp_to_mqtt.dir/C_/Program_Files/Raspberry_Pi/Pico_SDK_v1.5.1/pico-sdk/lib/lwip/src/core/tcp_in.c.obj
                0x100067f4                tcp_input
 .text.tcp_trigger_input_pcb_close
                0x10007598       0x10 CMakeFiles/core_temp_to_mqtt.dir/C_/Program_Files/Raspberry_Pi/Pico_SDK_v1.5.1/pico-sdk/lib/lwip/src/core/tcp_in.c.obj
                0x10007598                tcp_trigger_input_pcb_close
 .text.tcp_create_segment
                0x100075a8       0xf8 CMakeFiles/core_temp_to_mqtt.dir/C_/Program_Files/Raspberry_Pi/Pico_SDK_v1.5.1/pico-sdk/lib/lwip/src/core/tcp_out.c.obj
 .text.tcp_output_control_segment
                0x100076a0       0xc0 CMakeFiles/core_temp_to_mqtt.dir/C_/Program_Files/Raspberry_Pi/Pico_SDK_v1.5.1/pico-sdk/lib/lwip/src/core/tcp_out.c.obj
 .text.tcp_output_alloc_header.constprop.0
                0x10007760       0xcc CMakeFiles/core_temp_to_mqtt.dir/C_/Program_Files/Raspberry_Pi/Pico_SDK_v1.5.1/pico-sdk/lib/lwip/src/core/tcp_out.c.obj
 .text.tcp_write
                0x1000782c      0x494 CMakeFiles/core_temp_to_mqtt.dir/C_/Program_Files/Raspberry_Pi/Pico_SDK_v1.5.1/pico-sdk/lib/lwip/src/core/tcp_out.c.obj
                0x1000782c                tcp_write
 .text.tcp_split_unsent_seg
                0x10007cc0      0x1c4 CMakeFiles/core_temp_to_mqtt.dir/C_/Program_Files/Raspberry_Pi/Pico_SDK_v1.5.1/pico-sdk/lib/lwip/src/core/tcp_out.c.obj
                0x10007cc0                tcp_split_unsent_seg
 .text.tcp_send_fin
                0x10007e84      0x12c CMakeFiles/core_temp_to_mqtt.dir/C_/Program_Files/Raspberry_Pi/Pico_SDK_v1.5.1/pico-sdk/lib/lwip/src/core/tcp_out.c.obj
                0x10007e84                tcp_send_fin
 .text.tcp_enqueue_flags
                0x10007fb0      0x124 CMakeFiles/core_temp_to_mqtt.dir/C_/Program_Files/Raspberry_Pi/Pico_SDK_v1.5.1/pico-sdk/lib/lwip/src/core/tcp_out.c.obj
                0x10007fb0                tcp_enqueue_flags
 .text.tcp_rexmit_rto_prepare
                0x100080d4       0x9c CMakeFiles/core_temp_to_mqtt.dir/C_/Program_Files/Raspberry_Pi/Pico_SDK_v1.5.1/pico-sdk/lib/lwip/src/core/tcp_out.c.obj
                0x100080d4                tcp_rexmit_rto_prepare
 .text.tcp_rexmit
                0x10008170       0x9c CMakeFiles/core_temp_to_mqtt.dir/C_/Program_Files/Raspberry_Pi/Pico_SDK_v1.5.1/pico-sdk/lib/lwip/src/core/tcp_out.c.obj
                0x10008170                tcp_rexmit
 .text.tcp_rexmit_fast
                0x1000820c       0x64 CMakeFiles/core_temp_to_mqtt.dir/C_/Program_Files/Raspberry_Pi/Pico_SDK_v1.5.1/pico-sdk/lib/lwip/src/core/tcp_out.c.obj
                0x1000820c                tcp_rexmit_fast
 .text.tcp_rst  0x10008270       0xe8 CMakeFiles/core_temp_to_mqtt.dir/C_/Program_Files/Raspberry_Pi/Pico_SDK_v1.5.1/pico-sdk/lib/lwip/src/core/tcp_out.c.obj
                0x10008270                tcp_rst
 .text.tcp_rst_netif
                0x10008358      0x130 CMakeFiles/core_temp_to_mqtt.dir/C_/Program_Files/Raspberry_Pi/Pico_SDK_v1.5.1/pico-sdk/lib/lwip/src/core/tcp_out.c.obj
                0x10008358                tcp_rst_netif
 .text.tcp_send_empty_ack
                0x10008488       0x54 CMakeFiles/core_temp_to_mqtt.dir/C_/Program_Files/Raspberry_Pi/Pico_SDK_v1.5.1/pico-sdk/lib/lwip/src/core/tcp_out.c.obj
                0x10008488                tcp_send_empty_ack
 .text.tcp_output
                0x100084dc      0x46c CMakeFiles/core_temp_to_mqtt.dir/C_/Program_Files/Raspberry_Pi/Pico_SDK_v1.5.1/pico-sdk/lib/lwip/src/core/tcp_out.c.obj
                0x100084dc                tcp_output
 .text.tcp_rexmit_rto_commit
                0x10008948       0x24 CMakeFiles/core_temp_to_mqtt.dir/C_/Program_Files/Raspberry_Pi/Pico_SDK_v1.5.1/pico-sdk/lib/lwip/src/core/tcp_out.c.obj
                0x10008948                tcp_rexmit_rto_commit
 .text.tcp_rexmit_rto
                0x1000896c       0xa4 CMakeFiles/core_temp_to_mqtt.dir/C_/Program_Files/Raspberry_Pi/Pico_SDK_v1.5.1/pico-sdk/lib/lwip/src/core/tcp_out.c.obj
                0x1000896c                tcp_rexmit_rto
 .text.tcp_keepalive
                0x10008a10       0xe0 CMakeFiles/core_temp_to_mqtt.dir/C_/Program_Files/Raspberry_Pi/Pico_SDK_v1.5.1/pico-sdk/lib/lwip/src/core/tcp_out.c.obj
                0x10008a10                tcp_keepalive
 .text.tcp_zero_window_probe
                0x10008af0      0x108 CMakeFiles/core_temp_to_mqtt.dir/C_/Program_Files/Raspberry_Pi/Pico_SDK_v1.5.1/pico-sdk/lib/lwip/src/core/tcp_out.c.obj
                0x10008af0                tcp_zero_window_probe
 .text.sys_timeout_abs
                0x10008bf8       0x48 CMakeFiles/core_temp_to_mqtt.dir/C_/Program_Files/Raspberry_Pi/Pico_SDK_v1.5.1/pico-sdk/lib/lwip/src/core/timeouts.c.obj
 .text.lwip_cyclic_timer
                0x10008c40       0x38 CMakeFiles/core_temp_to_mqtt.dir/C_/Program_Files/Raspberry_Pi/Pico_SDK_v1.5.1/pico-sdk/lib/lwip/src/core/timeouts.c.obj
 .text.tcpip_tcp_timer
                0x10008c78       0x3c CMakeFiles/core_temp_to_mqtt.dir/C_/Program_Files/Raspberry_Pi/Pico_SDK_v1.5.1/pico-sdk/lib/lwip/src/core/timeouts.c.obj
 .text.tcp_timer_needed
                0x10008cb4       0x40 CMakeFiles/core_temp_to_mqtt.dir/C_/Program_Files/Raspberry_Pi/Pico_SDK_v1.5.1/pico-sdk/lib/lwip/src/core/timeouts.c.obj
                0x10008cb4                tcp_timer_needed
 .text.sys_timeouts_init
                0x10008cf4       0x90 CMakeFiles/core_temp_to_mqtt.dir/C_/Program_Files/Raspberry_Pi/Pico_SDK_v1.5.1/pico-sdk/lib/lwip/src/core/timeouts.c.obj
                0x10008cf4                sys_timeouts_init
 .text.sys_timeout
                0x10008d84       0x60 CMakeFiles/core_temp_to_mqtt.dir/C_/Program_Files/Raspberry_Pi/Pico_SDK_v1.5.1/pico-sdk/lib/lwip/src/core/timeouts.c.obj
                0x10008d84                sys_timeout
 .text.sys_untimeout
                0x10008de4       0x40 CMakeFiles/core_temp_to_mqtt.dir/C_/Program_Files/Raspberry_Pi/Pico_SDK_v1.5.1/pico-sdk/lib/lwip/src/core/timeouts.c.obj
                0x10008de4                sys_untimeout
 .text.sys_check_timeouts
                0x10008e24       0x68 CMakeFiles/core_temp_to_mqtt.dir/C_/Program_Files/Raspberry_Pi/Pico_SDK_v1.5.1/pico-sdk/lib/lwip/src/core/timeouts.c.obj
                0x10008e24                sys_check_timeouts
 .text.sys_timeouts_sleeptime
                0x10008e8c       0x28 CMakeFiles/core_temp_to_mqtt.dir/C_/Program_Files/Raspberry_Pi/Pico_SDK_v1.5.1/pico-sdk/lib/lwip/src/core/timeouts.c.obj
                0x10008e8c                sys_timeouts_sleeptime
 .text.udp_init
                0x10008eb4       0x20 CMakeFiles/core_temp_to_mqtt.dir/C_/Program_Files/Raspberry_Pi/Pico_SDK_v1.5.1/pico-sdk/lib/lwip/src/core/udp.c.obj
                0x10008eb4                udp_init
 .text.udp_input
                0x10008ed4      0x24c CMakeFiles/core_temp_to_mqtt.dir/C_/Program_Files/Raspberry_Pi/Pico_SDK_v1.5.1/pico-sdk/lib/lwip/src/core/udp.c.obj
                0x10008ed4                udp_input
 .text.udp_bind
                0x10009120      0x10c CMakeFiles/core_temp_to_mqtt.dir/C_/Program_Files/Raspberry_Pi/Pico_SDK_v1.5.1/pico-sdk/lib/lwip/src/core/udp.c.obj
                0x10009120                udp_bind
 .text.udp_sendto_if_src
                0x1000922c      0x130 CMakeFiles/core_temp_to_mqtt.dir/C_/Program_Files/Raspberry_Pi/Pico_SDK_v1.5.1/pico-sdk/lib/lwip/src/core/udp.c.obj
                0x1000922c                udp_sendto_if_src
 .text.udp_sendto_if
                0x1000935c       0x48 CMakeFiles/core_temp_to_mqtt.dir/C_/Program_Files/Raspberry_Pi/Pico_SDK_v1.5.1/pico-sdk/lib/lwip/src/core/udp.c.obj
                0x1000935c                udp_sendto_if
 .text.udp_sendto
                0x100093a4       0x7c CMakeFiles/core_temp_to_mqtt.dir/C_/Program_Files/Raspberry_Pi/Pico_SDK_v1.5.1/pico-sdk/lib/lwip/src/core/udp.c.obj
                0x100093a4                udp_sendto
 .text.udp_connect
                0x10009420       0x64 CMakeFiles/core_temp_to_mqtt.dir/C_/Program_Files/Raspberry_Pi/Pico_SDK_v1.5.1/pico-sdk/lib/lwip/src/core/udp.c.obj
                0x10009420                udp_connect
 .text.udp_recv
                0x10009484        0xc CMakeFiles/core_temp_to_mqtt.dir/C_/Program_Files/Raspberry_Pi/Pico_SDK_v1.5.1/pico-sdk/lib/lwip/src/core/udp.c.obj
                0x10009484                udp_recv
 .text.udp_remove
                0x10009490       0x3c CMakeFiles/core_temp_to_mqtt.dir/C_/Program_Files/Raspberry_Pi/Pico_SDK_v1.5.1/pico-sdk/lib/lwip/src/core/udp.c.obj
                0x10009490                udp_remove
 .text.udp_new  0x100094cc       0x1c CMakeFiles/core_temp_to_mqtt.dir/C_/Program_Files/Raspberry_Pi/Pico_SDK_v1.5.1/pico-sdk/lib/lwip/src/core/udp.c.obj
                0x100094cc                udp_new
 .text.udp_netif_ip_addr_changed
                0x100094e8       0x40 CMakeFiles/core_temp_to_mqtt.dir/C_/Program_Files/Raspberry_Pi/Pico_SDK_v1.5.1/pico-sdk/lib/lwip/src/core/udp.c.obj
                0x100094e8                udp_netif_ip_addr_changed
 .text.dhcp_create_msg
                0x10009528      0x16c CMakeFiles/core_temp_to_mqtt.dir/C_/Program_Files/Raspberry_Pi/Pico_SDK_v1.5.1/pico-sdk/lib/lwip/src/core/ipv4/dhcp.c.obj
 .text.dhcp_inc_pcb_refcount
                0x10009694       0x6c CMakeFiles/core_temp_to_mqtt.dir/C_/Program_Files/Raspberry_Pi/Pico_SDK_v1.5.1/pico-sdk/lib/lwip/src/core/ipv4/dhcp.c.obj
 .text.dhcp_bind
                0x10009700      0x140 CMakeFiles/core_temp_to_mqtt.dir/C_/Program_Files/Raspberry_Pi/Pico_SDK_v1.5.1/pico-sdk/lib/lwip/src/core/ipv4/dhcp.c.obj
 .text.dhcp_option_hostname.isra.0
                0x10009840       0x8c CMakeFiles/core_temp_to_mqtt.dir/C_/Program_Files/Raspberry_Pi/Pico_SDK_v1.5.1/pico-sdk/lib/lwip/src/core/ipv4/dhcp.c.obj
 .text.dhcp_handle_ack.isra.0
                0x100098cc       0xcc CMakeFiles/core_temp_to_mqtt.dir/C_/Program_Files/Raspberry_Pi/Pico_SDK_v1.5.1/pico-sdk/lib/lwip/src/core/ipv4/dhcp.c.obj
 .text.dhcp_reboot.isra.0
                0x10009998      0x1e4 CMakeFiles/core_temp_to_mqtt.dir/C_/Program_Files/Raspberry_Pi/Pico_SDK_v1.5.1/pico-sdk/lib/lwip/src/core/ipv4/dhcp.c.obj
 .text.dhcp_discover
                0x10009b7c      0x198 CMakeFiles/core_temp_to_mqtt.dir/C_/Program_Files/Raspberry_Pi/Pico_SDK_v1.5.1/pico-sdk/lib/lwip/src/core/ipv4/dhcp.c.obj
 .text.dhcp_select.isra.0
                0x10009d14      0x268 CMakeFiles/core_temp_to_mqtt.dir/C_/Program_Files/Raspberry_Pi/Pico_SDK_v1.5.1/pico-sdk/lib/lwip/src/core/ipv4/dhcp.c.obj
 .text.dhcp_recv
                0x10009f7c      0x494 CMakeFiles/core_temp_to_mqtt.dir/C_/Program_Files/Raspberry_Pi/Pico_SDK_v1.5.1/pico-sdk/lib/lwip/src/core/ipv4/dhcp.c.obj
 .text.dhcp_set_struct
                0x1000a410       0x44 CMakeFiles/core_temp_to_mqtt.dir/C_/Program_Files/Raspberry_Pi/Pico_SDK_v1.5.1/pico-sdk/lib/lwip/src/core/ipv4/dhcp.c.obj
                0x1000a410                dhcp_set_struct
 .text.dhcp_network_changed_link_up
                0x1000a454       0x40 CMakeFiles/core_temp_to_mqtt.dir/C_/Program_Files/Raspberry_Pi/Pico_SDK_v1.5.1/pico-sdk/lib/lwip/src/core/ipv4/dhcp.c.obj
                0x1000a454                dhcp_network_changed_link_up
 .text.dhcp_renew
                0x1000a494      0x1b8 CMakeFiles/core_temp_to_mqtt.dir/C_/Program_Files/Raspberry_Pi/Pico_SDK_v1.5.1/pico-sdk/lib/lwip/src/core/ipv4/dhcp.c.obj
                0x1000a494                dhcp_renew
 .text.dhcp_release_and_stop
                0x1000a64c      0x180 CMakeFiles/core_temp_to_mqtt.dir/C_/Program_Files/Raspberry_Pi/Pico_SDK_v1.5.1/pico-sdk/lib/lwip/src/core/ipv4/dhcp.c.obj
                0x1000a64c                dhcp_release_and_stop
 .text.dhcp_start
                0x1000a7cc       0xb0 CMakeFiles/core_temp_to_mqtt.dir/C_/Program_Files/Raspberry_Pi/Pico_SDK_v1.5.1/pico-sdk/lib/lwip/src/core/ipv4/dhcp.c.obj
                0x1000a7cc                dhcp_start
 .text.dhcp_coarse_tmr
                0x1000a87c      0x238 CMakeFiles/core_temp_to_mqtt.dir/C_/Program_Files/Raspberry_Pi/Pico_SDK_v1.5.1/pico-sdk/lib/lwip/src/core/ipv4/dhcp.c.obj
                0x1000a87c                dhcp_coarse_tmr
 .text.dhcp_fine_tmr
                0x1000aab4       0x78 CMakeFiles/core_temp_to_mqtt.dir/C_/Program_Files/Raspberry_Pi/Pico_SDK_v1.5.1/pico-sdk/lib/lwip/src/core/ipv4/dhcp.c.obj
                0x1000aab4                dhcp_fine_tmr
 .text.dhcp_stop
                0x1000ab2c      0x180 CMakeFiles/core_temp_to_mqtt.dir/C_/Program_Files/Raspberry_Pi/Pico_SDK_v1.5.1/pico-sdk/lib/lwip/src/core/ipv4/dhcp.c.obj
                0x1000ab2c                dhcp_stop
 .text.etharp_find_entry
                0x1000acac     0x1fbc CMakeFiles/core_temp_to_mqtt.dir/C_/Program_Files/Raspberry_Pi/Pico_SDK_v1.5.1/pico-sdk/lib/lwip/src/core/ipv4/etharp.c.obj
 .text.etharp_raw
                0x1000cc68       0xec CMakeFiles/core_temp_to_mqtt.dir/C_/Program_Files/Raspberry_Pi/Pico_SDK_v1.5.1/pico-sdk/lib/lwip/src/core/ipv4/etharp.c.obj
 .text.etharp_output_to_arp_index
                0x1000cd54       0xe4 CMakeFiles/core_temp_to_mqtt.dir/C_/Program_Files/Raspberry_Pi/Pico_SDK_v1.5.1/pico-sdk/lib/lwip/src/core/ipv4/etharp.c.obj
 .text.etharp_tmr
                0x1000ce38       0x94 CMakeFiles/core_temp_to_mqtt.dir/C_/Program_Files/Raspberry_Pi/Pico_SDK_v1.5.1/pico-sdk/lib/lwip/src/core/ipv4/etharp.c.obj
                0x1000ce38                etharp_tmr
 .text.etharp_cleanup_netif
                0x1000cecc      0x188 CMakeFiles/core_temp_to_mqtt.dir/C_/Program_Files/Raspberry_Pi/Pico_SDK_v1.5.1/pico-sdk/lib/lwip/src/core/ipv4/etharp.c.obj
                0x1000cecc                etharp_cleanup_netif
 .text.etharp_input
                0x1000d054      0x1b0 CMakeFiles/core_temp_to_mqtt.dir/C_/Program_Files/Raspberry_Pi/Pico_SDK_v1.5.1/pico-sdk/lib/lwip/src/core/ipv4/etharp.c.obj
                0x1000d054                etharp_input
 .text.etharp_query
                0x1000d204      0x1c0 CMakeFiles/core_temp_to_mqtt.dir/C_/Program_Files/Raspberry_Pi/Pico_SDK_v1.5.1/pico-sdk/lib/lwip/src/core/ipv4/etharp.c.obj
                0x1000d204                etharp_query
 .text.etharp_output
                0x1000d3c4      0x24c CMakeFiles/core_temp_to_mqtt.dir/C_/Program_Files/Raspberry_Pi/Pico_SDK_v1.5.1/pico-sdk/lib/lwip/src/core/ipv4/etharp.c.obj
                0x1000d3c4                etharp_output
 .text.etharp_request
                0x1000d610       0x2c CMakeFiles/core_temp_to_mqtt.dir/C_/Program_Files/Raspberry_Pi/Pico_SDK_v1.5.1/pico-sdk/lib/lwip/src/core/ipv4/etharp.c.obj
                0x1000d610                etharp_request
 .text.icmp_input
                0x1000d63c      0x1e8 CMakeFiles/core_temp_to_mqtt.dir/C_/Program_Files/Raspberry_Pi/Pico_SDK_v1.5.1/pico-sdk/lib/lwip/src/core/ipv4/icmp.c.obj
                0x1000d63c                icmp_input
 .text.icmp_dest_unreach
                0x1000d824       0xd0 CMakeFiles/core_temp_to_mqtt.dir/C_/Program_Files/Raspberry_Pi/Pico_SDK_v1.5.1/pico-sdk/lib/lwip/src/core/ipv4/icmp.c.obj
                0x1000d824                icmp_dest_unreach
 .text.icmp_time_exceeded
                0x1000d8f4       0xd0 CMakeFiles/core_temp_to_mqtt.dir/C_/Program_Files/Raspberry_Pi/Pico_SDK_v1.5.1/pico-sdk/lib/lwip/src/core/ipv4/icmp.c.obj
                0x1000d8f4                icmp_time_exceeded
 .text.ip_reass_free_complete_datagram
                0x1000d9c4      0x114 CMakeFiles/core_temp_to_mqtt.dir/C_/Program_Files/Raspberry_Pi/Pico_SDK_v1.5.1/pico-sdk/lib/lwip/src/core/ipv4/ip4_frag.c.obj
 .text.ip_reass_remove_oldest_datagram
                0x1000dad8       0xd8 CMakeFiles/core_temp_to_mqtt.dir/C_/Program_Files/Raspberry_Pi/Pico_SDK_v1.5.1/pico-sdk/lib/lwip/src/core/ipv4/ip4_frag.c.obj
 .text.ip_reass_tmr
                0x1000dbb0       0x38 CMakeFiles/core_temp_to_mqtt.dir/C_/Program_Files/Raspberry_Pi/Pico_SDK_v1.5.1/pico-sdk/lib/lwip/src/core/ipv4/ip4_frag.c.obj
                0x1000dbb0                ip_reass_tmr
 .text.ip4_reass
                0x1000dbe8      0x534 CMakeFiles/core_temp_to_mqtt.dir/C_/Program_Files/Raspberry_Pi/Pico_SDK_v1.5.1/pico-sdk/lib/lwip/src/core/ipv4/ip4_frag.c.obj
                0x1000dbe8                ip4_reass
 .text.ip4_frag
                0x1000e11c      0x17c CMakeFiles/core_temp_to_mqtt.dir/C_/Program_Files/Raspberry_Pi/Pico_SDK_v1.5.1/pico-sdk/lib/lwip/src/core/ipv4/ip4_frag.c.obj
                0x1000e11c                ip4_frag
 .text.ip4_route
                0x1000e298       0x7c CMakeFiles/core_temp_to_mqtt.dir/C_/Program_Files/Raspberry_Pi/Pico_SDK_v1.5.1/pico-sdk/lib/lwip/src/core/ipv4/ip4.c.obj
                0x1000e298                ip4_route
 .text.ip4_input
                0x1000e314      0x2cc CMakeFiles/core_temp_to_mqtt.dir/C_/Program_Files/Raspberry_Pi/Pico_SDK_v1.5.1/pico-sdk/lib/lwip/src/core/ipv4/ip4.c.obj
                0x1000e314                ip4_input
 .text.ip4_output_if
                0x1000e5e0      0x190 CMakeFiles/core_temp_to_mqtt.dir/C_/Program_Files/Raspberry_Pi/Pico_SDK_v1.5.1/pico-sdk/lib/lwip/src/core/ipv4/ip4.c.obj
                0x1000e5e0                ip4_output_if
 .text.ip4_output_if_src
                0x1000e770      0x17c CMakeFiles/core_temp_to_mqtt.dir/C_/Program_Files/Raspberry_Pi/Pico_SDK_v1.5.1/pico-sdk/lib/lwip/src/core/ipv4/ip4.c.obj
                0x1000e770                ip4_output_if_src
 .text.ip4_addr_isbroadcast_u32
                0x1000e8ec       0x3c CMakeFiles/core_temp_to_mqtt.dir/C_/Program_Files/Raspberry_Pi/Pico_SDK_v1.5.1/pico-sdk/lib/lwip/src/core/ipv4/ip4_addr.c.obj
                0x1000e8ec                ip4_addr_isbroadcast_u32
 .text.ip4addr_aton
                0x1000e928      0x188 CMakeFiles/core_temp_to_mqtt.dir/C_/Program_Files/Raspberry_Pi/Pico_SDK_v1.5.1/pico-sdk/lib/lwip/src/core/ipv4/ip4_addr.c.obj
                0x1000e928                ip4addr_aton
 .text.ethernet_input
                0x1000eab0       0xd0 CMakeFiles/core_temp_to_mqtt.dir/C_/Program_Files/Raspberry_Pi/Pico_SDK_v1.5.1/pico-sdk/lib/lwip/src/netif/ethernet.c.obj
                0x1000eab0                ethernet_input
 .text.ethernet_output
                0x1000eb80       0x6c CMakeFiles/core_temp_to_mqtt.dir/C_/Program_Files/Raspberry_Pi/Pico_SDK_v1.5.1/pico-sdk/lib/lwip/src/netif/ethernet.c.obj
                0x1000eb80                ethernet_output
 .text.cyw43_arch_wifi_connect_bssid_until.part.0
                0x1000ebec       0xd8 CMakeFiles/core_temp_to_mqtt.dir/C_/Program_Files/Raspberry_Pi/Pico_SDK_v1.5.1/pico-sdk/src/rp2_common/pico_cyw43_arch/cyw43_arch.c.obj
 .text.cyw43_arch_set_async_context
                0x1000ecc4        0xc CMakeFiles/core_temp_to_mqtt.dir/C_/Program_Files/Raspberry_Pi/Pico_SDK_v1.5.1/pico-sdk/src/rp2_common/pico_cyw43_arch/cyw43_arch.c.obj
                0x1000ecc4                cyw43_arch_set_async_context
 .text.cyw43_arch_enable_sta_mode
                0x1000ecd0       0x1c CMakeFiles/core_temp_to_mqtt.dir/C_/Program_Files/Raspberry_Pi/Pico_SDK_v1.5.1/pico-sdk/src/rp2_common/pico_cyw43_arch/cyw43_arch.c.obj
                0x1000ecd0                cyw43_arch_enable_sta_mode
 .text.cyw43_arch_wifi_connect_timeout_ms
                0x1000ecec       0x9c CMakeFiles/core_temp_to_mqtt.dir/C_/Program_Files/Raspberry_Pi/Pico_SDK_v1.5.1/pico-sdk/src/rp2_common/pico_cyw43_arch/cyw43_arch.c.obj
                0x1000ecec                cyw43_arch_wifi_connect_timeout_ms
 .text.cyw43_arch_async_context
                0x1000ed88        0xc CMakeFiles/core_temp_to_mqtt.dir/C_/Program_Files/Raspberry_Pi/Pico_SDK_v1.5.1/pico-sdk/src/rp2_common/pico_cyw43_arch/cyw43_arch.c.obj
                0x1000ed88                cyw43_arch_async_context
 .text.cyw43_arch_init
                0x1000ed94       0x80 CMakeFiles/core_temp_to_mqtt.dir/C_/Program_Files/Raspberry_Pi/Pico_SDK_v1.5.1/pico-sdk/src/rp2_common/pico_cyw43_arch/cyw43_arch_threadsafe_background.c.obj
                0x1000ed94                cyw43_arch_init
 .text.ns_delay.constprop.0
                0x1000ee14       0x20 CMakeFiles/core_temp_to_mqtt.dir/C_/Program_Files/Raspberry_Pi/Pico_SDK_v1.5.1/pico-sdk/src/rp2_common/pico_cyw43_driver/cyw43_bus_pio_spi.c.obj
 .text.cyw43_spi_deinit
                0x1000ee34       0x7c CMakeFiles/core_temp_to_mqtt.dir/C_/Program_Files/Raspberry_Pi/Pico_SDK_v1.5.1/pico-sdk/src/rp2_common/pico_cyw43_driver/cyw43_bus_pio_spi.c.obj
                0x1000ee34                cyw43_spi_deinit
 .text.cyw43_spi_init
                0x1000eeb0      0x154 CMakeFiles/core_temp_to_mqtt.dir/C_/Program_Files/Raspberry_Pi/Pico_SDK_v1.5.1/pico-sdk/src/rp2_common/pico_cyw43_driver/cyw43_bus_pio_spi.c.obj
                0x1000eeb0                cyw43_spi_init
 .text.cyw43_spi_transfer
                0x1000f004      0x430 CMakeFiles/core_temp_to_mqtt.dir/C_/Program_Files/Raspberry_Pi/Pico_SDK_v1.5.1/pico-sdk/src/rp2_common/pico_cyw43_driver/cyw43_bus_pio_spi.c.obj
                0x1000f004                cyw43_spi_transfer
 .text.cyw43_spi_gpio_setup
                0x1000f434       0x3c CMakeFiles/core_temp_to_mqtt.dir/C_/Program_Files/Raspberry_Pi/Pico_SDK_v1.5.1/pico-sdk/src/rp2_common/pico_cyw43_driver/cyw43_bus_pio_spi.c.obj
                0x1000f434                cyw43_spi_gpio_setup
 .text.cyw43_spi_reset
                0x1000f470       0x28 CMakeFiles/core_temp_to_mqtt.dir/C_/Program_Files/Raspberry_Pi/Pico_SDK_v1.5.1/pico-sdk/src/rp2_common/pico_cyw43_driver/cyw43_bus_pio_spi.c.obj
                0x1000f470                cyw43_spi_reset
 .text.read_reg_u32_swap
                0x1000f498       0x3c CMakeFiles/core_temp_to_mqtt.dir/C_/Program_Files/Raspberry_Pi/Pico_SDK_v1.5.1/pico-sdk/src/rp2_common/pico_cyw43_driver/cyw43_bus_pio_spi.c.obj
                0x1000f498                read_reg_u32_swap
 .text.cyw43_read_reg_u32
                0x1000f4d4       0x6c CMakeFiles/core_temp_to_mqtt.dir/C_/Program_Files/Raspberry_Pi/Pico_SDK_v1.5.1/pico-sdk/src/rp2_common/pico_cyw43_driver/cyw43_bus_pio_spi.c.obj
                0x1000f4d4                cyw43_read_reg_u32
 .text.cyw43_read_reg_u16
                0x1000f540       0x6c CMakeFiles/core_temp_to_mqtt.dir/C_/Program_Files/Raspberry_Pi/Pico_SDK_v1.5.1/pico-sdk/src/rp2_common/pico_cyw43_driver/cyw43_bus_pio_spi.c.obj
                0x1000f540                cyw43_read_reg_u16
 .text.cyw43_read_reg_u8
                0x1000f5ac       0x6c CMakeFiles/core_temp_to_mqtt.dir/C_/Program_Files/Raspberry_Pi/Pico_SDK_v1.5.1/pico-sdk/src/rp2_common/pico_cyw43_driver/cyw43_bus_pio_spi.c.obj
                0x1000f5ac                cyw43_read_reg_u8
 .text.write_reg_u32_swap
                0x1000f618      0x1e0 CMakeFiles/core_temp_to_mqtt.dir/C_/Program_Files/Raspberry_Pi/Pico_SDK_v1.5.1/pico-sdk/src/rp2_common/pico_cyw43_driver/cyw43_bus_pio_spi.c.obj
                0x1000f618                write_reg_u32_swap
 .text.cyw43_write_reg_u32
                0x1000f7f8      0x200 CMakeFiles/core_temp_to_mqtt.dir/C_/Program_Files/Raspberry_Pi/Pico_SDK_v1.5.1/pico-sdk/src/rp2_common/pico_cyw43_driver/cyw43_bus_pio_spi.c.obj
                0x1000f7f8                cyw43_write_reg_u32
 .text.cyw43_write_reg_u16
                0x1000f9f8      0x200 CMakeFiles/core_temp_to_mqtt.dir/C_/Program_Files/Raspberry_Pi/Pico_SDK_v1.5.1/pico-sdk/src/rp2_common/pico_cyw43_driver/cyw43_bus_pio_spi.c.obj
                0x1000f9f8                cyw43_write_reg_u16
 .text.cyw43_write_reg_u8
                0x1000fbf8      0x200 CMakeFiles/core_temp_to_mqtt.dir/C_/Program_Files/Raspberry_Pi/Pico_SDK_v1.5.1/pico-sdk/src/rp2_common/pico_cyw43_driver/cyw43_bus_pio_spi.c.obj
                0x1000fbf8                cyw43_write_reg_u8
 .text.cyw43_read_bytes
                0x1000fdf8       0x78 CMakeFiles/core_temp_to_mqtt.dir/C_/Program_Files/Raspberry_Pi/Pico_SDK_v1.5.1/pico-sdk/src/rp2_common/pico_cyw43_driver/cyw43_bus_pio_spi.c.obj
                0x1000fdf8                cyw43_read_bytes
 .text.cyw43_write_bytes
                0x1000fe70       0xec CMakeFiles/core_temp_to_mqtt.dir/C_/Program_Files/Raspberry_Pi/Pico_SDK_v1.5.1/pico-sdk/src/rp2_common/pico_cyw43_driver/cyw43_bus_pio_spi.c.obj
                0x1000fe70                cyw43_write_bytes
 .text.cyw43_set_backplane_window
                0x1000ff5c       0x64 CMakeFiles/core_temp_to_mqtt.dir/C_/Program_Files/Raspberry_Pi/Pico_SDK_v1.5.1/pico-sdk/lib/cyw43-driver/src/cyw43_ll.c.obj
 .text.cyw43_ll_parse_async_event
                0x1000ffc0      0x13c CMakeFiles/core_temp_to_mqtt.dir/C_/Program_Files/Raspberry_Pi/Pico_SDK_v1.5.1/pico-sdk/lib/cyw43-driver/src/cyw43_ll.c.obj
 .text.cyw43_kso_set
                0x100100fc       0xa0 CMakeFiles/core_temp_to_mqtt.dir/C_/Program_Files/Raspberry_Pi/Pico_SDK_v1.5.1/pico-sdk/lib/cyw43-driver/src/cyw43_ll.c.obj
 .text.cyw43_ll_sdpcm_poll_device
                0x1001019c      0x238 CMakeFiles/core_temp_to_mqtt.dir/C_/Program_Files/Raspberry_Pi/Pico_SDK_v1.5.1/pico-sdk/lib/cyw43-driver/src/cyw43_ll.c.obj
 .text.cyw43_sdpcm_send_common
                0x100103d4       0xf0 CMakeFiles/core_temp_to_mqtt.dir/C_/Program_Files/Raspberry_Pi/Pico_SDK_v1.5.1/pico-sdk/lib/cyw43-driver/src/cyw43_ll.c.obj
 .text.cyw43_do_ioctl
                0x100104c4      0x110 CMakeFiles/core_temp_to_mqtt.dir/C_/Program_Files/Raspberry_Pi/Pico_SDK_v1.5.1/pico-sdk/lib/cyw43-driver/src/cyw43_ll.c.obj
 .text.cyw43_do_ioctl.constprop.0
                0x100105d4      0x108 CMakeFiles/core_temp_to_mqtt.dir/C_/Program_Files/Raspberry_Pi/Pico_SDK_v1.5.1/pico-sdk/lib/cyw43-driver/src/cyw43_ll.c.obj
 .text.cyw43_read_backplane.constprop.0
                0x100106dc       0xdc CMakeFiles/core_temp_to_mqtt.dir/C_/Program_Files/Raspberry_Pi/Pico_SDK_v1.5.1/pico-sdk/lib/cyw43-driver/src/cyw43_ll.c.obj
 .text.reset_device_core.constprop.0
                0x100107b8      0x3f0 CMakeFiles/core_temp_to_mqtt.dir/C_/Program_Files/Raspberry_Pi/Pico_SDK_v1.5.1/pico-sdk/lib/cyw43-driver/src/cyw43_ll.c.obj
 .text.cyw43_ll_init
                0x10010ba8       0x1c CMakeFiles/core_temp_to_mqtt.dir/C_/Program_Files/Raspberry_Pi/Pico_SDK_v1.5.1/pico-sdk/lib/cyw43-driver/src/cyw43_ll.c.obj
                0x10010ba8                cyw43_ll_init
 .text.cyw43_ll_deinit
                0x10010bc4        0x8 CMakeFiles/core_temp_to_mqtt.dir/C_/Program_Files/Raspberry_Pi/Pico_SDK_v1.5.1/pico-sdk/lib/cyw43-driver/src/cyw43_ll.c.obj
                0x10010bc4                cyw43_ll_deinit
 .text.cyw43_ll_send_ethernet
                0x10010bcc       0x60 CMakeFiles/core_temp_to_mqtt.dir/C_/Program_Files/Raspberry_Pi/Pico_SDK_v1.5.1/pico-sdk/lib/cyw43-driver/src/cyw43_ll.c.obj
                0x10010bcc                cyw43_ll_send_ethernet
 .text.cyw43_ll_process_packets
                0x10010c2c       0x54 CMakeFiles/core_temp_to_mqtt.dir/C_/Program_Files/Raspberry_Pi/Pico_SDK_v1.5.1/pico-sdk/lib/cyw43-driver/src/cyw43_ll.c.obj
                0x10010c2c                cyw43_ll_process_packets
 .text.cyw43_ll_ioctl
                0x10010c80       0x20 CMakeFiles/core_temp_to_mqtt.dir/C_/Program_Files/Raspberry_Pi/Pico_SDK_v1.5.1/pico-sdk/lib/cyw43-driver/src/cyw43_ll.c.obj
                0x10010c80                cyw43_ll_ioctl
 .text.cyw43_ll_bus_sleep
                0x10010ca0       0x34 CMakeFiles/core_temp_to_mqtt.dir/C_/Program_Files/Raspberry_Pi/Pico_SDK_v1.5.1/pico-sdk/lib/cyw43-driver/src/cyw43_ll.c.obj
                0x10010ca0                cyw43_ll_bus_sleep
 .text.cyw43_ll_bus_init
                0x10010cd4      0xbf0 CMakeFiles/core_temp_to_mqtt.dir/C_/Program_Files/Raspberry_Pi/Pico_SDK_v1.5.1/pico-sdk/lib/cyw43-driver/src/cyw43_ll.c.obj
                0x10010cd4                cyw43_ll_bus_init
 .text.cyw43_ll_wifi_on
                0x100118c4      0x240 CMakeFiles/core_temp_to_mqtt.dir/C_/Program_Files/Raspberry_Pi/Pico_SDK_v1.5.1/pico-sdk/lib/cyw43-driver/src/cyw43_ll.c.obj
                0x100118c4                cyw43_ll_wifi_on
 .text.cyw43_ll_wifi_get_mac
                0x10011b04       0x44 CMakeFiles/core_temp_to_mqtt.dir/C_/Program_Files/Raspberry_Pi/Pico_SDK_v1.5.1/pico-sdk/lib/cyw43-driver/src/cyw43_ll.c.obj
                0x10011b04                cyw43_ll_wifi_get_mac
 .text.cyw43_ll_wifi_pm
                0x10011b48      0x194 CMakeFiles/core_temp_to_mqtt.dir/C_/Program_Files/Raspberry_Pi/Pico_SDK_v1.5.1/pico-sdk/lib/cyw43-driver/src/cyw43_ll.c.obj
                0x10011b48                cyw43_ll_wifi_pm
 .text.cyw43_ll_wifi_join
                0x10011cdc      0x310 CMakeFiles/core_temp_to_mqtt.dir/C_/Program_Files/Raspberry_Pi/Pico_SDK_v1.5.1/pico-sdk/lib/cyw43-driver/src/cyw43_ll.c.obj
                0x10011cdc                cyw43_ll_wifi_join
 .text.cyw43_ll_wifi_set_wpa_auth
                0x10011fec       0x2c CMakeFiles/core_temp_to_mqtt.dir/C_/Program_Files/Raspberry_Pi/Pico_SDK_v1.5.1/pico-sdk/lib/cyw43-driver/src/cyw43_ll.c.obj
                0x10011fec                cyw43_ll_wifi_set_wpa_auth
 .text.cyw43_ll_wifi_rejoin
                0x10012018       0x1c CMakeFiles/core_temp_to_mqtt.dir/C_/Program_Files/Raspberry_Pi/Pico_SDK_v1.5.1/pico-sdk/lib/cyw43-driver/src/cyw43_ll.c.obj
                0x10012018                cyw43_ll_wifi_rejoin
 .text.cyw43_ll_wifi_ap_init
                0x10012034      0x2c4 CMakeFiles/core_temp_to_mqtt.dir/C_/Program_Files/Raspberry_Pi/Pico_SDK_v1.5.1/pico-sdk/lib/cyw43-driver/src/cyw43_ll.c.obj
                0x10012034                cyw43_ll_wifi_ap_init
 .text.cyw43_ll_wifi_ap_set_up
                0x100122f8       0x54 CMakeFiles/core_temp_to_mqtt.dir/C_/Program_Files/Raspberry_Pi/Pico_SDK_v1.5.1/pico-sdk/lib/cyw43-driver/src/cyw43_ll.c.obj
                0x100122f8                cyw43_ll_wifi_ap_set_up
 .text.cyw43_ll_has_work
                0x1001234c       0x14 CMakeFiles/core_temp_to_mqtt.dir/C_/Program_Files/Raspberry_Pi/Pico_SDK_v1.5.1/pico-sdk/lib/cyw43-driver/src/cyw43_ll.c.obj
                0x1001234c                cyw43_ll_has_work
 .text.cyw43_netif_init
                0x10012360       0x3c CMakeFiles/core_temp_to_mqtt.dir/C_/Program_Files/Raspberry_Pi/Pico_SDK_v1.5.1/pico-sdk/lib/cyw43-driver/src/cyw43_lwip.c.obj
 .text.cyw43_netif_output
                0x1001239c       0x34 CMakeFiles/core_temp_to_mqtt.dir/C_/Program_Files/Raspberry_Pi/Pico_SDK_v1.5.1/pico-sdk/lib/cyw43-driver/src/cyw43_lwip.c.obj
 .text.cyw43_cb_tcpip_init
                0x100123d0       0xfc CMakeFiles/core_temp_to_mqtt.dir/C_/Program_Files/Raspberry_Pi/Pico_SDK_v1.5.1/pico-sdk/lib/cyw43-driver/src/cyw43_lwip.c.obj
                0x100123d0                cyw43_cb_tcpip_init
 .text.cyw43_cb_tcpip_deinit
                0x100124cc       0x4c CMakeFiles/core_temp_to_mqtt.dir/C_/Program_Files/Raspberry_Pi/Pico_SDK_v1.5.1/pico-sdk/lib/cyw43-driver/src/cyw43_lwip.c.obj
                0x100124cc                cyw43_cb_tcpip_deinit
 .text.cyw43_cb_process_ethernet
                0x10012518       0x68 CMakeFiles/core_temp_to_mqtt.dir/C_/Program_Files/Raspberry_Pi/Pico_SDK_v1.5.1/pico-sdk/lib/cyw43-driver/src/cyw43_lwip.c.obj
                0x10012518                cyw43_cb_process_ethernet
 .text.cyw43_cb_tcpip_set_link_up
                0x10012580       0x18 CMakeFiles/core_temp_to_mqtt.dir/C_/Program_Files/Raspberry_Pi/Pico_SDK_v1.5.1/pico-sdk/lib/cyw43-driver/src/cyw43_lwip.c.obj
                0x10012580                cyw43_cb_tcpip_set_link_up
 .text.cyw43_cb_tcpip_set_link_down
                0x10012598       0x18 CMakeFiles/core_temp_to_mqtt.dir/C_/Program_Files/Raspberry_Pi/Pico_SDK_v1.5.1/pico-sdk/lib/cyw43-driver/src/cyw43_lwip.c.obj
                0x10012598                cyw43_cb_tcpip_set_link_down
 .text.cyw43_tcpip_link_status
                0x100125b0       0x34 CMakeFiles/core_temp_to_mqtt.dir/C_/Program_Files/Raspberry_Pi/Pico_SDK_v1.5.1/pico-sdk/lib/cyw43-driver/src/cyw43_lwip.c.obj
                0x100125b0                cyw43_tcpip_link_status
 .text.cyw43_poll_func
                0x100125e4       0xc0 CMakeFiles/core_temp_to_mqtt.dir/C_/Program_Files/Raspberry_Pi/Pico_SDK_v1.5.1/pico-sdk/lib/cyw43-driver/src/cyw43_ctrl.c.obj
 .text.cyw43_init
                0x100126a4       0x6c CMakeFiles/core_temp_to_mqtt.dir/C_/Program_Files/Raspberry_Pi/Pico_SDK_v1.5.1/pico-sdk/lib/cyw43-driver/src/cyw43_ctrl.c.obj
                0x100126a4                cyw43_init
 .text.cyw43_deinit
                0x10012710       0x90 CMakeFiles/core_temp_to_mqtt.dir/C_/Program_Files/Raspberry_Pi/Pico_SDK_v1.5.1/pico-sdk/lib/cyw43-driver/src/cyw43_ctrl.c.obj
                0x10012710                cyw43_deinit
 .text.cyw43_cb_read_host_interrupt_pin
                0x100127a0        0xc CMakeFiles/core_temp_to_mqtt.dir/C_/Program_Files/Raspberry_Pi/Pico_SDK_v1.5.1/pico-sdk/lib/cyw43-driver/src/cyw43_ctrl.c.obj
                0x100127a0                cyw43_cb_read_host_interrupt_pin
 .text.cyw43_cb_ensure_awake
                0x100127ac        0xc CMakeFiles/core_temp_to_mqtt.dir/C_/Program_Files/Raspberry_Pi/Pico_SDK_v1.5.1/pico-sdk/lib/cyw43-driver/src/cyw43_ctrl.c.obj
                0x100127ac                cyw43_cb_ensure_awake
 .text.cyw43_cb_process_async_event
                0x100127b8      0x228 CMakeFiles/core_temp_to_mqtt.dir/C_/Program_Files/Raspberry_Pi/Pico_SDK_v1.5.1/pico-sdk/lib/cyw43-driver/src/cyw43_ctrl.c.obj
                0x100127b8                cyw43_cb_process_async_event
 .text.cyw43_send_ethernet
                0x100129e0       0xc0 CMakeFiles/core_temp_to_mqtt.dir/C_/Program_Files/Raspberry_Pi/Pico_SDK_v1.5.1/pico-sdk/lib/cyw43-driver/src/cyw43_ctrl.c.obj
                0x100129e0                cyw43_send_ethernet
 .text.cyw43_wifi_get_mac
                0x10012aa0       0x10 CMakeFiles/core_temp_to_mqtt.dir/C_/Program_Files/Raspberry_Pi/Pico_SDK_v1.5.1/pico-sdk/lib/cyw43-driver/src/cyw43_ctrl.c.obj
                0x10012aa0                cyw43_wifi_get_mac
 .text.cyw43_wifi_set_up
                0x10012ab0      0x308 CMakeFiles/core_temp_to_mqtt.dir/C_/Program_Files/Raspberry_Pi/Pico_SDK_v1.5.1/pico-sdk/lib/cyw43-driver/src/cyw43_ctrl.c.obj
                0x10012ab0                cyw43_wifi_set_up
 .text.cyw43_wifi_link_status
                0x10012db8       0x3c CMakeFiles/core_temp_to_mqtt.dir/C_/Program_Files/Raspberry_Pi/Pico_SDK_v1.5.1/pico-sdk/lib/cyw43-driver/src/cyw43_ctrl.c.obj
                0x10012db8                cyw43_wifi_link_status
 .text.cyw43_wifi_join
                0x10012df4       0xf4 CMakeFiles/core_temp_to_mqtt.dir/C_/Program_Files/Raspberry_Pi/Pico_SDK_v1.5.1/pico-sdk/lib/cyw43-driver/src/cyw43_ctrl.c.obj
                0x10012df4                cyw43_wifi_join
 .text.pio_sm_unclaim
                0x10012ee8       0x20 CMakeFiles/core_temp_to_mqtt.dir/C_/Program_Files/Raspberry_Pi/Pico_SDK_v1.5.1/pico-sdk/src/rp2_common/hardware_pio/pio.c.obj
                0x10012ee8                pio_sm_unclaim
 .text.pio_claim_unused_sm
                0x10012f08       0x3c CMakeFiles/core_temp_to_mqtt.dir/C_/Program_Files/Raspberry_Pi/Pico_SDK_v1.5.1/pico-sdk/src/rp2_common/hardware_pio/pio.c.obj
                0x10012f08                pio_claim_unused_sm
 .text.pio_can_add_program
                0x10012f44       0x68 CMakeFiles/core_temp_to_mqtt.dir/C_/Program_Files/Raspberry_Pi/Pico_SDK_v1.5.1/pico-sdk/src/rp2_common/hardware_pio/pio.c.obj
                0x10012f44                pio_can_add_program
 .text.pio_add_program
                0x10012fac       0xc8 CMakeFiles/core_temp_to_mqtt.dir/C_/Program_Files/Raspberry_Pi/Pico_SDK_v1.5.1/pico-sdk/src/rp2_common/hardware_pio/pio.c.obj
                0x10012fac                pio_add_program
 .text.pio_remove_program
                0x10013074       0x34 CMakeFiles/core_temp_to_mqtt.dir/C_/Program_Files/Raspberry_Pi/Pico_SDK_v1.5.1/pico-sdk/src/rp2_common/hardware_pio/pio.c.obj
                0x10013074                pio_remove_program
 .text.pio_sm_set_pindirs_with_mask
                0x100130a8       0xa4 CMakeFiles/core_temp_to_mqtt.dir/C_/Program_Files/Raspberry_Pi/Pico_SDK_v1.5.1/pico-sdk/src/rp2_common/hardware_pio/pio.c.obj
                0x100130a8                pio_sm_set_pindirs_with_mask
 .text.pio_sm_set_consecutive_pindirs
                0x1001314c       0xb0 CMakeFiles/core_temp_to_mqtt.dir/C_/Program_Files/Raspberry_Pi/Pico_SDK_v1.5.1/pico-sdk/src/rp2_common/hardware_pio/pio.c.obj
                0x1001314c                pio_sm_set_consecutive_pindirs
 .text.dma_channel_unclaim
                0x100131fc       0x10 CMakeFiles/core_temp_to_mqtt.dir/C_/Program_Files/Raspberry_Pi/Pico_SDK_v1.5.1/pico-sdk/src/rp2_common/hardware_dma/dma.c.obj
                0x100131fc                dma_channel_unclaim
 .text.dma_claim_unused_channel
                0x1001320c       0x20 CMakeFiles/core_temp_to_mqtt.dir/C_/Program_Files/Raspberry_Pi/Pico_SDK_v1.5.1/pico-sdk/src/rp2_common/hardware_dma/dma.c.obj
                0x1001320c                dma_claim_unused_channel
 .text.dma_channel_cleanup
                0x1001322c       0x60 CMakeFiles/core_temp_to_mqtt.dir/C_/Program_Files/Raspberry_Pi/Pico_SDK_v1.5.1/pico-sdk/src/rp2_common/hardware_dma/dma.c.obj
                0x1001322c                dma_channel_cleanup
 .text.cyw43_sleep_timeout_reached
                0x1001328c       0x10 CMakeFiles/core_temp_to_mqtt.dir/C_/Program_Files/Raspberry_Pi/Pico_SDK_v1.5.1/pico-sdk/src/rp2_common/pico_cyw43_driver/cyw43_driver.c.obj
 .text.cyw43_irq_init
                0x1001329c       0x28 CMakeFiles/core_temp_to_mqtt.dir/C_/Program_Files/Raspberry_Pi/Pico_SDK_v1.5.1/pico-sdk/src/rp2_common/pico_cyw43_driver/cyw43_driver.c.obj
                0x1001329c                cyw43_irq_init
 .text.cyw43_irq_deinit
                0x100132c4       0x20 CMakeFiles/core_temp_to_mqtt.dir/C_/Program_Files/Raspberry_Pi/Pico_SDK_v1.5.1/pico-sdk/src/rp2_common/pico_cyw43_driver/cyw43_driver.c.obj
                0x100132c4                cyw43_irq_deinit
 .text.cyw43_gpio_irq_handler
                0x100132e4       0x44 CMakeFiles/core_temp_to_mqtt.dir/C_/Program_Files/Raspberry_Pi/Pico_SDK_v1.5.1/pico-sdk/src/rp2_common/pico_cyw43_driver/cyw43_driver.c.obj
 .text.cyw43_do_poll
                0x10013328       0x6c CMakeFiles/core_temp_to_mqtt.dir/C_/Program_Files/Raspberry_Pi/Pico_SDK_v1.5.1/pico-sdk/src/rp2_common/pico_cyw43_driver/cyw43_driver.c.obj
 .text.cyw43_post_poll_hook
                0x10013394       0x10 CMakeFiles/core_temp_to_mqtt.dir/C_/Program_Files/Raspberry_Pi/Pico_SDK_v1.5.1/pico-sdk/src/rp2_common/pico_cyw43_driver/cyw43_driver.c.obj
                0x10013394                cyw43_post_poll_hook
 .text.cyw43_schedule_internal_poll_dispatch
                0x100133a4       0x18 CMakeFiles/core_temp_to_mqtt.dir/C_/Program_Files/Raspberry_Pi/Pico_SDK_v1.5.1/pico-sdk/src/rp2_common/pico_cyw43_driver/cyw43_driver.c.obj
                0x100133a4                cyw43_schedule_internal_poll_dispatch
 .text.cyw43_driver_init
                0x100133bc       0x38 CMakeFiles/core_temp_to_mqtt.dir/C_/Program_Files/Raspberry_Pi/Pico_SDK_v1.5.1/pico-sdk/src/rp2_common/pico_cyw43_driver/cyw43_driver.c.obj
                0x100133bc                cyw43_driver_init
 .text.cyw43_driver_deinit
                0x100133f4       0x44 CMakeFiles/core_temp_to_mqtt.dir/C_/Program_Files/Raspberry_Pi/Pico_SDK_v1.5.1/pico-sdk/src/rp2_common/pico_cyw43_driver/cyw43_driver.c.obj
                0x100133f4                cyw43_driver_deinit
 .text.cyw43_hal_generate_laa_mac
                0x10013438       0x28 CMakeFiles/core_temp_to_mqtt.dir/C_/Program_Files/Raspberry_Pi/Pico_SDK_v1.5.1/pico-sdk/src/rp2_common/pico_cyw43_driver/cyw43_driver.c.obj
                0x10013438                cyw43_hal_generate_laa_mac
 .text.cyw43_hal_get_mac
                0x10013460       0x1c CMakeFiles/core_temp_to_mqtt.dir/C_/Program_Files/Raspberry_Pi/Pico_SDK_v1.5.1/pico-sdk/src/rp2_common/pico_cyw43_driver/cyw43_driver.c.obj
                0x10013460                cyw43_hal_get_mac
 .text.cyw43_thread_enter
                0x1001347c       0x14 CMakeFiles/core_temp_to_mqtt.dir/C_/Program_Files/Raspberry_Pi/Pico_SDK_v1.5.1/pico-sdk/src/rp2_common/pico_cyw43_driver/cyw43_driver.c.obj
                0x1001347c                cyw43_thread_enter
 .text.cyw43_thread_exit
                0x10013490       0x14 CMakeFiles/core_temp_to_mqtt.dir/C_/Program_Files/Raspberry_Pi/Pico_SDK_v1.5.1/pico-sdk/src/rp2_common/pico_cyw43_driver/cyw43_driver.c.obj
                0x10013490                cyw43_thread_exit
 .text.cyw43_await_background_or_timeout_us
                0x100134a4       0x34 CMakeFiles/core_temp_to_mqtt.dir/C_/Program_Files/Raspberry_Pi/Pico_SDK_v1.5.1/pico-sdk/src/rp2_common/pico_cyw43_driver/cyw43_driver.c.obj
                0x100134a4                cyw43_await_background_or_timeout_us
 .text.cyw43_delay_ms
                0x100134d8       0x44 CMakeFiles/core_temp_to_mqtt.dir/C_/Program_Files/Raspberry_Pi/Pico_SDK_v1.5.1/pico-sdk/src/rp2_common/pico_cyw43_driver/cyw43_driver.c.obj
                0x100134d8                cyw43_delay_ms
 .text.cyw43_delay_us
                0x1001351c       0x34 CMakeFiles/core_temp_to_mqtt.dir/C_/Program_Files/Raspberry_Pi/Pico_SDK_v1.5.1/pico-sdk/src/rp2_common/pico_cyw43_driver/cyw43_driver.c.obj
                0x1001351c                cyw43_delay_us
 .text.async_context_threadsafe_background_acquire_lock_blocking
                0x10013550        0xc CMakeFiles/core_temp_to_mqtt.dir/C_/Program_Files/Raspberry_Pi/Pico_SDK_v1.5.1/pico-sdk/src/rp2_common/pico_async_context/async_context_threadsafe_background.c.obj
 .text.alarm_handler
                0x1001355c       0x20 CMakeFiles/core_temp_to_mqtt.dir/C_/Program_Files/Raspberry_Pi/Pico_SDK_v1.5.1/pico-sdk/src/rp2_common/pico_async_context/async_context_threadsafe_background.c.obj
 .text.async_context_threadsafe_background_set_work_pending
                0x1001357c       0x1c CMakeFiles/core_temp_to_mqtt.dir/C_/Program_Files/Raspberry_Pi/Pico_SDK_v1.5.1/pico-sdk/src/rp2_common/pico_async_context/async_context_threadsafe_background.c.obj
 .text.process_under_lock
                0x10013598       0xc8 CMakeFiles/core_temp_to_mqtt.dir/C_/Program_Files/Raspberry_Pi/Pico_SDK_v1.5.1/pico-sdk/src/rp2_common/pico_async_context/async_context_threadsafe_background.c.obj
 .text.async_context_threadsafe_background_execute_sync
                0x10013660       0x30 CMakeFiles/core_temp_to_mqtt.dir/C_/Program_Files/Raspberry_Pi/Pico_SDK_v1.5.1/pico-sdk/src/rp2_common/pico_async_context/async_context_threadsafe_background.c.obj
                0x10013660                async_context_threadsafe_background_execute_sync
 .text.async_context_threadsafe_background_deinit
                0x10013690       0x54 CMakeFiles/core_temp_to_mqtt.dir/C_/Program_Files/Raspberry_Pi/Pico_SDK_v1.5.1/pico-sdk/src/rp2_common/pico_async_context/async_context_threadsafe_background.c.obj
 .text.low_priority_irq_handler
                0x100136e4       0x3c CMakeFiles/core_temp_to_mqtt.dir/C_/Program_Files/Raspberry_Pi/Pico_SDK_v1.5.1/pico-sdk/src/rp2_common/pico_async_context/async_context_threadsafe_background.c.obj
 .text.async_context_threadsafe_background_wait_for_work_until
                0x10013720        0xc CMakeFiles/core_temp_to_mqtt.dir/C_/Program_Files/Raspberry_Pi/Pico_SDK_v1.5.1/pico-sdk/src/rp2_common/pico_async_context/async_context_threadsafe_background.c.obj
 .text.async_context_threadsafe_background_wait_until
                0x1001372c       0x1c CMakeFiles/core_temp_to_mqtt.dir/C_/Program_Files/Raspberry_Pi/Pico_SDK_v1.5.1/pico-sdk/src/rp2_common/pico_async_context/async_context_threadsafe_background.c.obj
 .text.async_context_threadsafe_background_lock_check
                0x10013748       0x28 CMakeFiles/core_temp_to_mqtt.dir/C_/Program_Files/Raspberry_Pi/Pico_SDK_v1.5.1/pico-sdk/src/rp2_common/pico_async_context/async_context_threadsafe_background.c.obj
 .text.async_context_threadsafe_background_release_lock
                0x10013770       0x1c CMakeFiles/core_temp_to_mqtt.dir/C_/Program_Files/Raspberry_Pi/Pico_SDK_v1.5.1/pico-sdk/src/rp2_common/pico_async_context/async_context_threadsafe_background.c.obj
 .text.async_context_threadsafe_background_when_pending_worker
                0x1001378c       0x34 CMakeFiles/core_temp_to_mqtt.dir/C_/Program_Files/Raspberry_Pi/Pico_SDK_v1.5.1/pico-sdk/src/rp2_common/pico_async_context/async_context_threadsafe_background.c.obj
 .text.async_context_threadsafe_background_remove_at_time_worker
                0x100137c0       0x34 CMakeFiles/core_temp_to_mqtt.dir/C_/Program_Files/Raspberry_Pi/Pico_SDK_v1.5.1/pico-sdk/src/rp2_common/pico_async_context/async_context_threadsafe_background.c.obj
 .text.async_context_threadsafe_background_add_when_pending_worker
                0x100137f4       0x34 CMakeFiles/core_temp_to_mqtt.dir/C_/Program_Files/Raspberry_Pi/Pico_SDK_v1.5.1/pico-sdk/src/rp2_common/pico_async_context/async_context_threadsafe_background.c.obj
 .text.async_context_threadsafe_background_add_at_time_worker
                0x10013828       0x34 CMakeFiles/core_temp_to_mqtt.dir/C_/Program_Files/Raspberry_Pi/Pico_SDK_v1.5.1/pico-sdk/src/rp2_common/pico_async_context/async_context_threadsafe_background.c.obj
 .text.async_context_threadsafe_background_default_config
                0x1001385c        0xc CMakeFiles/core_temp_to_mqtt.dir/C_/Program_Files/Raspberry_Pi/Pico_SDK_v1.5.1/pico-sdk/src/rp2_common/pico_async_context/async_context_threadsafe_background.c.obj
                0x1001385c                async_context_threadsafe_background_default_config
 .text.async_context_threadsafe_background_init
                0x10013868       0x8c CMakeFiles/core_temp_to_mqtt.dir/C_/Program_Files/Raspberry_Pi/Pico_SDK_v1.5.1/pico-sdk/src/rp2_common/pico_async_context/async_context_threadsafe_background.c.obj
                0x10013868                async_context_threadsafe_background_init
 .text.runtime_init
                0x100138f4       0xf0 CMakeFiles/core_temp_to_mqtt.dir/C_/Program_Files/Raspberry_Pi/Pico_SDK_v1.5.1/pico-sdk/src/rp2_common/pico_runtime/runtime.c.obj
                0x100138f4                runtime_init