Archive member included to satisfy reference by file (symbol)

c:/progra~1/raspbe~1/picosd~1.1/gcc-ar~1/bin/../lib/gcc/arm-none-eabi/10.3.1/thumb/v6-m/nofp\libgcc.a(_dvmd_tls.o)
                              CMakeFiles/core_temp_to_mqtt.dir/C_/Program_Files/Raspberry_Pi/Pico_SDK_v1.5.1/pico-sdk/src/rp2_common/pico_divider/divider.S.obj (__aeabi_idiv0)
c:/progra~1/raspbe~1/picosd~1.1/gcc-ar~1/bin/../lib/gcc/arm-none-eabi/10.3.1/../../../../arm-none-eabi/lib/thumb/v6-m/nofp\libc.a(lib_a-atoi.o)
                              CMakeFiles/core_temp_to_mqtt.dir/C_/Program_Files/Raspberry_Pi/Pico_SDK_v1.5.1/pico-sdk/lib/lwip/src/core/netif.c.obj (atoi)
c:/progra~1/raspbe~1/picosd~1.1/gcc-ar~1/bin/../lib/gcc/arm-none-eabi/10.3.1/../../../../arm-none-eabi/lib/thumb/v6-m/nofp\libc.a(lib_a-calloc.o)
                              CMakeFiles/core_temp_to_mqtt.dir/C_/Program_Files/Raspberry_Pi/Pico_SDK_v1.5.1/pico-sdk/src/rp2_common/pico_malloc/pico_malloc.c.obj (calloc)
c:/progra~1/raspbe~1/picosd~1.1/gcc-ar~1/bin/../lib/gcc/arm-none-eabi/10.3.1/../../../../arm-none-eabi/lib/thumb/v6-m/nofp\libc.a(lib_a-callocr.o)
                              c:/progra~1/raspbe~1/picosd~1.1/gcc-ar~1/bin/../lib/gcc/arm-none-eabi/10.3.1/../../../../arm-none-eabi/lib/thumb/v6-m/nofp\libc.a(lib_a-calloc.o) (_calloc_r)
c:/progra~1/raspbe~1/picosd~1.1/gcc-ar~1/bin/../lib/gcc/arm-none-eabi/10.3.1/../../../../arm-none-eabi/lib/thumb/v6-m/nofp\libc.a(lib_a-ctype_.o)
                              CMakeFiles/core_temp_to_mqtt.dir/C_/Program_Files/Raspberry_Pi/Pico_SDK_v1.5.1/pico-sdk/lib/lwip/src/core/dns.c.obj (_ctype_)
c:/progra~1/raspbe~1/picosd~1.1/gcc-ar~1/bin/../lib/gcc/arm-none-eabi/10.3.1/../../../../arm-none-eabi/lib/thumb/v6-m/nofp\libc.a(lib_a-errno.o)
                              c:/progra~1/raspbe~1/picosd~1.1/gcc-ar~1/bin/../lib/gcc/arm-none-eabi/10.3.1/../../../../arm-none-eabi/lib/thumb/v6-m/nofp\libc.a(lib_a-callocr.o) (__errno)
c:/progra~1/raspbe~1/picosd~1.1/gcc-ar~1/bin/../lib/gcc/arm-none-eabi/10.3.1/../../../../arm-none-eabi/lib/thumb/v6-m/nofp\libc.a(lib_a-impure.o)
                              c:/progra~1/raspbe~1/picosd~1.1/gcc-ar~1/bin/../lib/gcc/arm-none-eabi/10.3.1/../../../../arm-none-eabi/lib/thumb/v6-m/nofp\libc.a(lib_a-calloc.o) (_impure_ptr)
c:/progra~1/raspbe~1/picosd~1.1/gcc-ar~1/bin/../lib/gcc/arm-none-eabi/10.3.1/../../../../arm-none-eabi/lib/thumb/v6-m/nofp\libc.a(lib_a-init.o)
                              c:/progra~1/raspbe~1/picosd~1.1/gcc-ar~1/bin/../lib/gcc/arm-none-eabi/10.3.1/../../../../arm-none-eabi/lib/thumb/v6-m/nofp/crt0.o (__libc_init_array)
c:/progra~1/raspbe~1/picosd~1.1/gcc-ar~1/bin/../lib/gcc/arm-none-eabi/10.3.1/../../../../arm-none-eabi/lib/thumb/v6-m/nofp\libc.a(lib_a-malloc.o)
                              CMakeFiles/core_temp_to_mqtt.dir/C_/Program_Files/Raspberry_Pi/Pico_SDK_v1.5.1/pico-sdk/src/rp2_common/pico_malloc/pico_malloc.c.obj (malloc)
c:/progra~1/raspbe~1/picosd~1.1/gcc-ar~1/bin/../lib/gcc/arm-none-eabi/10.3.1/../../../../arm-none-eabi/lib/thumb/v6-m/nofp\libc.a(lib_a-mallocr.o)
                              c:/progra~1/raspbe~1/picosd~1.1/gcc-ar~1/bin/../lib/gcc/arm-none-eabi/10.3.1/../../../../arm-none-eabi/lib/thumb/v6-m/nofp\libc.a(lib_a-callocr.o) (_malloc_r)
c:/progra~1/raspbe~1/picosd~1.1/gcc-ar~1/bin/../lib/gcc/arm-none-eabi/10.3.1/../../../../arm-none-eabi/lib/thumb/v6-m/nofp\libc.a(lib_a-memcmp.o)
                              CMakeFiles/core_temp_to_mqtt.dir/C_/Program_Files/Raspberry_Pi/Pico_SDK_v1.5.1/pico-sdk/lib/lwip/src/netif/ethernet.c.obj (memcmp)
c:/progra~1/raspbe~1/picosd~1.1/gcc-ar~1/bin/../lib/gcc/arm-none-eabi/10.3.1/../../../../arm-none-eabi/lib/thumb/v6-m/nofp\libc.a(lib_a-memmove.o)
                              CMakeFiles/core_temp_to_mqtt.dir/C_/Program_Files/Raspberry_Pi/Pico_SDK_v1.5.1/pico-sdk/lib/lwip/src/core/def.c.obj (memmove)
c:/progra~1/raspbe~1/picosd~1.1/gcc-ar~1/bin/../lib/gcc/arm-none-eabi/10.3.1/../../../../arm-none-eabi/lib/thumb/v6-m/nofp\libc.a(lib_a-mlock.o)
                              c:/progra~1/raspbe~1/picosd~1.1/gcc-ar~1/bin/../lib/gcc/arm-none-eabi/10.3.1/../../../../arm-none-eabi/lib/thumb/v6-m/nofp\libc.a(lib_a-mallocr.o) (__malloc_lock)
c:/progra~1/raspbe~1/picosd~1.1/gcc-ar~1/bin/../lib/gcc/arm-none-eabi/10.3.1/../../../../arm-none-eabi/lib/thumb/v6-m/nofp\libc.a(lib_a-realloc.o)
                              CMakeFiles/core_temp_to_mqtt.dir/C_/Program_Files/Raspberry_Pi/Pico_SDK_v1.5.1/pico-sdk/src/rp2_common/pico_malloc/pico_malloc.c.obj (realloc)
c:/progra~1/raspbe~1/picosd~1.1/gcc-ar~1/bin/../lib/gcc/arm-none-eabi/10.3.1/../../../../arm-none-eabi/lib/thumb/v6-m/nofp\libc.a(lib_a-reallocr.o)
                              c:/progra~1/raspbe~1/picosd~1.1/gcc-ar~1/bin/../lib/gcc/arm-none-eabi/10.3.1/../../../../arm-none-eabi/lib/thumb/v6-m/nofp\libc.a(lib_a-realloc.o) (_realloc_r)
[...]
Memory Configuration

Name             Origin             Length             Attributes
FLASH            0x10000000         0x00200000         xr
RAM              0x20000000         0x00040000         xrw
SCRATCH_X        0x20040000         0x00001000         xrw
SCRATCH_Y        0x20041000         0x00001000         xrw
*default*        0x00000000         0xffffffff

Linker script and memory map

LOAD c:/progra~1/raspbe~1/picosd~1.1/gcc-ar~1/bin/../lib/gcc/arm-none-eabi/10.3.1/thumb/v6-m/nofp/crti.o
LOAD c:/progra~1/raspbe~1/picosd~1.1/gcc-ar~1/bin/../lib/gcc/arm-none-eabi/10.3.1/thumb/v6-m/nofp/crtbegin.o
LOAD c:/progra~1/raspbe~1/picosd~1.1/gcc-ar~1/bin/../lib/gcc/arm-none-eabi/10.3.1/../../../../arm-none-eabi/lib/thumb/v6-m/nofp/crt0.o

.flash_begin    0x10000000        0x0
                0x10000000                __flash_binary_start = .

.boot2          0x10000000      0x100
                0x10000000                __boot2_start__ = .
 *(.boot2)
 .boot2         0x10000000      0x100 C:\Users\LABDIG~1\AppData\Local\Temp\ccATrzlT.o
                0x10000100                __boot2_end__ = .
                0x00000001                ASSERT (((__boot2_end__ - __boot2_start__) == 0x100), ERROR: Pico second stage bootloader must be 256 bytes in size)

.text           0x10000100    0x192c0
                0x10000100                __logical_binary_start = .
 *(.vectors)
 .vectors       0x10000100       0xd4 CMakeFiles/core_temp_to_mqtt.dir/C_/Program_Files/Raspberry_Pi/Pico_SDK_v1.5.1/pico-sdk/src/rp2_common/pico_standard_link/crt0.S.obj
                0x10000100                __VECTOR_TABLE
                0x10000100                __vectors
                0x100001c0                isr_invalid
                0x100001c0                __default_isrs_start
                0x100001c2                isr_nmi
                0x100001c4                isr_hardfault
                0x100001c6                isr_svcall
                0x100001c8                isr_pendsv
                0x100001ca                isr_systick
                0x100001cc                isr_irq23
                0x100001cc                isr_irq18
                0x100001cc                isr_irq11
                0x100001cc                isr_irq28
                0x100001cc                isr_irq19
                0x100001cc                isr_irq0
                0x100001cc                isr_irq6
                0x100001cc                isr_irq5
                0x100001cc                isr_irq12
                0x100001cc                isr_irq22
                0x100001cc                isr_irq31
                0x100001cc                isr_irq17
                0x100001cc                isr_irq27
                0x100001cc                isr_irq30
                0x100001cc                isr_irq2
                0x100001cc                isr_irq10
                0x100001cc                isr_irq8
                0x100001cc                isr_irq24
                0x100001cc                isr_irq1
                0x100001cc                isr_irq7
                0x100001cc                isr_irq21
                0x100001cc                isr_irq20
                0x100001cc                isr_irq15
                0x100001cc                isr_irq25
                0x100001cc                isr_irq13
                0x100001cc                __unhandled_user_irq
                0x100001cc                isr_irq4
                0x100001cc                isr_irq16
                0x100001cc                isr_irq29
                0x100001cc                isr_irq26
                0x100001cc                __default_isrs_end
                0x100001cc                isr_irq3
                0x100001cc                isr_irq14
                0x100001cc                isr_irq9
                0x100001d2                unhandled_user_irq_num_in_r0
 *(.binary_info_header)
 .binary_info_header
                0x100001d4       0x14 CMakeFiles/core_temp_to_mqtt.dir/C_/Program_Files/Raspberry_Pi/Pico_SDK_v1.5.1/pico-sdk/src/rp2_common/pico_standard_link/crt0.S.obj
                0x100001e8                __binary_info_header_end = .
 *(.reset)
 .reset         0x100001e8       0xa0 CMakeFiles/core_temp_to_mqtt.dir/C_/Program_Files/Raspberry_Pi/Pico_SDK_v1.5.1/pico-sdk/src/rp2_common/pico_standard_link/crt0.S.obj
                0x100001e8                _entry_point
 .reset         0x10000288       0x30 CMakeFiles/core_temp_to_mqtt.dir/C_/Program_Files/Raspberry_Pi/Pico_SDK_v1.5.1/pico-sdk/src/rp2_common/pico_standard_link/binary_info.c.obj
 *(.init)
 .init          0x100002b8        0x4 c:/progra~1/raspbe~1/picosd~1.1/gcc-ar~1/bin/../lib/gcc/arm-none-eabi/10.3.1/thumb/v6-m/nofp/crti.o
                0x100002b8                _init
 *(EXCLUDE_FILE(*libm.a: *libc.a:*lib_a-mem*.o *libgcc.a:) .text*)
 .text          0x100002bc       0x48 c:/progra~1/raspbe~1/picosd~1.1/gcc-ar~1/bin/../lib/gcc/arm-none-eabi/10.3.1/thumb/v6-m/nofp/crtbegin.o
 .text.mqtt_request_cb
                0x10000304       0x10 CMakeFiles/core_temp_to_mqtt.dir/main.c.obj
 .text.mqtt_connection_cb
                0x10000314       0x10 CMakeFiles/core_temp_to_mqtt.dir/main.c.obj
 .text.mqtt_incoming_data_cb
                0x10000324       0x10 CMakeFiles/core_temp_to_mqtt.dir/main.c.obj
 .text.mqtt_incoming_publish_cb
                0x10000334       0x10 CMakeFiles/core_temp_to_mqtt.dir/main.c.obj
 .text.startup.main
                0x10000344      0x1fc CMakeFiles/core_temp_to_mqtt.dir/main.c.obj
                0x10000344                main
 .text.board_button_read
                0x10000540       0x10 CMakeFiles/core_temp_to_mqtt.dir/C_/Program_Files/Raspberry_Pi/Pico_SDK_v1.5.1/pico-sdk/lib/tinyusb/hw/bsp/rp2040/family.c.obj
                0x10000540                board_button_read
 .text.lwip_timeout_reached
                0x10000550        0x8 CMakeFiles/core_temp_to_mqtt.dir/C_/Program_Files/Raspberry_Pi/Pico_SDK_v1.5.1/pico-sdk/src/rp2_common/pico_lwip/lwip_nosys.c.obj
 .text.update_next_timeout
                0x10000558       0x6c CMakeFiles/core_temp_to_mqtt.dir/C_/Program_Files/Raspberry_Pi/Pico_SDK_v1.5.1/pico-sdk/src/rp2_common/pico_lwip/lwip_nosys.c.obj
 .text.lwip_nosys_init
                0x100005c4       0x30 CMakeFiles/core_temp_to_mqtt.dir/C_/Program_Files/Raspberry_Pi/Pico_SDK_v1.5.1/pico-sdk/src/rp2_common/pico_lwip/lwip_nosys.c.obj
                0x100005c4                lwip_nosys_init
 .text.lwip_nosys_deinit
                0x100005f4       0x20 CMakeFiles/core_temp_to_mqtt.dir/C_/Program_Files/Raspberry_Pi/Pico_SDK_v1.5.1/pico-sdk/src/rp2_common/pico_lwip/lwip_nosys.c.obj
                0x100005f4                lwip_nosys_deinit
 .text.sys_arch_protect
                0x10000614        0x4 CMakeFiles/core_temp_to_mqtt.dir/C_/Program_Files/Raspberry_Pi/Pico_SDK_v1.5.1/pico-sdk/src/rp2_common/pico_lwip/lwip_nosys.c.obj
                0x10000614                sys_arch_protect
 .text.sys_arch_unprotect
                0x10000618        0x4 CMakeFiles/core_temp_to_mqtt.dir/C_/Program_Files/Raspberry_Pi/Pico_SDK_v1.5.1/pico-sdk/src/rp2_common/pico_lwip/lwip_nosys.c.obj
                0x10000618                sys_arch_unprotect
 .text.sys_now  0x1000061c       0x20 CMakeFiles/core_temp_to_mqtt.dir/C_/Program_Files/Raspberry_Pi/Pico_SDK_v1.5.1/pico-sdk/src/rp2_common/pico_lwip/lwip_nosys.c.obj
                0x1000061c                sys_now
 .text.async_context_base_add_at_time_worker
                0x1000063c       0x28 CMakeFiles/core_temp_to_mqtt.dir/C_/Program_Files/Raspberry_Pi/Pico_SDK_v1.5.1/pico-sdk/src/rp2_common/pico_async_context/async_context_base.c.obj
                0x1000063c                async_context_base_add_at_time_worker
 .text.async_context_base_remove_at_time_worker
                0x10000664       0x28 CMakeFiles/core_temp_to_mqtt.dir/C_/Program_Files/Raspberry_Pi/Pico_SDK_v1.5.1/pico-sdk/src/rp2_common/pico_async_context/async_context_base.c.obj
                0x10000664                async_context_base_remove_at_time_worker
 .text.async_context_base_add_when_pending_worker
                0x1000068c       0x24 CMakeFiles/core_temp_to_mqtt.dir/C_/Program_Files/Raspberry_Pi/Pico_SDK_v1.5.1/pico-sdk/src/rp2_common/pico_async_context/async_context_base.c.obj
                0x1000068c                async_context_base_add_when_pending_worker
 .text.async_context_base_remove_when_pending_worker
                0x100006b0       0x28 CMakeFiles/core_temp_to_mqtt.dir/C_/Program_Files/Raspberry_Pi/Pico_SDK_v1.5.1/pico-sdk/src/rp2_common/pico_async_context/async_context_base.c.obj
                0x100006b0                async_context_base_remove_when_pending_worker
 .text.async_context_base_execute_once
                0x100006d8       0xe8 CMakeFiles/core_temp_to_mqtt.dir/C_/Program_Files/Raspberry_Pi/Pico_SDK_v1.5.1/pico-sdk/src/rp2_common/pico_async_context/async_context_base.c.obj
                0x100006d8                async_context_base_execute_once
 .text.running_on_fpga
                0x100007c0       0x10 CMakeFiles/core_temp_to_mqtt.dir/C_/Program_Files/Raspberry_Pi/Pico_SDK_v1.5.1/pico-sdk/src/rp2_common/pico_platform/platform.c.obj
                0x100007c0                running_on_fpga
 .text.splitmix64
                0x100007d0       0x5c CMakeFiles/core_temp_to_mqtt.dir/C_/Program_Files/Raspberry_Pi/Pico_SDK_v1.5.1/pico-sdk/src/rp2_common/pico_rand/rand.c.obj
 .text.xoroshiro128ss
                0x1000082c       0x90 CMakeFiles/core_temp_to_mqtt.dir/C_/Program_Files/Raspberry_Pi/Pico_SDK_v1.5.1/pico-sdk/src/rp2_common/pico_rand/rand.c.obj
 .text.get_rand_64
                0x100008bc      0x484 CMakeFiles/core_temp_to_mqtt.dir/C_/Program_Files/Raspberry_Pi/Pico_SDK_v1.5.1/pico-sdk/src/rp2_common/pico_rand/rand.c.obj
                0x100008bc                get_rand_64
 .text.get_rand_32
                0x10000d40        0x8 CMakeFiles/core_temp_to_mqtt.dir/C_/Program_Files/Raspberry_Pi/Pico_SDK_v1.5.1/pico-sdk/src/rp2_common/pico_rand/rand.c.obj
                0x10000d40                get_rand_32
 .text.startup._retrieve_unique_id_on_boot
                0x10000d48       0x10 CMakeFiles/core_temp_to_mqtt.dir/C_/Program_Files/Raspberry_Pi/Pico_SDK_v1.5.1/pico-sdk/src/rp2_common/pico_unique_id/unique_id.c.obj
 .text.pico_get_unique_board_id
                0x10000d58       0x10 CMakeFiles/core_temp_to_mqtt.dir/C_/Program_Files/Raspberry_Pi/Pico_SDK_v1.5.1/pico-sdk/src/rp2_common/pico_unique_id/unique_id.c.obj
                0x10000d58                pico_get_unique_board_id
 .text.pico_get_unique_board_id_string
                0x10000d68      0x1a8 CMakeFiles/core_temp_to_mqtt.dir/C_/Program_Files/Raspberry_Pi/Pico_SDK_v1.5.1/pico-sdk/src/rp2_common/pico_unique_id/unique_id.c.obj
                0x10000d68                pico_get_unique_board_id_string
 .text.flash_get_unique_id
                0x10000f10       0x40 CMakeFiles/core_temp_to_mqtt.dir/C_/Program_Files/Raspberry_Pi/Pico_SDK_v1.5.1/pico-sdk/src/rp2_common/hardware_flash/flash.c.obj
                0x10000f10                flash_get_unique_id
 .text.hw_claim_lock
                0x10000f50       0x18 CMakeFiles/core_temp_to_mqtt.dir/C_/Program_Files/Raspberry_Pi/Pico_SDK_v1.5.1/pico-sdk/src/rp2_common/hardware_claim/claim.c.obj
                0x10000f50                hw_claim_lock
 .text.hw_claim_unlock
                0x10000f68       0x14 CMakeFiles/core_temp_to_mqtt.dir/C_/Program_Files/Raspberry_Pi/Pico_SDK_v1.5.1/pico-sdk/src/rp2_common/hardware_claim/claim.c.obj
                0x10000f68                hw_claim_unlock
 .text.hw_claim_or_assert
                0x10000f7c       0x44 CMakeFiles/core_temp_to_mqtt.dir/C_/Program_Files/Raspberry_Pi/Pico_SDK_v1.5.1/pico-sdk/src/rp2_common/hardware_claim/claim.c.obj
                0x10000f7c                hw_claim_or_assert
 .text.hw_claim_unused_from_range
                0x10000fc0       0x9c CMakeFiles/core_temp_to_mqtt.dir/C_/Program_Files/Raspberry_Pi/Pico_SDK_v1.5.1/pico-sdk/src/rp2_common/hardware_claim/claim.c.obj
                0x10000fc0                hw_claim_unused_from_range
 .text.hw_claim_clear
                0x1000105c       0x38 CMakeFiles/core_temp_to_mqtt.dir/C_/Program_Files/Raspberry_Pi/Pico_SDK_v1.5.1/pico-sdk/src/rp2_common/hardware_claim/claim.c.obj
                0x1000105c                hw_claim_clear
 .text.spin_locks_reset
                0x10001094       0x1c CMakeFiles/core_temp_to_mqtt.dir/C_/Program_Files/Raspberry_Pi/Pico_SDK_v1.5.1/pico-sdk/src/rp2_common/hardware_sync/sync.c.obj
                0x10001094                spin_locks_reset
 .text.next_striped_spin_lock_num
                0x100010b0       0x18 CMakeFiles/core_temp_to_mqtt.dir/C_/Program_Files/Raspberry_Pi/Pico_SDK_v1.5.1/pico-sdk/src/rp2_common/hardware_sync/sync.c.obj
                0x100010b0                next_striped_spin_lock_num
 .text.spin_lock_claim_unused
                0x100010c8       0x20 CMakeFiles/core_temp_to_mqtt.dir/C_/Program_Files/Raspberry_Pi/Pico_SDK_v1.5.1/pico-sdk/src/rp2_common/hardware_sync/sync.c.obj
                0x100010c8                spin_lock_claim_unused
 .text.rom_func_lookup
                0x100010e8       0x10 CMakeFiles/core_temp_to_mqtt.dir/C_/Program_Files/Raspberry_Pi/Pico_SDK_v1.5.1/pico-sdk/src/rp2_common/pico_bootrom/bootrom.c.obj
                0x100010e8                rom_func_lookup
 .text.rom_data_lookup
                0x100010f8       0x10 CMakeFiles/core_temp_to_mqtt.dir/C_/Program_Files/Raspberry_Pi/Pico_SDK_v1.5.1/pico-sdk/src/rp2_common/pico_bootrom/bootrom.c.obj
                0x100010f8                rom_data_lookup
 .text.rom_funcs_lookup
                0x10001108       0x44 CMakeFiles/core_temp_to_mqtt.dir/C_/Program_Files/Raspberry_Pi/Pico_SDK_v1.5.1/pico-sdk/src/rp2_common/pico_bootrom/bootrom.c.obj
                0x10001108                rom_funcs_lookup
 .text.clocks_init
                0x1000114c      0x2d0 CMakeFiles/core_temp_to_mqtt.dir/C_/Program_Files/Raspberry_Pi/Pico_SDK_v1.5.1/pico-sdk/src/rp2_common/hardware_clocks/clocks.c.obj
                0x1000114c                clocks_init
 .text.clock_get_hz
                0x1000141c        0xc CMakeFiles/core_temp_to_mqtt.dir/C_/Program_Files/Raspberry_Pi/Pico_SDK_v1.5.1/pico-sdk/src/rp2_common/hardware_clocks/clocks.c.obj
                0x1000141c                clock_get_hz
 .text.gpio_set_function
                0x10001428       0x30 CMakeFiles/core_temp_to_mqtt.dir/C_/Program_Files/Raspberry_Pi/Pico_SDK_v1.5.1/pico-sdk/src/rp2_common/hardware_gpio/gpio.c.obj
                0x10001428                gpio_set_function
 .text.gpio_set_pulls
                0x10001458       0x30 CMakeFiles/core_temp_to_mqtt.dir/C_/Program_Files/Raspberry_Pi/Pico_SDK_v1.5.1/pico-sdk/src/rp2_common/hardware_gpio/gpio.c.obj
                0x10001458                gpio_set_pulls
 .text.gpio_set_input_hysteresis_enabled
                0x10001488       0x28 CMakeFiles/core_temp_to_mqtt.dir/C_/Program_Files/Raspberry_Pi/Pico_SDK_v1.5.1/pico-sdk/src/rp2_common/hardware_gpio/gpio.c.obj
                0x10001488                gpio_set_input_hysteresis_enabled
 .text.gpio_set_irq_enabled
                0x100014b0       0x54 CMakeFiles/core_temp_to_mqtt.dir/C_/Program_Files/Raspberry_Pi/Pico_SDK_v1.5.1/pico-sdk/src/rp2_common/hardware_gpio/gpio.c.obj
                0x100014b0                gpio_set_irq_enabled
 .text.gpio_add_raw_irq_handler_with_order_priority_masked
                0x10001504       0x44 CMakeFiles/core_temp_to_mqtt.dir/C_/Program_Files/Raspberry_Pi/Pico_SDK_v1.5.1/pico-sdk/src/rp2_common/hardware_gpio/gpio.c.obj
                0x10001504                gpio_add_raw_irq_handler_with_order_priority_masked
 .text.gpio_remove_raw_irq_handler_masked
                0x10001548       0x20 CMakeFiles/core_temp_to_mqtt.dir/C_/Program_Files/Raspberry_Pi/Pico_SDK_v1.5.1/pico-sdk/src/rp2_common/hardware_gpio/gpio.c.obj
                0x10001548                gpio_remove_raw_irq_handler_masked
 .text.gpio_init
                0x10001568       0x3c CMakeFiles/core_temp_to_mqtt.dir/C_/Program_Files/Raspberry_Pi/Pico_SDK_v1.5.1/pico-sdk/src/rp2_common/hardware_gpio/gpio.c.obj
                0x10001568                gpio_init
 .text.irq_set_enabled
                0x100015a4       0x24 CMakeFiles/core_temp_to_mqtt.dir/C_/Program_Files/Raspberry_Pi/Pico_SDK_v1.5.1/pico-sdk/src/rp2_common/hardware_irq/irq.c.obj
                0x100015a4                irq_set_enabled
 .text.irq_set_pending
                0x100015c8       0x10 CMakeFiles/core_temp_to_mqtt.dir/C_/Program_Files/Raspberry_Pi/Pico_SDK_v1.5.1/pico-sdk/src/rp2_common/hardware_irq/irq.c.obj
                0x100015c8                irq_set_pending
 .text.irq_has_shared_handler
                0x100015d8       0x2c CMakeFiles/core_temp_to_mqtt.dir/C_/Program_Files/Raspberry_Pi/Pico_SDK_v1.5.1/pico-sdk/src/rp2_common/hardware_irq/irq.c.obj
                0x100015d8                irq_has_shared_handler
 .text.irq_get_vtable_handler
                0x10001604       0x10 CMakeFiles/core_temp_to_mqtt.dir/C_/Program_Files/Raspberry_Pi/Pico_SDK_v1.5.1/pico-sdk/src/rp2_common/hardware_irq/irq.c.obj
                0x10001604                irq_get_vtable_handler
 .text.irq_set_exclusive_handler
                0x10001614       0x54 CMakeFiles/core_temp_to_mqtt.dir/C_/Program_Files/Raspberry_Pi/Pico_SDK_v1.5.1/pico-sdk/src/rp2_common/hardware_irq/irq.c.obj
                0x10001614                irq_set_exclusive_handler
 .text.irq_add_shared_handler
                0x10001668      0x1e8 CMakeFiles/core_temp_to_mqtt.dir/C_/Program_Files/Raspberry_Pi/Pico_SDK_v1.5.1/pico-sdk/src/rp2_common/hardware_irq/irq.c.obj
                0x10001668                irq_add_shared_handler
 .text.irq_remove_handler
                0x10001850      0x1b0 CMakeFiles/core_temp_to_mqtt.dir/C_/Program_Files/Raspberry_Pi/Pico_SDK_v1.5.1/pico-sdk/src/rp2_common/hardware_irq/irq.c.obj
                0x10001850                irq_remove_handler
 .text.irq_set_priority
                0x10001a00       0x28 CMakeFiles/core_temp_to_mqtt.dir/C_/Program_Files/Raspberry_Pi/Pico_SDK_v1.5.1/pico-sdk/src/rp2_common/hardware_irq/irq.c.obj
                0x10001a00                irq_set_priority
 .text.irq_add_tail_to_free_list
                0x10001a28       0xb4 CMakeFiles/core_temp_to_mqtt.dir/C_/Program_Files/Raspberry_Pi/Pico_SDK_v1.5.1/pico-sdk/src/rp2_common/hardware_irq/irq.c.obj
                0x10001a28                irq_add_tail_to_free_list
 .text.irq_init_priorities
                0x10001adc       0x24 CMakeFiles/core_temp_to_mqtt.dir/C_/Program_Files/Raspberry_Pi/Pico_SDK_v1.5.1/pico-sdk/src/rp2_common/hardware_irq/irq.c.obj
                0x10001adc                irq_init_priorities
 .text.user_irq_unclaim
                0x10001b00       0x14 CMakeFiles/core_temp_to_mqtt.dir/C_/Program_Files/Raspberry_Pi/Pico_SDK_v1.5.1/pico-sdk/src/rp2_common/hardware_irq/irq.c.obj
                0x10001b00                user_irq_unclaim
 .text.user_irq_claim_unused
                0x10001b14       0x28 CMakeFiles/core_temp_to_mqtt.dir/C_/Program_Files/Raspberry_Pi/Pico_SDK_v1.5.1/pico-sdk/src/rp2_common/hardware_irq/irq.c.obj
                0x10001b14                user_irq_claim_unused
 .text.sem_init
                0x10001b3c       0x20 CMakeFiles/core_temp_to_mqtt.dir/C_/Program_Files/Raspberry_Pi/Pico_SDK_v1.5.1/pico-sdk/src/common/pico_sync/sem.c.obj
                0x10001b3c                sem_init
 .text.lock_init
                0x10001b5c       0x10 CMakeFiles/core_temp_to_mqtt.dir/C_/Program_Files/Raspberry_Pi/Pico_SDK_v1.5.1/pico-sdk/src/common/pico_sync/lock_core.c.obj
                0x10001b5c                lock_init
 .text.mutex_init
                0x10001b6c       0x1c CMakeFiles/core_temp_to_mqtt.dir/C_/Program_Files/Raspberry_Pi/Pico_SDK_v1.5.1/pico-sdk/src/common/pico_sync/mutex.c.obj
                0x10001b6c                mutex_init
 .text.recursive_mutex_init
                0x10001b88       0x1c CMakeFiles/core_temp_to_mqtt.dir/C_/Program_Files/Raspberry_Pi/Pico_SDK_v1.5.1/pico-sdk/src/common/pico_sync/mutex.c.obj
                0x10001b88                recursive_mutex_init
 .text.critical_section_init
                0x10001ba4       0x20 CMakeFiles/core_temp_to_mqtt.dir/C_/Program_Files/Raspberry_Pi/Pico_SDK_v1.5.1/pico-sdk/src/common/pico_sync/critical_section.c.obj
                0x10001ba4                critical_section_init
 .text.critical_section_init_with_lock_num
                0x10001bc4       0x14 CMakeFiles/core_temp_to_mqtt.dir/C_/Program_Files/Raspberry_Pi/Pico_SDK_v1.5.1/pico-sdk/src/common/pico_sync/critical_section.c.obj
                0x10001bc4                critical_section_init_with_lock_num
 .text.timer_pool_entry_comparator
                0x10001bd8       0x34 CMakeFiles/core_temp_to_mqtt.dir/C_/Program_Files/Raspberry_Pi/Pico_SDK_v1.5.1/pico-sdk/src/common/pico_time/time.c.obj
                0x10001bd8                timer_pool_entry_comparator
 .text.sleep_until_callback
                0x10001c0c       0x30 CMakeFiles/core_temp_to_mqtt.dir/C_/Program_Files/Raspberry_Pi/Pico_SDK_v1.5.1/pico-sdk/src/common/pico_time/time.c.obj
 .text.add_alarm_under_lock.isra.0
                0x10001c3c      0x100 CMakeFiles/core_temp_to_mqtt.dir/C_/Program_Files/Raspberry_Pi/Pico_SDK_v1.5.1/pico-sdk/src/common/pico_time/time.c.obj
 .text.alarm_pool_alarm_callback
                0x10001d3c      0x1bc CMakeFiles/core_temp_to_mqtt.dir/C_/Program_Files/Raspberry_Pi/Pico_SDK_v1.5.1/pico-sdk/src/common/pico_time/time.c.obj
 .text.alarm_pool_init_default
                0x10001ef8       0x6c CMakeFiles/core_temp_to_mqtt.dir/C_/Program_Files/Raspberry_Pi/Pico_SDK_v1.5.1/pico-sdk/src/common/pico_time/time.c.obj
                0x10001ef8                alarm_pool_init_default
 .text.alarm_pool_get_default
                0x10001f64        0x8 CMakeFiles/core_temp_to_mqtt.dir/C_/Program_Files/Raspberry_Pi/Pico_SDK_v1.5.1/pico-sdk/src/common/pico_time/time.c.obj
                0x10001f64                alarm_pool_get_default
 .text.alarm_pool_add_alarm_at
                0x10001f6c      0x178 CMakeFiles/core_temp_to_mqtt.dir/C_/Program_Files/Raspberry_Pi/Pico_SDK_v1.5.1/pico-sdk/src/common/pico_time/time.c.obj
                0x10001f6c                alarm_pool_add_alarm_at
 .text.alarm_pool_cancel_alarm
                0x100020e4       0x78 CMakeFiles/core_temp_to_mqtt.dir/C_/Program_Files/Raspberry_Pi/Pico_SDK_v1.5.1/pico-sdk/src/common/pico_time/time.c.obj
                0x100020e4                alarm_pool_cancel_alarm
 .text.alarm_pool_core_num
                0x1000215c        0x4 CMakeFiles/core_temp_to_mqtt.dir/C_/Program_Files/Raspberry_Pi/Pico_SDK_v1.5.1/pico-sdk/src/common/pico_time/time.c.obj
                0x1000215c                alarm_pool_core_num
 .text.sleep_until
                0x10002160       0xc4 CMakeFiles/core_temp_to_mqtt.dir/C_/Program_Files/Raspberry_Pi/Pico_SDK_v1.5.1/pico-sdk/src/common/pico_time/time.c.obj
                0x10002160                sleep_until
 .text.sleep_ms
                0x10002224       0x34 CMakeFiles/core_temp_to_mqtt.dir/C_/Program_Files/Raspberry_Pi/Pico_SDK_v1.5.1/pico-sdk/src/common/pico_time/time.c.obj
                0x10002224                sleep_ms
 .text.best_effort_wfe_or_timeout
                0x10002258       0xd4 CMakeFiles/core_temp_to_mqtt.dir/C_/Program_Files/Raspberry_Pi/Pico_SDK_v1.5.1/pico-sdk/src/common/pico_time/time.c.obj
                0x10002258                best_effort_wfe_or_timeout
 .text.hardware_alarm_irq_handler
                0x1000232c       0xbc CMakeFiles/core_temp_to_mqtt.dir/C_/Program_Files/Raspberry_Pi/Pico_SDK_v1.5.1/pico-sdk/src/rp2_common/hardware_timer/timer.c.obj
 .text.hardware_alarm_claim
                0x100023e8       0x18 CMakeFiles/core_temp_to_mqtt.dir/C_/Program_Files/Raspberry_Pi/Pico_SDK_v1.5.1/pico-sdk/src/rp2_common/hardware_timer/timer.c.obj
                0x100023e8                hardware_alarm_claim
 .text.time_us_64
                0x10002400       0x14 CMakeFiles/core_temp_to_mqtt.dir/C_/Program_Files/Raspberry_Pi/Pico_SDK_v1.5.1/pico-sdk/src/rp2_common/hardware_timer/timer.c.obj
                0x10002400                time_us_64
 .text.busy_wait_until
                0x10002414       0x20 CMakeFiles/core_temp_to_mqtt.dir/C_/Program_Files/Raspberry_Pi/Pico_SDK_v1.5.1/pico-sdk/src/rp2_common/hardware_timer/timer.c.obj
                0x10002414                busy_wait_until
 .text.hardware_alarm_set_callback
                0x10002434       0x8c CMakeFiles/core_temp_to_mqtt.dir/C_/Program_Files/Raspberry_Pi/Pico_SDK_v1.5.1/pico-sdk/src/rp2_common/hardware_timer/timer.c.obj
                0x10002434                hardware_alarm_set_callback
 .text.hardware_alarm_set_target
                0x100024c0       0xd4 CMakeFiles/core_temp_to_mqtt.dir/C_/Program_Files/Raspberry_Pi/Pico_SDK_v1.5.1/pico-sdk/src/rp2_common/hardware_timer/timer.c.obj
                0x100024c0                hardware_alarm_set_target
 .text.hardware_alarm_cancel
                0x10002594       0x3c CMakeFiles/core_temp_to_mqtt.dir/C_/Program_Files/Raspberry_Pi/Pico_SDK_v1.5.1/pico-sdk/src/rp2_common/hardware_timer/timer.c.obj
                0x10002594                hardware_alarm_cancel
 .text.ph_merge_nodes
                0x100025d0       0x68 CMakeFiles/core_temp_to_mqtt.dir/C_/Program_Files/Raspberry_Pi/Pico_SDK_v1.5.1/pico-sdk/src/common/pico_util/pheap.c.obj
 .text.ph_post_alloc_init
                0x10002638       0x3c CMakeFiles/core_temp_to_mqtt.dir/C_/Program_Files/Raspberry_Pi/Pico_SDK_v1.5.1/pico-sdk/src/common/pico_util/pheap.c.obj
                0x10002638                ph_post_alloc_init
 .text.ph_merge_two_pass
                0x10002674       0x90 CMakeFiles/core_temp_to_mqtt.dir/C_/Program_Files/Raspberry_Pi/Pico_SDK_v1.5.1/pico-sdk/src/common/pico_util/pheap.c.obj
                0x10002674                ph_merge_two_pass
 .text.ph_remove_any_head
                0x10002704      0x100 CMakeFiles/core_temp_to_mqtt.dir/C_/Program_Files/Raspberry_Pi/Pico_SDK_v1.5.1/pico-sdk/src/common/pico_util/pheap.c.obj
 .text.ph_remove_head
                0x10002804      0x104 CMakeFiles/core_temp_to_mqtt.dir/C_/Program_Files/Raspberry_Pi/Pico_SDK_v1.5.1/pico-sdk/src/common/pico_util/pheap.c.obj
                0x10002804                ph_remove_head
 .text.ph_remove_and_free_node
                0x10002908       0x7c CMakeFiles/core_temp_to_mqtt.dir/C_/Program_Files/Raspberry_Pi/Pico_SDK_v1.5.1/pico-sdk/src/common/pico_util/pheap.c.obj
                0x10002908                ph_remove_and_free_node
 .text.pll_init
                0x10002984       0xa0 CMakeFiles/core_temp_to_mqtt.dir/C_/Program_Files/Raspberry_Pi/Pico_SDK_v1.5.1/pico-sdk/src/rp2_common/hardware_pll/pll.c.obj
                0x10002984                pll_init
 .text.watchdog_start_tick
                0x10002a24       0x10 CMakeFiles/core_temp_to_mqtt.dir/C_/Program_Files/Raspberry_Pi/Pico_SDK_v1.5.1/pico-sdk/src/rp2_common/hardware_watchdog/watchdog.c.obj
                0x10002a24                watchdog_start_tick
 .text.watchdog_reboot
                0x10002a34       0x98 CMakeFiles/core_temp_to_mqtt.dir/C_/Program_Files/Raspberry_Pi/Pico_SDK_v1.5.1/pico-sdk/src/rp2_common/hardware_watchdog/watchdog.c.obj
                0x10002a34                watchdog_reboot
 .text.xosc_init
                0x10002acc       0x28 CMakeFiles/core_temp_to_mqtt.dir/C_/Program_Files/Raspberry_Pi/Pico_SDK_v1.5.1/pico-sdk/src/rp2_common/hardware_xosc/xosc.c.obj
                0x10002acc                xosc_init
 .text.lwip_init
                0x10002af4       0x24 CMakeFiles/core_temp_to_mqtt.dir/C_/Program_Files/Raspberry_Pi/Pico_SDK_v1.5.1/pico-sdk/lib/lwip/src/core/init.c.obj
                0x10002af4                lwip_init
 .text.lwip_htons
                0x10002b18        0x8 CMakeFiles/core_temp_to_mqtt.dir/C_/Program_Files/Raspberry_Pi/Pico_SDK_v1.5.1/pico-sdk/lib/lwip/src/core/def.c.obj
                0x10002b18                lwip_htons
 .text.lwip_htonl
                0x10002b20        0x4 CMakeFiles/core_temp_to_mqtt.dir/C_/Program_Files/Raspberry_Pi/Pico_SDK_v1.5.1/pico-sdk/lib/lwip/src/core/def.c.obj
                0x10002b20                lwip_htonl
 .text.dns_call_found
                0x10002b24      0x134 CMakeFiles/core_temp_to_mqtt.dir/C_/Program_Files/Raspberry_Pi/Pico_SDK_v1.5.1/pico-sdk/lib/lwip/src/core/dns.c.obj
 .text.dns_send.isra.0
                0x10002c58      0x168 CMakeFiles/core_temp_to_mqtt.dir/C_/Program_Files/Raspberry_Pi/Pico_SDK_v1.5.1/pico-sdk/lib/lwip/src/core/dns.c.obj
 .text.dns_init
                0x10002dc0        0x4 CMakeFiles/core_temp_to_mqtt.dir/C_/Program_Files/Raspberry_Pi/Pico_SDK_v1.5.1/pico-sdk/lib/lwip/src/core/dns.c.obj
                0x10002dc0                dns_init
 .text.dns_setserver
                0x10002dc4       0x2c CMakeFiles/core_temp_to_mqtt.dir/C_/Program_Files/Raspberry_Pi/Pico_SDK_v1.5.1/pico-sdk/lib/lwip/src/core/dns.c.obj
                0x10002dc4                dns_setserver
 .text.dns_tmr  0x10002df0      0x138 CMakeFiles/core_temp_to_mqtt.dir/C_/Program_Files/Raspberry_Pi/Pico_SDK_v1.5.1/pico-sdk/lib/lwip/src/core/dns.c.obj
                0x10002df0                dns_tmr
 .text.lwip_standard_chksum
                0x10002f28       0xd8 CMakeFiles/core_temp_to_mqtt.dir/C_/Program_Files/Raspberry_Pi/Pico_SDK_v1.5.1/pico-sdk/lib/lwip/src/core/inet_chksum.c.obj
                0x10002f28                lwip_standard_chksum
 .text.inet_chksum_pseudo
                0x10003000       0xb4 CMakeFiles/core_temp_to_mqtt.dir/C_/Program_Files/Raspberry_Pi/Pico_SDK_v1.5.1/pico-sdk/lib/lwip/src/core/inet_chksum.c.obj
                0x10003000                inet_chksum_pseudo
 .text.ip_chksum_pseudo
                0x100030b4       0x10 CMakeFiles/core_temp_to_mqtt.dir/C_/Program_Files/Raspberry_Pi/Pico_SDK_v1.5.1/pico-sdk/lib/lwip/src/core/inet_chksum.c.obj
                0x100030b4                ip_chksum_pseudo
 .text.inet_chksum
                0x100030c4        0xc CMakeFiles/core_temp_to_mqtt.dir/C_/Program_Files/Raspberry_Pi/Pico_SDK_v1.5.1/pico-sdk/lib/lwip/src/core/inet_chksum.c.obj
                0x100030c4                inet_chksum
 .text.inet_chksum_pbuf
                0x100030d0       0x6c CMakeFiles/core_temp_to_mqtt.dir/C_/Program_Files/Raspberry_Pi/Pico_SDK_v1.5.1/pico-sdk/lib/lwip/src/core/inet_chksum.c.obj
                0x100030d0                inet_chksum_pbuf
 .text.mem_init
                0x1000313c       0x40 CMakeFiles/core_temp_to_mqtt.dir/C_/Program_Files/Raspberry_Pi/Pico_SDK_v1.5.1/pico-sdk/lib/lwip/src/core/mem.c.obj
                0x1000313c                mem_init
 .text.mem_free
                0x1000317c      0x11c CMakeFiles/core_temp_to_mqtt.dir/C_/Program_Files/Raspberry_Pi/Pico_SDK_v1.5.1/pico-sdk/lib/lwip/src/core/mem.c.obj
                0x1000317c                mem_free
 .text.mem_trim
                0x10003298      0x110 CMakeFiles/core_temp_to_mqtt.dir/C_/Program_Files/Raspberry_Pi/Pico_SDK_v1.5.1/pico-sdk/lib/lwip/src/core/mem.c.obj
                0x10003298                mem_trim
 .text.mem_malloc
                0x100033a8      0x120 CMakeFiles/core_temp_to_mqtt.dir/C_/Program_Files/Raspberry_Pi/Pico_SDK_v1.5.1/pico-sdk/lib/lwip/src/core/mem.c.obj
                0x100033a8                mem_malloc
 .text.mem_calloc
                0x100034c8       0x28 CMakeFiles/core_temp_to_mqtt.dir/C_/Program_Files/Raspberry_Pi/Pico_SDK_v1.5.1/pico-sdk/lib/lwip/src/core/mem.c.obj
                0x100034c8                mem_calloc
 .text.memp_init
                0x100034f0       0x6c CMakeFiles/core_temp_to_mqtt.dir/C_/Program_Files/Raspberry_Pi/Pico_SDK_v1.5.1/pico-sdk/lib/lwip/src/core/memp.c.obj
                0x100034f0                memp_init
 .text.memp_malloc
                0x1000355c       0x3c CMakeFiles/core_temp_to_mqtt.dir/C_/Program_Files/Raspberry_Pi/Pico_SDK_v1.5.1/pico-sdk/lib/lwip/src/core/memp.c.obj
                0x1000355c                memp_malloc
 .text.memp_free
                0x10003598       0x38 CMakeFiles/core_temp_to_mqtt.dir/C_/Program_Files/Raspberry_Pi/Pico_SDK_v1.5.1/pico-sdk/lib/lwip/src/core/memp.c.obj
                0x10003598                memp_free
 .text.netif_null_output_ip4
                0x100035d0        0x8 CMakeFiles/core_temp_to_mqtt.dir/C_/Program_Files/Raspberry_Pi/Pico_SDK_v1.5.1/pico-sdk/lib/lwip/src/core/netif.c.obj
 .text.netif_do_set_ipaddr.isra.0
                0x100035d8       0x70 CMakeFiles/core_temp_to_mqtt.dir/C_/Program_Files/Raspberry_Pi/Pico_SDK_v1.5.1/pico-sdk/lib/lwip/src/core/netif.c.obj
 .text.netif_init
                0x10003648        0x4 CMakeFiles/core_temp_to_mqtt.dir/C_/Program_Files/Raspberry_Pi/Pico_SDK_v1.5.1/pico-sdk/lib/lwip/src/core/netif.c.obj
                0x10003648                netif_init
 .text.netif_add
                0x1000364c      0x144 CMakeFiles/core_temp_to_mqtt.dir/C_/Program_Files/Raspberry_Pi/Pico_SDK_v1.5.1/pico-sdk/lib/lwip/src/core/netif.c.obj
                0x1000364c                netif_add
 .text.netif_set_addr
                0x10003790       0xb8 CMakeFiles/core_temp_to_mqtt.dir/C_/Program_Files/Raspberry_Pi/Pico_SDK_v1.5.1/pico-sdk/lib/lwip/src/core/netif.c.obj
                0x10003790                netif_set_addr
 .text.netif_remove
                0x10003848       0x94 CMakeFiles/core_temp_to_mqtt.dir/C_/Program_Files/Raspberry_Pi/Pico_SDK_v1.5.1/pico-sdk/lib/lwip/src/core/netif.c.obj
                0x10003848                netif_remove
 .text.netif_set_default
                0x100038dc        0xc CMakeFiles/core_temp_to_mqtt.dir/C_/Program_Files/Raspberry_Pi/Pico_SDK_v1.5.1/pico-sdk/lib/lwip/src/core/netif.c.obj
                0x100038dc                netif_set_default
 .text.netif_set_up
                0x100038e8       0x40 CMakeFiles/core_temp_to_mqtt.dir/C_/Program_Files/Raspberry_Pi/Pico_SDK_v1.5.1/pico-sdk/lib/lwip/src/core/netif.c.obj
                0x100038e8                netif_set_up
 .text.netif_set_link_up
                0x10003928       0x44 CMakeFiles/core_temp_to_mqtt.dir/C_/Program_Files/Raspberry_Pi/Pico_SDK_v1.5.1/pico-sdk/lib/lwip/src/core/netif.c.obj
                0x10003928                netif_set_link_up
 .text.netif_set_link_down
                0x1000396c       0x20 CMakeFiles/core_temp_to_mqtt.dir/C_/Program_Files/Raspberry_Pi/Pico_SDK_v1.5.1/pico-sdk/lib/lwip/src/core/netif.c.obj
                0x1000396c                netif_set_link_down
 .text.netif_get_by_index
                0x1000398c       0x2c CMakeFiles/core_temp_to_mqtt.dir/C_/Program_Files/Raspberry_Pi/Pico_SDK_v1.5.1/pico-sdk/lib/lwip/src/core/netif.c.obj
                0x1000398c                netif_get_by_index
 .text.pbuf_free.part.0
                0x100039b8       0x7c CMakeFiles/core_temp_to_mqtt.dir/C_/Program_Files/Raspberry_Pi/Pico_SDK_v1.5.1/pico-sdk/lib/lwip/src/core/pbuf.c.obj
 .text.pbuf_free_ooseq
                0x10003a34       0x34 CMakeFiles/core_temp_to_mqtt.dir/C_/Program_Files/Raspberry_Pi/Pico_SDK_v1.5.1/pico-sdk/lib/lwip/src/core/pbuf.c.obj
                0x10003a34                pbuf_free_ooseq
 .text.pbuf_alloc
                0x10003a68      0x130 CMakeFiles/core_temp_to_mqtt.dir/C_/Program_Files/Raspberry_Pi/Pico_SDK_v1.5.1/pico-sdk/lib/lwip/src/core/pbuf.c.obj
                0x10003a68                pbuf_alloc
 .text.pbuf_realloc
                0x10003b98       0x88 CMakeFiles/core_temp_to_mqtt.dir/C_/Program_Files/Raspberry_Pi/Pico_SDK_v1.5.1/pico-sdk/lib/lwip/src/core/pbuf.c.obj
                0x10003b98                pbuf_realloc
 .text.pbuf_add_header
                0x10003c20       0x54 CMakeFiles/core_temp_to_mqtt.dir/C_/Program_Files/Raspberry_Pi/Pico_SDK_v1.5.1/pico-sdk/lib/lwip/src/core/pbuf.c.obj
                0x10003c20                pbuf_add_header
 .text.pbuf_remove_header
                0x10003c74       0x44 CMakeFiles/core_temp_to_mqtt.dir/C_/Program_Files/Raspberry_Pi/Pico_SDK_v1.5.1/pico-sdk/lib/lwip/src/core/pbuf.c.obj
                0x10003c74                pbuf_remove_header
 .text.pbuf_header_force
                0x10003cb8       0x74 CMakeFiles/core_temp_to_mqtt.dir/C_/Program_Files/Raspberry_Pi/Pico_SDK_v1.5.1/pico-sdk/lib/lwip/src/core/pbuf.c.obj
                0x10003cb8                pbuf_header_force
 .text.pbuf_free
                0x10003d2c       0x18 CMakeFiles/core_temp_to_mqtt.dir/C_/Program_Files/Raspberry_Pi/Pico_SDK_v1.5.1/pico-sdk/lib/lwip/src/core/pbuf.c.obj
                0x10003d2c                pbuf_free
 .text.pbuf_clen
                0x10003d44       0x14 CMakeFiles/core_temp_to_mqtt.dir/C_/Program_Files/Raspberry_Pi/Pico_SDK_v1.5.1/pico-sdk/lib/lwip/src/core/pbuf.c.obj
                0x10003d44                pbuf_clen
 .text.pbuf_ref
                0x10003d58       0x28 CMakeFiles/core_temp_to_mqtt.dir/C_/Program_Files/Raspberry_Pi/Pico_SDK_v1.5.1/pico-sdk/lib/lwip/src/core/pbuf.c.obj
                0x10003d58                pbuf_ref
 .text.pbuf_cat
                0x10003d80       0x3c CMakeFiles/core_temp_to_mqtt.dir/C_/Program_Files/Raspberry_Pi/Pico_SDK_v1.5.1/pico-sdk/lib/lwip/src/core/pbuf.c.obj
                0x10003d80                pbuf_cat
 .text.pbuf_chain
                0x10003dbc       0x64 CMakeFiles/core_temp_to_mqtt.dir/C_/Program_Files/Raspberry_Pi/Pico_SDK_v1.5.1/pico-sdk/lib/lwip/src/core/pbuf.c.obj
                0x10003dbc                pbuf_chain
 .text.pbuf_copy_partial_pbuf
                0x10003e20      0x13c CMakeFiles/core_temp_to_mqtt.dir/C_/Program_Files/Raspberry_Pi/Pico_SDK_v1.5.1/pico-sdk/lib/lwip/src/core/pbuf.c.obj
                0x10003e20                pbuf_copy_partial_pbuf
 .text.pbuf_copy
                0x10003f5c       0x18 CMakeFiles/core_temp_to_mqtt.dir/C_/Program_Files/Raspberry_Pi/Pico_SDK_v1.5.1/pico-sdk/lib/lwip/src/core/pbuf.c.obj
                0x10003f5c                pbuf_copy
 .text.pbuf_copy_partial
                0x10003f74       0x70 CMakeFiles/core_temp_to_mqtt.dir/C_/Program_Files/Raspberry_Pi/Pico_SDK_v1.5.1/pico-sdk/lib/lwip/src/core/pbuf.c.obj
                0x10003f74                pbuf_copy_partial
 .text.pbuf_get_contiguous
                0x10003fe4       0xa0 CMakeFiles/core_temp_to_mqtt.dir/C_/Program_Files/Raspberry_Pi/Pico_SDK_v1.5.1/pico-sdk/lib/lwip/src/core/pbuf.c.obj
                0x10003fe4                pbuf_get_contiguous
 .text.pbuf_take
                0x10004084       0x78 CMakeFiles/core_temp_to_mqtt.dir/C_/Program_Files/Raspberry_Pi/Pico_SDK_v1.5.1/pico-sdk/lib/lwip/src/core/pbuf.c.obj
                0x10004084                pbuf_take
 .text.pbuf_take_at
                0x100040fc       0xc0 CMakeFiles/core_temp_to_mqtt.dir/C_/Program_Files/Raspberry_Pi/Pico_SDK_v1.5.1/pico-sdk/lib/lwip/src/core/pbuf.c.obj
                0x100040fc                pbuf_take_at
 .text.pbuf_clone
                0x100041bc       0x30 CMakeFiles/core_temp_to_mqtt.dir/C_/Program_Files/Raspberry_Pi/Pico_SDK_v1.5.1/pico-sdk/lib/lwip/src/core/pbuf.c.obj
                0x100041bc                pbuf_clone
 .text.pbuf_get_at
                0x100041ec       0x20 CMakeFiles/core_temp_to_mqtt.dir/C_/Program_Files/Raspberry_Pi/Pico_SDK_v1.5.1/pico-sdk/lib/lwip/src/core/pbuf.c.obj
                0x100041ec                pbuf_get_at
 .text.pbuf_put_at
                0x1000420c       0x1c CMakeFiles/core_temp_to_mqtt.dir/C_/Program_Files/Raspberry_Pi/Pico_SDK_v1.5.1/pico-sdk/lib/lwip/src/core/pbuf.c.obj
                0x1000420c                pbuf_put_at
 .text.raw_input
                0x10004228       0xf0 CMakeFiles/core_temp_to_mqtt.dir/C_/Program_Files/Raspberry_Pi/Pico_SDK_v1.5.1/pico-sdk/lib/lwip/src/core/raw.c.obj
                0x10004228                raw_input
 .text.raw_netif_ip_addr_changed
                0x10004318       0x40 CMakeFiles/core_temp_to_mqtt.dir/C_/Program_Files/Raspberry_Pi/Pico_SDK_v1.5.1/pico-sdk/lib/lwip/src/core/raw.c.obj
                0x10004318                raw_netif_ip_addr_changed
 .text.stats_init
                0x10004358        0x4 CMakeFiles/core_temp_to_mqtt.dir/C_/Program_Files/Raspberry_Pi/Pico_SDK_v1.5.1/pico-sdk/lib/lwip/src/core/stats.c.obj
                0x10004358                stats_init
 .text.tcp_close_shutdown_fin
                0x1000435c       0x58 CMakeFiles/core_temp_to_mqtt.dir/C_/Program_Files/Raspberry_Pi/Pico_SDK_v1.5.1/pico-sdk/lib/lwip/src/core/tcp.c.obj
 .text.tcp_pcb_purge.part.0
                0x100043b4       0xc4 CMakeFiles/core_temp_to_mqtt.dir/C_/Program_Files/Raspberry_Pi/Pico_SDK_v1.5.1/pico-sdk/lib/lwip/src/core/tcp.c.obj
 .text.tcp_init
                0x10004478       0x20 CMakeFiles/core_temp_to_mqtt.dir/C_/Program_Files/Raspberry_Pi/Pico_SDK_v1.5.1/pico-sdk/lib/lwip/src/core/tcp.c.obj
                0x10004478                tcp_init
 .text.tcp_free
                0x10004498       0x1c CMakeFiles/core_temp_to_mqtt.dir/C_/Program_Files/Raspberry_Pi/Pico_SDK_v1.5.1/pico-sdk/lib/lwip/src/core/tcp.c.obj
                0x10004498                tcp_free
 .text.tcp_bind
                0x100044b4       0xf8 CMakeFiles/core_temp_to_mqtt.dir/C_/Program_Files/Raspberry_Pi/Pico_SDK_v1.5.1/pico-sdk/lib/lwip/src/core/tcp.c.obj
                0x100044b4                tcp_bind
 .text.tcp_update_rcv_ann_wnd
                0x100045ac       0x60 CMakeFiles/core_temp_to_mqtt.dir/C_/Program_Files/Raspberry_Pi/Pico_SDK_v1.5.1/pico-sdk/lib/lwip/src/core/tcp.c.obj
                0x100045ac                tcp_update_rcv_ann_wnd
 .text.tcp_recved
                0x1000460c       0x98 CMakeFiles/core_temp_to_mqtt.dir/C_/Program_Files/Raspberry_Pi/Pico_SDK_v1.5.1/pico-sdk/lib/lwip/src/core/tcp.c.obj
                0x1000460c                tcp_recved
 .text.tcp_connect
                0x100046a4      0x1a8 CMakeFiles/core_temp_to_mqtt.dir/C_/Program_Files/Raspberry_Pi/Pico_SDK_v1.5.1/pico-sdk/lib/lwip/src/core/tcp.c.obj
                0x100046a4                tcp_connect
 .text.tcp_slowtmr
                0x1000484c      0x4dc CMakeFiles/core_temp_to_mqtt.dir/C_/Program_Files/Raspberry_Pi/Pico_SDK_v1.5.1/pico-sdk/lib/lwip/src/core/tcp.c.obj
                0x1000484c                tcp_slowtmr
 .text.tcp_segs_free
                0x10004d28       0x38 CMakeFiles/core_temp_to_mqtt.dir/C_/Program_Files/Raspberry_Pi/Pico_SDK_v1.5.1/pico-sdk/lib/lwip/src/core/tcp.c.obj
                0x10004d28                tcp_segs_free
 .text.tcp_seg_free
                0x10004d60       0x1c CMakeFiles/core_temp_to_mqtt.dir/C_/Program_Files/Raspberry_Pi/Pico_SDK_v1.5.1/pico-sdk/lib/lwip/src/core/tcp.c.obj
                0x10004d60                tcp_seg_free
 .text.tcp_seg_copy
                0x10004d7c       0x2c CMakeFiles/core_temp_to_mqtt.dir/C_/Program_Files/Raspberry_Pi/Pico_SDK_v1.5.1/pico-sdk/lib/lwip/src/core/tcp.c.obj
                0x10004d7c                tcp_seg_copy
 .text.tcp_arg  0x10004da8        0x8 CMakeFiles/core_temp_to_mqtt.dir/C_/Program_Files/Raspberry_Pi/Pico_SDK_v1.5.1/pico-sdk/lib/lwip/src/core/tcp.c.obj
                0x10004da8                tcp_arg
 .text.tcp_recv
                0x10004db0       0x1c CMakeFiles/core_temp_to_mqtt.dir/C_/Program_Files/Raspberry_Pi/Pico_SDK_v1.5.1/pico-sdk/lib/lwip/src/core/tcp.c.obj
                0x10004db0                tcp_recv
 .text.tcp_sent
                0x10004dcc       0x1c CMakeFiles/core_temp_to_mqtt.dir/C_/Program_Files/Raspberry_Pi/Pico_SDK_v1.5.1/pico-sdk/lib/lwip/src/core/tcp.c.obj
                0x10004dcc                tcp_sent
 .text.tcp_err  0x10004de8       0x1c CMakeFiles/core_temp_to_mqtt.dir/C_/Program_Files/Raspberry_Pi/Pico_SDK_v1.5.1/pico-sdk/lib/lwip/src/core/tcp.c.obj
                0x10004de8                tcp_err
 .text.tcp_poll
                0x10004e04       0x20 CMakeFiles/core_temp_to_mqtt.dir/C_/Program_Files/Raspberry_Pi/Pico_SDK_v1.5.1/pico-sdk/lib/lwip/src/core/tcp.c.obj
                0x10004e04                tcp_poll
 .text.tcp_pcb_purge
                0x10004e24       0x18 CMakeFiles/core_temp_to_mqtt.dir/C_/Program_Files/Raspberry_Pi/Pico_SDK_v1.5.1/pico-sdk/lib/lwip/src/core/tcp.c.obj
                0x10004e24                tcp_pcb_purge
 .text.tcp_pcb_remove
                0x10004e3c       0xc8 CMakeFiles/core_temp_to_mqtt.dir/C_/Program_Files/Raspberry_Pi/Pico_SDK_v1.5.1/pico-sdk/lib/lwip/src/core/tcp.c.obj
                0x10004e3c                tcp_pcb_remove
 .text.tcp_abandon
                0x10004f04      0x1ac CMakeFiles/core_temp_to_mqtt.dir/C_/Program_Files/Raspberry_Pi/Pico_SDK_v1.5.1/pico-sdk/lib/lwip/src/core/tcp.c.obj
                0x10004f04                tcp_abandon
 .text.tcp_abort
                0x100050b0        0xc CMakeFiles/core_temp_to_mqtt.dir/C_/Program_Files/Raspberry_Pi/Pico_SDK_v1.5.1/pico-sdk/lib/lwip/src/core/tcp.c.obj
                0x100050b0                tcp_abort
 .text.tcp_alloc
                0x100050bc      0x1cc CMakeFiles/core_temp_to_mqtt.dir/C_/Program_Files/Raspberry_Pi/Pico_SDK_v1.5.1/pico-sdk/lib/lwip/src/core/tcp.c.obj
                0x100050bc                tcp_alloc
 .text.tcp_new_ip_type
                0x10005288      0x1ac CMakeFiles/core_temp_to_mqtt.dir/C_/Program_Files/Raspberry_Pi/Pico_SDK_v1.5.1/pico-sdk/lib/lwip/src/core/tcp.c.obj
                0x10005288                tcp_new_ip_type
 .text.tcp_close_shutdown
                0x10005434      0x18c CMakeFiles/core_temp_to_mqtt.dir/C_/Program_Files/Raspberry_Pi/Pico_SDK_v1.5.1/pico-sdk/lib/lwip/src/core/tcp.c.obj
 .text.tcp_recv_null
                0x100055c0       0xd4 CMakeFiles/core_temp_to_mqtt.dir/C_/Program_Files/Raspberry_Pi/Pico_SDK_v1.5.1/pico-sdk/lib/lwip/src/core/tcp.c.obj
                0x100055c0                tcp_recv_null
 .text.tcp_process_refused_data
                0x10005694       0x78 CMakeFiles/core_temp_to_mqtt.dir/C_/Program_Files/Raspberry_Pi/Pico_SDK_v1.5.1/pico-sdk/lib/lwip/src/core/tcp.c.obj
                0x10005694                tcp_process_refused_data
 .text.tcp_fasttmr
                0x1000570c       0x98 CMakeFiles/core_temp_to_mqtt.dir/C_/Program_Files/Raspberry_Pi/Pico_SDK_v1.5.1/pico-sdk/lib/lwip/src/core/tcp.c.obj
                0x1000570c                tcp_fasttmr
 .text.tcp_tmr  0x100057a4       0x20 CMakeFiles/core_temp_to_mqtt.dir/C_/Program_Files/Raspberry_Pi/Pico_SDK_v1.5.1/pico-sdk/lib/lwip/src/core/tcp.c.obj
                0x100057a4                tcp_tmr
 .text.tcp_close
                0x100057c4      0x174 CMakeFiles/core_temp_to_mqtt.dir/C_/Program_Files/Raspberry_Pi/Pico_SDK_v1.5.1/pico-sdk/lib/lwip/src/core/tcp.c.obj
                0x100057c4                tcp_close
 .text.tcp_next_iss
                0x10005938       0x28 CMakeFiles/core_temp_to_mqtt.dir/C_/Program_Files/Raspberry_Pi/Pico_SDK_v1.5.1/pico-sdk/lib/lwip/src/core/tcp.c.obj
                0x10005938                tcp_next_iss
 .text.tcp_eff_send_mss_netif
                0x10005960       0x38 CMakeFiles/core_temp_to_mqtt.dir/C_/Program_Files/Raspberry_Pi/Pico_SDK_v1.5.1/pico-sdk/lib/lwip/src/core/tcp.c.obj
                0x10005960                tcp_eff_send_mss_netif
 .text.tcp_netif_ip_addr_changed
                0x10005998       0x9c CMakeFiles/core_temp_to_mqtt.dir/C_/Program_Files/Raspberry_Pi/Pico_SDK_v1.5.1/pico-sdk/lib/lwip/src/core/tcp.c.obj
                0x10005998                tcp_netif_ip_addr_changed
 .text.tcp_free_ooseq
                0x10005a34       0x40 CMakeFiles/core_temp_to_mqtt.dir/C_/Program_Files/Raspberry_Pi/Pico_SDK_v1.5.1/pico-sdk/lib/lwip/src/core/tcp.c.obj
                0x10005a34                tcp_free_ooseq
 .text.tcp_parseopt
                0x10005a74      0x190 CMakeFiles/core_temp_to_mqtt.dir/C_/Program_Files/Raspberry_Pi/Pico_SDK_v1.5.1/pico-sdk/lib/lwip/src/core/tcp_in.c.obj
 .text.tcp_oos_insert_segment
                0x10005c04       0xe0 CMakeFiles/core_temp_to_mqtt.dir/C_/Program_Files/Raspberry_Pi/Pico_SDK_v1.5.1/pico-sdk/lib/lwip/src/core/tcp_in.c.obj
 .text.tcp_free_acked_segments.constprop.0
                0x10005ce4       0xdc CMakeFiles/core_temp_to_mqtt.dir/C_/Program_Files/Raspberry_Pi/Pico_SDK_v1.5.1/pico-sdk/lib/lwip/src/core/tcp_in.c.obj
 .text.tcp_receive
                0x10005dc0      0xa4c CMakeFiles/core_temp_to_mqtt.dir/C_/Program_Files/Raspberry_Pi/Pico_SDK_v1.5.1/pico-sdk/lib/lwip/src/core/tcp_in.c.obj
 .text.tcp_input
                0x1000680c      0xda4 CMakeFiles/core_temp_to_mqtt.dir/C_/Program_Files/Raspberry_Pi/Pico_SDK_v1.5.1/pico-sdk/lib/lwip/src/core/tcp_in.c.obj
                0x1000680c                tcp_input
 .text.tcp_trigger_input_pcb_close
                0x100075b0       0x10 CMakeFiles/core_temp_to_mqtt.dir/C_/Program_Files/Raspberry_Pi/Pico_SDK_v1.5.1/pico-sdk/lib/lwip/src/core/tcp_in.c.obj
                0x100075b0                tcp_trigger_input_pcb_close
 .text.tcp_create_segment
                0x100075c0       0xf8 CMakeFiles/core_temp_to_mqtt.dir/C_/Program_Files/Raspberry_Pi/Pico_SDK_v1.5.1/pico-sdk/lib/lwip/src/core/tcp_out.c.obj
 .text.tcp_output_control_segment
                0x100076b8       0xc0 CMakeFiles/core_temp_to_mqtt.dir/C_/Program_Files/Raspberry_Pi/Pico_SDK_v1.5.1/pico-sdk/lib/lwip/src/core/tcp_out.c.obj
 .text.tcp_output_alloc_header.constprop.0
                0x10007778       0xcc CMakeFiles/core_temp_to_mqtt.dir/C_/Program_Files/Raspberry_Pi/Pico_SDK_v1.5.1/pico-sdk/lib/lwip/src/core/tcp_out.c.obj
 .text.tcp_write
                0x10007844      0x494 CMakeFiles/core_temp_to_mqtt.dir/C_/Program_Files/Raspberry_Pi/Pico_SDK_v1.5.1/pico-sdk/lib/lwip/src/core/tcp_out.c.obj
                0x10007844                tcp_write
 .text.tcp_split_unsent_seg
                0x10007cd8      0x1c4 CMakeFiles/core_temp_to_mqtt.dir/C_/Program_Files/Raspberry_Pi/Pico_SDK_v1.5.1/pico-sdk/lib/lwip/src/core/tcp_out.c.obj
                0x10007cd8                tcp_split_unsent_seg
 .text.tcp_send_fin
                0x10007e9c      0x12c CMakeFiles/core_temp_to_mqtt.dir/C_/Program_Files/Raspberry_Pi/Pico_SDK_v1.5.1/pico-sdk/lib/lwip/src/core/tcp_out.c.obj
                0x10007e9c                tcp_send_fin
 .text.tcp_enqueue_flags
                0x10007fc8      0x124 CMakeFiles/core_temp_to_mqtt.dir/C_/Program_Files/Raspberry_Pi/Pico_SDK_v1.5.1/pico-sdk/lib/lwip/src/core/tcp_out.c.obj
                0x10007fc8                tcp_enqueue_flags
 .text.tcp_rexmit_rto_prepare
                0x100080ec       0x9c CMakeFiles/core_temp_to_mqtt.dir/C_/Program_Files/Raspberry_Pi/Pico_SDK_v1.5.1/pico-sdk/lib/lwip/src/core/tcp_out.c.obj
                0x100080ec                tcp_rexmit_rto_prepare
 .text.tcp_rexmit
                0x10008188       0x9c CMakeFiles/core_temp_to_mqtt.dir/C_/Program_Files/Raspberry_Pi/Pico_SDK_v1.5.1/pico-sdk/lib/lwip/src/core/tcp_out.c.obj
                0x10008188                tcp_rexmit
 .text.tcp_rexmit_fast
                0x10008224       0x64 CMakeFiles/core_temp_to_mqtt.dir/C_/Program_Files/Raspberry_Pi/Pico_SDK_v1.5.1/pico-sdk/lib/lwip/src/core/tcp_out.c.obj
                0x10008224                tcp_rexmit_fast
 .text.tcp_rst  0x10008288       0xe8 CMakeFiles/core_temp_to_mqtt.dir/C_/Program_Files/Raspberry_Pi/Pico_SDK_v1.5.1/pico-sdk/lib/lwip/src/core/tcp_out.c.obj
                0x10008288                tcp_rst
 .text.tcp_rst_netif
                0x10008370      0x130 CMakeFiles/core_temp_to_mqtt.dir/C_/Program_Files/Raspberry_Pi/Pico_SDK_v1.5.1/pico-sdk/lib/lwip/src/core/tcp_out.c.obj
                0x10008370                tcp_rst_netif
 .text.tcp_send_empty_ack
                0x100084a0       0x54 CMakeFiles/core_temp_to_mqtt.dir/C_/Program_Files/Raspberry_Pi/Pico_SDK_v1.5.1/pico-sdk/lib/lwip/src/core/tcp_out.c.obj
                0x100084a0                tcp_send_empty_ack
 .text.tcp_output
                0x100084f4      0x46c CMakeFiles/core_temp_to_mqtt.dir/C_/Program_Files/Raspberry_Pi/Pico_SDK_v1.5.1/pico-sdk/lib/lwip/src/core/tcp_out.c.obj
                0x100084f4                tcp_output
 .text.tcp_rexmit_rto_commit
                0x10008960       0x24 CMakeFiles/core_temp_to_mqtt.dir/C_/Program_Files/Raspberry_Pi/Pico_SDK_v1.5.1/pico-sdk/lib/lwip/src/core/tcp_out.c.obj
                0x10008960                tcp_rexmit_rto_commit
 .text.tcp_rexmit_rto
                0x10008984       0xa4 CMakeFiles/core_temp_to_mqtt.dir/C_/Program_Files/Raspberry_Pi/Pico_SDK_v1.5.1/pico-sdk/lib/lwip/src/core/tcp_out.c.obj
                0x10008984                tcp_rexmit_rto
 .text.tcp_keepalive
                0x10008a28       0xe0 CMakeFiles/core_temp_to_mqtt.dir/C_/Program_Files/Raspberry_Pi/Pico_SDK_v1.5.1/pico-sdk/lib/lwip/src/core/tcp_out.c.obj
                0x10008a28                tcp_keepalive
 .text.tcp_zero_window_probe
                0x10008b08      0x108 CMakeFiles/core_temp_to_mqtt.dir/C_/Program_Files/Raspberry_Pi/Pico_SDK_v1.5.1/pico-sdk/lib/lwip/src/core/tcp_out.c.obj
                0x10008b08                tcp_zero_window_probe
 .text.sys_timeout_abs
                0x10008c10       0x48 CMakeFiles/core_temp_to_mqtt.dir/C_/Program_Files/Raspberry_Pi/Pico_SDK_v1.5.1/pico-sdk/lib/lwip/src/core/timeouts.c.obj
 .text.lwip_cyclic_timer
                0x10008c58       0x38 CMakeFiles/core_temp_to_mqtt.dir/C_/Program_Files/Raspberry_Pi/Pico_SDK_v1.5.1/pico-sdk/lib/lwip/src/core/timeouts.c.obj
 .text.tcpip_tcp_timer
                0x10008c90       0x3c CMakeFiles/core_temp_to_mqtt.dir/C_/Program_Files/Raspberry_Pi/Pico_SDK_v1.5.1/pico-sdk/lib/lwip/src/core/timeouts.c.obj
 .text.tcp_timer_needed
                0x10008ccc       0x40 CMakeFiles/core_temp_to_mqtt.dir/C_/Program_Files/Raspberry_Pi/Pico_SDK_v1.5.1/pico-sdk/lib/lwip/src/core/timeouts.c.obj
                0x10008ccc                tcp_timer_needed
 .text.sys_timeouts_init
                0x10008d0c       0x90 CMakeFiles/core_temp_to_mqtt.dir/C_/Program_Files/Raspberry_Pi/Pico_SDK_v1.5.1/pico-sdk/lib/lwip/src/core/timeouts.c.obj
                0x10008d0c                sys_timeouts_init
 .text.sys_timeout
                0x10008d9c       0x60 CMakeFiles/core_temp_to_mqtt.dir/C_/Program_Files/Raspberry_Pi/Pico_SDK_v1.5.1/pico-sdk/lib/lwip/src/core/timeouts.c.obj
                0x10008d9c                sys_timeout
 .text.sys_untimeout
                0x10008dfc       0x40 CMakeFiles/core_temp_to_mqtt.dir/C_/Program_Files/Raspberry_Pi/Pico_SDK_v1.5.1/pico-sdk/lib/lwip/src/core/timeouts.c.obj
                0x10008dfc                sys_untimeout
 .text.sys_check_timeouts
                0x10008e3c       0x68 CMakeFiles/core_temp_to_mqtt.dir/C_/Program_Files/Raspberry_Pi/Pico_SDK_v1.5.1/pico-sdk/lib/lwip/src/core/timeouts.c.obj
                0x10008e3c                sys_check_timeouts
 .text.sys_timeouts_sleeptime
                0x10008ea4       0x28 CMakeFiles/core_temp_to_mqtt.dir/C_/Program_Files/Raspberry_Pi/Pico_SDK_v1.5.1/pico-sdk/lib/lwip/src/core/timeouts.c.obj
                0x10008ea4                sys_timeouts_sleeptime
 .text.udp_init
                0x10008ecc       0x20 CMakeFiles/core_temp_to_mqtt.dir/C_/Program_Files/Raspberry_Pi/Pico_SDK_v1.5.1/pico-sdk/lib/lwip/src/core/udp.c.obj
                0x10008ecc                udp_init
 .text.udp_input
                0x10008eec      0x24c CMakeFiles/core_temp_to_mqtt.dir/C_/Program_Files/Raspberry_Pi/Pico_SDK_v1.5.1/pico-sdk/lib/lwip/src/core/udp.c.obj
                0x10008eec                udp_input
 .text.udp_bind
                0x10009138      0x10c CMakeFiles/core_temp_to_mqtt.dir/C_/Program_Files/Raspberry_Pi/Pico_SDK_v1.5.1/pico-sdk/lib/lwip/src/core/udp.c.obj
                0x10009138                udp_bind
 .text.udp_sendto_if_src
                0x10009244      0x130 CMakeFiles/core_temp_to_mqtt.dir/C_/Program_Files/Raspberry_Pi/Pico_SDK_v1.5.1/pico-sdk/lib/lwip/src/core/udp.c.obj
                0x10009244                udp_sendto_if_src
 .text.udp_sendto_if
                0x10009374       0x48 CMakeFiles/core_temp_to_mqtt.dir/C_/Program_Files/Raspberry_Pi/Pico_SDK_v1.5.1/pico-sdk/lib/lwip/src/core/udp.c.obj
                0x10009374                udp_sendto_if
 .text.udp_sendto
                0x100093bc       0x7c CMakeFiles/core_temp_to_mqtt.dir/C_/Program_Files/Raspberry_Pi/Pico_SDK_v1.5.1/pico-sdk/lib/lwip/src/core/udp.c.obj
                0x100093bc                udp_sendto
 .text.udp_connect
                0x10009438       0x64 CMakeFiles/core_temp_to_mqtt.dir/C_/Program_Files/Raspberry_Pi/Pico_SDK_v1.5.1/pico-sdk/lib/lwip/src/core/udp.c.obj
                0x10009438                udp_connect
 .text.udp_recv
                0x1000949c        0xc CMakeFiles/core_temp_to_mqtt.dir/C_/Program_Files/Raspberry_Pi/Pico_SDK_v1.5.1/pico-sdk/lib/lwip/src/core/udp.c.obj
                0x1000949c                udp_recv
 .text.udp_remove
                0x100094a8       0x3c CMakeFiles/core_temp_to_mqtt.dir/C_/Program_Files/Raspberry_Pi/Pico_SDK_v1.5.1/pico-sdk/lib/lwip/src/core/udp.c.obj
                0x100094a8                udp_remove
 .text.udp_new  0x100094e4       0x1c CMakeFiles/core_temp_to_mqtt.dir/C_/Program_Files/Raspberry_Pi/Pico_SDK_v1.5.1/pico-sdk/lib/lwip/src/core/udp.c.obj
                0x100094e4                udp_new
 .text.udp_netif_ip_addr_changed
                0x10009500       0x40 CMakeFiles/core_temp_to_mqtt.dir/C_/Program_Files/Raspberry_Pi/Pico_SDK_v1.5.1/pico-sdk/lib/lwip/src/core/udp.c.obj
                0x10009500                udp_netif_ip_addr_changed
 .text.dhcp_create_msg
                0x10009540      0x16c CMakeFiles/core_temp_to_mqtt.dir/C_/Program_Files/Raspberry_Pi/Pico_SDK_v1.5.1/pico-sdk/lib/lwip/src/core/ipv4/dhcp.c.obj
 .text.dhcp_inc_pcb_refcount
                0x100096ac       0x6c CMakeFiles/core_temp_to_mqtt.dir/C_/Program_Files/Raspberry_Pi/Pico_SDK_v1.5.1/pico-sdk/lib/lwip/src/core/ipv4/dhcp.c.obj
 .text.dhcp_bind
                0x10009718      0x140 CMakeFiles/core_temp_to_mqtt.dir/C_/Program_Files/Raspberry_Pi/Pico_SDK_v1.5.1/pico-sdk/lib/lwip/src/core/ipv4/dhcp.c.obj
 .text.dhcp_option_hostname.isra.0
                0x10009858       0x8c CMakeFiles/core_temp_to_mqtt.dir/C_/Program_Files/Raspberry_Pi/Pico_SDK_v1.5.1/pico-sdk/lib/lwip/src/core/ipv4/dhcp.c.obj
 .text.dhcp_handle_ack.isra.0
                0x100098e4       0xcc CMakeFiles/core_temp_to_mqtt.dir/C_/Program_Files/Raspberry_Pi/Pico_SDK_v1.5.1/pico-sdk/lib/lwip/src/core/ipv4/dhcp.c.obj
 .text.dhcp_reboot.isra.0
                0x100099b0      0x1e4 CMakeFiles/core_temp_to_mqtt.dir/C_/Program_Files/Raspberry_Pi/Pico_SDK_v1.5.1/pico-sdk/lib/lwip/src/core/ipv4/dhcp.c.obj
 .text.dhcp_discover
                0x10009b94      0x198 CMakeFiles/core_temp_to_mqtt.dir/C_/Program_Files/Raspberry_Pi/Pico_SDK_v1.5.1/pico-sdk/lib/lwip/src/core/ipv4/dhcp.c.obj
 .text.dhcp_select.isra.0
                0x10009d2c      0x268 CMakeFiles/core_temp_to_mqtt.dir/C_/Program_Files/Raspberry_Pi/Pico_SDK_v1.5.1/pico-sdk/lib/lwip/src/core/ipv4/dhcp.c.obj
 .text.dhcp_recv
                0x10009f94      0x494 CMakeFiles/core_temp_to_mqtt.dir/C_/Program_Files/Raspberry_Pi/Pico_SDK_v1.5.1/pico-sdk/lib/lwip/src/core/ipv4/dhcp.c.obj
 .text.dhcp_set_struct
                0x1000a428       0x44 CMakeFiles/core_temp_to_mqtt.dir/C_/Program_Files/Raspberry_Pi/Pico_SDK_v1.5.1/pico-sdk/lib/lwip/src/core/ipv4/dhcp.c.obj
                0x1000a428                dhcp_set_struct
 .text.dhcp_network_changed_link_up
                0x1000a46c       0x40 CMakeFiles/core_temp_to_mqtt.dir/C_/Program_Files/Raspberry_Pi/Pico_SDK_v1.5.1/pico-sdk/lib/lwip/src/core/ipv4/dhcp.c.obj
                0x1000a46c                dhcp_network_changed_link_up
 .text.dhcp_renew
                0x1000a4ac      0x1b8 CMakeFiles/core_temp_to_mqtt.dir/C_/Program_Files/Raspberry_Pi/Pico_SDK_v1.5.1/pico-sdk/lib/lwip/src/core/ipv4/dhcp.c.obj
                0x1000a4ac                dhcp_renew
 .text.dhcp_release_and_stop
                0x1000a664      0x180 CMakeFiles/core_temp_to_mqtt.dir/C_/Program_Files/Raspberry_Pi/Pico_SDK_v1.5.1/pico-sdk/lib/lwip/src/core/ipv4/dhcp.c.obj
                0x1000a664                dhcp_release_and_stop
 .text.dhcp_start
                0x1000a7e4       0xb0 CMakeFiles/core_temp_to_mqtt.dir/C_/Program_Files/Raspberry_Pi/Pico_SDK_v1.5.1/pico-sdk/lib/lwip/src/core/ipv4/dhcp.c.obj
                0x1000a7e4                dhcp_start
 .text.dhcp_coarse_tmr
                0x1000a894      0x238 CMakeFiles/core_temp_to_mqtt.dir/C_/Program_Files/Raspberry_Pi/Pico_SDK_v1.5.1/pico-sdk/lib/lwip/src/core/ipv4/dhcp.c.obj
                0x1000a894                dhcp_coarse_tmr
 .text.dhcp_fine_tmr
                0x1000aacc       0x78 CMakeFiles/core_temp_to_mqtt.dir/C_/Program_Files/Raspberry_Pi/Pico_SDK_v1.5.1/pico-sdk/lib/lwip/src/core/ipv4/dhcp.c.obj
                0x1000aacc                dhcp_fine_tmr
 .text.dhcp_stop
                0x1000ab44      0x180 CMakeFiles/core_temp_to_mqtt.dir/C_/Program_Files/Raspberry_Pi/Pico_SDK_v1.5.1/pico-sdk/lib/lwip/src/core/ipv4/dhcp.c.obj
                0x1000ab44                dhcp_stop
 .text.etharp_find_entry
                0x1000acc4     0x1fbc CMakeFiles/core_temp_to_mqtt.dir/C_/Program_Files/Raspberry_Pi/Pico_SDK_v1.5.1/pico-sdk/lib/lwip/src/core/ipv4/etharp.c.obj
 .text.etharp_raw
                0x1000cc80       0xec CMakeFiles/core_temp_to_mqtt.dir/C_/Program_Files/Raspberry_Pi/Pico_SDK_v1.5.1/pico-sdk/lib/lwip/src/core/ipv4/etharp.c.obj
 .text.etharp_output_to_arp_index
                0x1000cd6c       0xe4 CMakeFiles/core_temp_to_mqtt.dir/C_/Program_Files/Raspberry_Pi/Pico_SDK_v1.5.1/pico-sdk/lib/lwip/src/core/ipv4/etharp.c.obj
 .text.etharp_tmr
                0x1000ce50       0x94 CMakeFiles/core_temp_to_mqtt.dir/C_/Program_Files/Raspberry_Pi/Pico_SDK_v1.5.1/pico-sdk/lib/lwip/src/core/ipv4/etharp.c.obj
                0x1000ce50                etharp_tmr
 .text.etharp_cleanup_netif
                0x1000cee4      0x188 CMakeFiles/core_temp_to_mqtt.dir/C_/Program_Files/Raspberry_Pi/Pico_SDK_v1.5.1/pico-sdk/lib/lwip/src/core/ipv4/etharp.c.obj
                0x1000cee4                etharp_cleanup_netif
 .text.etharp_input
                0x1000d06c      0x1b0 CMakeFiles/core_temp_to_mqtt.dir/C_/Program_Files/Raspberry_Pi/Pico_SDK_v1.5.1/pico-sdk/lib/lwip/src/core/ipv4/etharp.c.obj
                0x1000d06c                etharp_input
 .text.etharp_query
                0x1000d21c      0x1c0 CMakeFiles/core_temp_to_mqtt.dir/C_/Program_Files/Raspberry_Pi/Pico_SDK_v1.5.1/pico-sdk/lib/lwip/src/core/ipv4/etharp.c.obj
                0x1000d21c                etharp_query
 .text.etharp_output
                0x1000d3dc      0x24c CMakeFiles/core_temp_to_mqtt.dir/C_/Program_Files/Raspberry_Pi/Pico_SDK_v1.5.1/pico-sdk/lib/lwip/src/core/ipv4/etharp.c.obj
                0x1000d3dc                etharp_output
 .text.etharp_request
                0x1000d628       0x2c CMakeFiles/core_temp_to_mqtt.dir/C_/Program_Files/Raspberry_Pi/Pico_SDK_v1.5.1/pico-sdk/lib/lwip/src/core/ipv4/etharp.c.obj
                0x1000d628                etharp_request
 .text.icmp_input
                0x1000d654      0x1e8 CMakeFiles/core_temp_to_mqtt.dir/C_/Program_Files/Raspberry_Pi/Pico_SDK_v1.5.1/pico-sdk/lib/lwip/src/core/ipv4/icmp.c.obj
                0x1000d654                icmp_input
 .text.icmp_dest_unreach
                0x1000d83c       0xd0 CMakeFiles/core_temp_to_mqtt.dir/C_/Program_Files/Raspberry_Pi/Pico_SDK_v1.5.1/pico-sdk/lib/lwip/src/core/ipv4/icmp.c.obj
                0x1000d83c                icmp_dest_unreach
 .text.icmp_time_exceeded
                0x1000d90c       0xd0 CMakeFiles/core_temp_to_mqtt.dir/C_/Program_Files/Raspberry_Pi/Pico_SDK_v1.5.1/pico-sdk/lib/lwip/src/core/ipv4/icmp.c.obj
                0x1000d90c                icmp_time_exceeded
 .text.ip_reass_free_complete_datagram
                0x1000d9dc      0x114 CMakeFiles/core_temp_to_mqtt.dir/C_/Program_Files/Raspberry_Pi/Pico_SDK_v1.5.1/pico-sdk/lib/lwip/src/core/ipv4/ip4_frag.c.obj
 .text.ip_reass_remove_oldest_datagram
                0x1000daf0       0xd8 CMakeFiles/core_temp_to_mqtt.dir/C_/Program_Files/Raspberry_Pi/Pico_SDK_v1.5.1/pico-sdk/lib/lwip/src/core/ipv4/ip4_frag.c.obj
 .text.ip_reass_tmr
                0x1000dbc8       0x38 CMakeFiles/core_temp_to_mqtt.dir/C_/Program_Files/Raspberry_Pi/Pico_SDK_v1.5.1/pico-sdk/lib/lwip/src/core/ipv4/ip4_frag.c.obj
                0x1000dbc8                ip_reass_tmr
 .text.ip4_reass
                0x1000dc00      0x534 CMakeFiles/core_temp_to_mqtt.dir/C_/Program_Files/Raspberry_Pi/Pico_SDK_v1.5.1/pico-sdk/lib/lwip/src/core/ipv4/ip4_frag.c.obj
                0x1000dc00                ip4_reass
 .text.ip4_frag
                0x1000e134      0x17c CMakeFiles/core_temp_to_mqtt.dir/C_/Program_Files/Raspberry_Pi/Pico_SDK_v1.5.1/pico-sdk/lib/lwip/src/core/ipv4/ip4_frag.c.obj
                0x1000e134                ip4_frag
 .text.ip4_route
                0x1000e2b0       0x7c CMakeFiles/core_temp_to_mqtt.dir/C_/Program_Files/Raspberry_Pi/Pico_SDK_v1.5.1/pico-sdk/lib/lwip/src/core/ipv4/ip4.c.obj
                0x1000e2b0                ip4_route
 .text.ip4_input
                0x1000e32c      0x2cc CMakeFiles/core_temp_to_mqtt.dir/C_/Program_Files/Raspberry_Pi/Pico_SDK_v1.5.1/pico-sdk/lib/lwip/src/core/ipv4/ip4.c.obj
                0x1000e32c                ip4_input
 .text.ip4_output_if
                0x1000e5f8      0x190 CMakeFiles/core_temp_to_mqtt.dir/C_/Program_Files/Raspberry_Pi/Pico_SDK_v1.5.1/pico-sdk/lib/lwip/src/core/ipv4/ip4.c.obj
                0x1000e5f8                ip4_output_if
 .text.ip4_output_if_src
                0x1000e788      0x17c CMakeFiles/core_temp_to_mqtt.dir/C_/Program_Files/Raspberry_Pi/Pico_SDK_v1.5.1/pico-sdk/lib/lwip/src/core/ipv4/ip4.c.obj
                0x1000e788                ip4_output_if_src
 .text.ip4_addr_isbroadcast_u32
                0x1000e904       0x3c CMakeFiles/core_temp_to_mqtt.dir/C_/Program_Files/Raspberry_Pi/Pico_SDK_v1.5.1/pico-sdk/lib/lwip/src/core/ipv4/ip4_addr.c.obj
                0x1000e904                ip4_addr_isbroadcast_u32
 .text.ip4addr_aton
                0x1000e940      0x188 CMakeFiles/core_temp_to_mqtt.dir/C_/Program_Files/Raspberry_Pi/Pico_SDK_v1.5.1/pico-sdk/lib/lwip/src/core/ipv4/ip4_addr.c.obj
                0x1000e940                ip4addr_aton
 .text.ethernet_input
                0x1000eac8       0xd0 CMakeFiles/core_temp_to_mqtt.dir/C_/Program_Files/Raspberry_Pi/Pico_SDK_v1.5.1/pico-sdk/lib/lwip/src/netif/ethernet.c.obj
                0x1000eac8                ethernet_input
 .text.ethernet_output
                0x1000eb98       0x6c CMakeFiles/core_temp_to_mqtt.dir/C_/Program_Files/Raspberry_Pi/Pico_SDK_v1.5.1/pico-sdk/lib/lwip/src/netif/ethernet.c.obj
                0x1000eb98                ethernet_output
 .text.cyw43_arch_wifi_connect_bssid_until.part.0
                0x1000ec04       0xd8 CMakeFiles/core_temp_to_mqtt.dir/C_/Program_Files/Raspberry_Pi/Pico_SDK_v1.5.1/pico-sdk/src/rp2_common/pico_cyw43_arch/cyw43_arch.c.obj
 .text.cyw43_arch_set_async_context
                0x1000ecdc        0xc CMakeFiles/core_temp_to_mqtt.dir/C_/Program_Files/Raspberry_Pi/Pico_SDK_v1.5.1/pico-sdk/src/rp2_common/pico_cyw43_arch/cyw43_arch.c.obj
                0x1000ecdc                cyw43_arch_set_async_context
 .text.cyw43_arch_enable_sta_mode
                0x1000ece8       0x1c CMakeFiles/core_temp_to_mqtt.dir/C_/Program_Files/Raspberry_Pi/Pico_SDK_v1.5.1/pico-sdk/src/rp2_common/pico_cyw43_arch/cyw43_arch.c.obj
                0x1000ece8                cyw43_arch_enable_sta_mode
 .text.cyw43_arch_wifi_connect_timeout_ms
                0x1000ed04       0x9c CMakeFiles/core_temp_to_mqtt.dir/C_/Program_Files/Raspberry_Pi/Pico_SDK_v1.5.1/pico-sdk/src/rp2_common/pico_cyw43_arch/cyw43_arch.c.obj
                0x1000ed04                cyw43_arch_wifi_connect_timeout_ms
 .text.cyw43_arch_async_context
                0x1000eda0        0xc CMakeFiles/core_temp_to_mqtt.dir/C_/Program_Files/Raspberry_Pi/Pico_SDK_v1.5.1/pico-sdk/src/rp2_common/pico_cyw43_arch/cyw43_arch.c.obj
                0x1000eda0                cyw43_arch_async_context
 .text.cyw43_arch_init
                0x1000edac       0x80 CMakeFiles/core_temp_to_mqtt.dir/C_/Program_Files/Raspberry_Pi/Pico_SDK_v1.5.1/pico-sdk/src/rp2_common/pico_cyw43_arch/cyw43_arch_threadsafe_background.c.obj
                0x1000edac                cyw43_arch_init
 .text.ns_delay.constprop.0
                0x1000ee2c       0x20 CMakeFiles/core_temp_to_mqtt.dir/C_/Program_Files/Raspberry_Pi/Pico_SDK_v1.5.1/pico-sdk/src/rp2_common/pico_cyw43_driver/cyw43_bus_pio_spi.c.obj
 .text.cyw43_spi_deinit
                0x1000ee4c       0x7c CMakeFiles/core_temp_to_mqtt.dir/C_/Program_Files/Raspberry_Pi/Pico_SDK_v1.5.1/pico-sdk/src/rp2_common/pico_cyw43_driver/cyw43_bus_pio_spi.c.obj
                0x1000ee4c                cyw43_spi_deinit
 .text.cyw43_spi_init
                0x1000eec8      0x154 CMakeFiles/core_temp_to_mqtt.dir/C_/Program_Files/Raspberry_Pi/Pico_SDK_v1.5.1/pico-sdk/src/rp2_common/pico_cyw43_driver/cyw43_bus_pio_spi.c.obj
                0x1000eec8                cyw43_spi_init
 .text.cyw43_spi_transfer
                0x1000f01c      0x430 CMakeFiles/core_temp_to_mqtt.dir/C_/Program_Files/Raspberry_Pi/Pico_SDK_v1.5.1/pico-sdk/src/rp2_common/pico_cyw43_driver/cyw43_bus_pio_spi.c.obj
                0x1000f01c                cyw43_spi_transfer
 .text.cyw43_spi_gpio_setup
                0x1000f44c       0x3c CMakeFiles/core_temp_to_mqtt.dir/C_/Program_Files/Raspberry_Pi/Pico_SDK_v1.5.1/pico-sdk/src/rp2_common/pico_cyw43_driver/cyw43_bus_pio_spi.c.obj
                0x1000f44c                cyw43_spi_gpio_setup
 .text.cyw43_spi_reset
                0x1000f488       0x28 CMakeFiles/core_temp_to_mqtt.dir/C_/Program_Files/Raspberry_Pi/Pico_SDK_v1.5.1/pico-sdk/src/rp2_common/pico_cyw43_driver/cyw43_bus_pio_spi.c.obj
                0x1000f488                cyw43_spi_reset
 .text.read_reg_u32_swap
                0x1000f4b0       0x3c CMakeFiles/core_temp_to_mqtt.dir/C_/Program_Files/Raspberry_Pi/Pico_SDK_v1.5.1/pico-sdk/src/rp2_common/pico_cyw43_driver/cyw43_bus_pio_spi.c.obj
                0x1000f4b0                read_reg_u32_swap
 .text.cyw43_read_reg_u32
                0x1000f4ec       0x6c CMakeFiles/core_temp_to_mqtt.dir/C_/Program_Files/Raspberry_Pi/Pico_SDK_v1.5.1/pico-sdk/src/rp2_common/pico_cyw43_driver/cyw43_bus_pio_spi.c.obj
                0x1000f4ec                cyw43_read_reg_u32
 .text.cyw43_read_reg_u16
                0x1000f558       0x6c CMakeFiles/core_temp_to_mqtt.dir/C_/Program_Files/Raspberry_Pi/Pico_SDK_v1.5.1/pico-sdk/src/rp2_common/pico_cyw43_driver/cyw43_bus_pio_spi.c.obj
                0x1000f558                cyw43_read_reg_u16
 .text.cyw43_read_reg_u8
                0x1000f5c4       0x6c CMakeFiles/core_temp_to_mqtt.dir/C_/Program_Files/Raspberry_Pi/Pico_SDK_v1.5.1/pico-sdk/src/rp2_common/pico_cyw43_driver/cyw43_bus_pio_spi.c.obj
                0x1000f5c4                cyw43_read_reg_u8
 .text.write_reg_u32_swap
                0x1000f630      0x1e0 CMakeFiles/core_temp_to_mqtt.dir/C_/Program_Files/Raspberry_Pi/Pico_SDK_v1.5.1/pico-sdk/src/rp2_common/pico_cyw43_driver/cyw43_bus_pio_spi.c.obj
                0x1000f630                write_reg_u32_swap
 .text.cyw43_write_reg_u32
                0x1000f810      0x200 CMakeFiles/core_temp_to_mqtt.dir/C_/Program_Files/Raspberry_Pi/Pico_SDK_v1.5.1/pico-sdk/src/rp2_common/pico_cyw43_driver/cyw43_bus_pio_spi.c.obj
                0x1000f810                cyw43_write_reg_u32
 .text.cyw43_write_reg_u16
                0x1000fa10      0x200 CMakeFiles/core_temp_to_mqtt.dir/C_/Program_Files/Raspberry_Pi/Pico_SDK_v1.5.1/pico-sdk/src/rp2_common/pico_cyw43_driver/cyw43_bus_pio_spi.c.obj
                0x1000fa10                cyw43_write_reg_u16
 .text.cyw43_write_reg_u8
                0x1000fc10      0x200 CMakeFiles/core_temp_to_mqtt.dir/C_/Program_Files/Raspberry_Pi/Pico_SDK_v1.5.1/pico-sdk/src/rp2_common/pico_cyw43_driver/cyw43_bus_pio_spi.c.obj
                0x1000fc10                cyw43_write_reg_u8
 .text.cyw43_read_bytes
                0x1000fe10       0x78 CMakeFiles/core_temp_to_mqtt.dir/C_/Program_Files/Raspberry_Pi/Pico_SDK_v1.5.1/pico-sdk/src/rp2_common/pico_cyw43_driver/cyw43_bus_pio_spi.c.obj
                0x1000fe10                cyw43_read_bytes
 .text.cyw43_write_bytes
                0x1000fe88       0xec CMakeFiles/core_temp_to_mqtt.dir/C_/Program_Files/Raspberry_Pi/Pico_SDK_v1.5.1/pico-sdk/src/rp2_common/pico_cyw43_driver/cyw43_bus_pio_spi.c.obj
                0x1000fe88                cyw43_write_bytes
 .text.cyw43_set_backplane_window
                0x1000ff74       0x64 CMakeFiles/core_temp_to_mqtt.dir/C_/Program_Files/Raspberry_Pi/Pico_SDK_v1.5.1/pico-sdk/lib/cyw43-driver/src/cyw43_ll.c.obj
 .text.cyw43_ll_parse_async_event
                0x1000ffd8      0x13c CMakeFiles/core_temp_to_mqtt.dir/C_/Program_Files/Raspberry_Pi/Pico_SDK_v1.5.1/pico-sdk/lib/cyw43-driver/src/cyw43_ll.c.obj
 .text.cyw43_kso_set
                0x10010114       0xa0 CMakeFiles/core_temp_to_mqtt.dir/C_/Program_Files/Raspberry_Pi/Pico_SDK_v1.5.1/pico-sdk/lib/cyw43-driver/src/cyw43_ll.c.obj
 .text.cyw43_ll_sdpcm_poll_device
                0x100101b4      0x238 CMakeFiles/core_temp_to_mqtt.dir/C_/Program_Files/Raspberry_Pi/Pico_SDK_v1.5.1/pico-sdk/lib/cyw43-driver/src/cyw43_ll.c.obj
 .text.cyw43_sdpcm_send_common
                0x100103ec       0xf0 CMakeFiles/core_temp_to_mqtt.dir/C_/Program_Files/Raspberry_Pi/Pico_SDK_v1.5.1/pico-sdk/lib/cyw43-driver/src/cyw43_ll.c.obj
 .text.cyw43_do_ioctl
                0x100104dc      0x110 CMakeFiles/core_temp_to_mqtt.dir/C_/Program_Files/Raspberry_Pi/Pico_SDK_v1.5.1/pico-sdk/lib/cyw43-driver/src/cyw43_ll.c.obj
 .text.cyw43_do_ioctl.constprop.0
                0x100105ec      0x108 CMakeFiles/core_temp_to_mqtt.dir/C_/Program_Files/Raspberry_Pi/Pico_SDK_v1.5.1/pico-sdk/lib/cyw43-driver/src/cyw43_ll.c.obj
 .text.cyw43_read_backplane.constprop.0
                0x100106f4       0xdc CMakeFiles/core_temp_to_mqtt.dir/C_/Program_Files/Raspberry_Pi/Pico_SDK_v1.5.1/pico-sdk/lib/cyw43-driver/src/cyw43_ll.c.obj
 .text.reset_device_core.constprop.0
                0x100107d0      0x3f0 CMakeFiles/core_temp_to_mqtt.dir/C_/Program_Files/Raspberry_Pi/Pico_SDK_v1.5.1/pico-sdk/lib/cyw43-driver/src/cyw43_ll.c.obj
 .text.cyw43_ll_init
                0x10010bc0       0x1c CMakeFiles/core_temp_to_mqtt.dir/C_/Program_Files/Raspberry_Pi/Pico_SDK_v1.5.1/pico-sdk/lib/cyw43-driver/src/cyw43_ll.c.obj
                0x10010bc0                cyw43_ll_init
 .text.cyw43_ll_deinit
                0x10010bdc        0x8 CMakeFiles/core_temp_to_mqtt.dir/C_/Program_Files/Raspberry_Pi/Pico_SDK_v1.5.1/pico-sdk/lib/cyw43-driver/src/cyw43_ll.c.obj
                0x10010bdc                cyw43_ll_deinit
 .text.cyw43_ll_send_ethernet
                0x10010be4       0x60 CMakeFiles/core_temp_to_mqtt.dir/C_/Program_Files/Raspberry_Pi/Pico_SDK_v1.5.1/pico-sdk/lib/cyw43-driver/src/cyw43_ll.c.obj
                0x10010be4                cyw43_ll_send_ethernet
 .text.cyw43_ll_process_packets
                0x10010c44       0x54 CMakeFiles/core_temp_to_mqtt.dir/C_/Program_Files/Raspberry_Pi/Pico_SDK_v1.5.1/pico-sdk/lib/cyw43-driver/src/cyw43_ll.c.obj
                0x10010c44                cyw43_ll_process_packets
 .text.cyw43_ll_ioctl
                0x10010c98       0x20 CMakeFiles/core_temp_to_mqtt.dir/C_/Program_Files/Raspberry_Pi/Pico_SDK_v1.5.1/pico-sdk/lib/cyw43-driver/src/cyw43_ll.c.obj
                0x10010c98                cyw43_ll_ioctl
 .text.cyw43_ll_bus_sleep
                0x10010cb8       0x34 CMakeFiles/core_temp_to_mqtt.dir/C_/Program_Files/Raspberry_Pi/Pico_SDK_v1.5.1/pico-sdk/lib/cyw43-driver/src/cyw43_ll.c.obj
                0x10010cb8                cyw43_ll_bus_sleep
 .text.cyw43_ll_bus_init
                0x10010cec      0xbf0 CMakeFiles/core_temp_to_mqtt.dir/C_/Program_Files/Raspberry_Pi/Pico_SDK_v1.5.1/pico-sdk/lib/cyw43-driver/src/cyw43_ll.c.obj
                0x10010cec                cyw43_ll_bus_init
 .text.cyw43_ll_wifi_on
                0x100118dc      0x240 CMakeFiles/core_temp_to_mqtt.dir/C_/Program_Files/Raspberry_Pi/Pico_SDK_v1.5.1/pico-sdk/lib/cyw43-driver/src/cyw43_ll.c.obj
                0x100118dc                cyw43_ll_wifi_on
 .text.cyw43_ll_wifi_get_mac
                0x10011b1c       0x44 CMakeFiles/core_temp_to_mqtt.dir/C_/Program_Files/Raspberry_Pi/Pico_SDK_v1.5.1/pico-sdk/lib/cyw43-driver/src/cyw43_ll.c.obj
                0x10011b1c                cyw43_ll_wifi_get_mac
 .text.cyw43_ll_wifi_pm
                0x10011b60      0x194 CMakeFiles/core_temp_to_mqtt.dir/C_/Program_Files/Raspberry_Pi/Pico_SDK_v1.5.1/pico-sdk/lib/cyw43-driver/src/cyw43_ll.c.obj
                0x10011b60                cyw43_ll_wifi_pm
 .text.cyw43_ll_wifi_join
                0x10011cf4      0x310 CMakeFiles/core_temp_to_mqtt.dir/C_/Program_Files/Raspberry_Pi/Pico_SDK_v1.5.1/pico-sdk/lib/cyw43-driver/src/cyw43_ll.c.obj
                0x10011cf4                cyw43_ll_wifi_join
 .text.cyw43_ll_wifi_set_wpa_auth
                0x10012004       0x2c CMakeFiles/core_temp_to_mqtt.dir/C_/Program_Files/Raspberry_Pi/Pico_SDK_v1.5.1/pico-sdk/lib/cyw43-driver/src/cyw43_ll.c.obj
                0x10012004                cyw43_ll_wifi_set_wpa_auth
 .text.cyw43_ll_wifi_rejoin
                0x10012030       0x1c CMakeFiles/core_temp_to_mqtt.dir/C_/Program_Files/Raspberry_Pi/Pico_SDK_v1.5.1/pico-sdk/lib/cyw43-driver/src/cyw43_ll.c.obj
                0x10012030                cyw43_ll_wifi_rejoin
 .text.cyw43_ll_wifi_ap_init
                0x1001204c      0x2c4 CMakeFiles/core_temp_to_mqtt.dir/C_/Program_Files/Raspberry_Pi/Pico_SDK_v1.5.1/pico-sdk/lib/cyw43-driver/src/cyw43_ll.c.obj
                0x1001204c                cyw43_ll_wifi_ap_init
 .text.cyw43_ll_wifi_ap_set_up
                0x10012310       0x54 CMakeFiles/core_temp_to_mqtt.dir/C_/Program_Files/Raspberry_Pi/Pico_SDK_v1.5.1/pico-sdk/lib/cyw43-driver/src/cyw43_ll.c.obj
                0x10012310                cyw43_ll_wifi_ap_set_up
 .text.cyw43_ll_has_work
                0x10012364       0x14 CMakeFiles/core_temp_to_mqtt.dir/C_/Program_Files/Raspberry_Pi/Pico_SDK_v1.5.1/pico-sdk/lib/cyw43-driver/src/cyw43_ll.c.obj
                0x10012364                cyw43_ll_has_work
 .text.cyw43_netif_init
                0x10012378       0x3c CMakeFiles/core_temp_to_mqtt.dir/C_/Program_Files/Raspberry_Pi/Pico_SDK_v1.5.1/pico-sdk/lib/cyw43-driver/src/cyw43_lwip.c.obj
 .text.cyw43_netif_output
                0x100123b4       0x34 CMakeFiles/core_temp_to_mqtt.dir/C_/Program_Files/Raspberry_Pi/Pico_SDK_v1.5.1/pico-sdk/lib/cyw43-driver/src/cyw43_lwip.c.obj
 .text.cyw43_cb_tcpip_init
                0x100123e8       0xfc CMakeFiles/core_temp_to_mqtt.dir/C_/Program_Files/Raspberry_Pi/Pico_SDK_v1.5.1/pico-sdk/lib/cyw43-driver/src/cyw43_lwip.c.obj
                0x100123e8                cyw43_cb_tcpip_init
 .text.cyw43_cb_tcpip_deinit
                0x100124e4       0x4c CMakeFiles/core_temp_to_mqtt.dir/C_/Program_Files/Raspberry_Pi/Pico_SDK_v1.5.1/pico-sdk/lib/cyw43-driver/src/cyw43_lwip.c.obj
                0x100124e4                cyw43_cb_tcpip_deinit
 .text.cyw43_cb_process_ethernet
                0x10012530       0x68 CMakeFiles/core_temp_to_mqtt.dir/C_/Program_Files/Raspberry_Pi/Pico_SDK_v1.5.1/pico-sdk/lib/cyw43-driver/src/cyw43_lwip.c.obj
                0x10012530                cyw43_cb_process_ethernet
 .text.cyw43_cb_tcpip_set_link_up
                0x10012598       0x18 CMakeFiles/core_temp_to_mqtt.dir/C_/Program_Files/Raspberry_Pi/Pico_SDK_v1.5.1/pico-sdk/lib/cyw43-driver/src/cyw43_lwip.c.obj
                0x10012598                cyw43_cb_tcpip_set_link_up
 .text.cyw43_cb_tcpip_set_link_down
                0x100125b0       0x18 CMakeFiles/core_temp_to_mqtt.dir/C_/Program_Files/Raspberry_Pi/Pico_SDK_v1.5.1/pico-sdk/lib/cyw43-driver/src/cyw43_lwip.c.obj
                0x100125b0                cyw43_cb_tcpip_set_link_down
 .text.cyw43_tcpip_link_status
                0x100125c8       0x34 CMakeFiles/core_temp_to_mqtt.dir/C_/Program_Files/Raspberry_Pi/Pico_SDK_v1.5.1/pico-sdk/lib/cyw43-driver/src/cyw43_lwip.c.obj
                0x100125c8                cyw43_tcpip_link_status
 .text.cyw43_poll_func
                0x100125fc       0xc0 CMakeFiles/core_temp_to_mqtt.dir/C_/Program_Files/Raspberry_Pi/Pico_SDK_v1.5.1/pico-sdk/lib/cyw43-driver/src/cyw43_ctrl.c.obj
 .text.cyw43_init
                0x100126bc       0x6c CMakeFiles/core_temp_to_mqtt.dir/C_/Program_Files/Raspberry_Pi/Pico_SDK_v1.5.1/pico-sdk/lib/cyw43-driver/src/cyw43_ctrl.c.obj
                0x100126bc                cyw43_init
 .text.cyw43_deinit
                0x10012728       0x90 CMakeFiles/core_temp_to_mqtt.dir/C_/Program_Files/Raspberry_Pi/Pico_SDK_v1.5.1/pico-sdk/lib/cyw43-driver/src/cyw43_ctrl.c.obj
                0x10012728                cyw43_deinit
 .text.cyw43_cb_read_host_interrupt_pin
                0x100127b8        0xc CMakeFiles/core_temp_to_mqtt.dir/C_/Program_Files/Raspberry_Pi/Pico_SDK_v1.5.1/pico-sdk/lib/cyw43-driver/src/cyw43_ctrl.c.obj
                0x100127b8                cyw43_cb_read_host_interrupt_pin
 .text.cyw43_cb_ensure_awake
                0x100127c4        0xc CMakeFiles/core_temp_to_mqtt.dir/C_/Program_Files/Raspberry_Pi/Pico_SDK_v1.5.1/pico-sdk/lib/cyw43-driver/src/cyw43_ctrl.c.obj
                0x100127c4                cyw43_cb_ensure_awake
 .text.cyw43_cb_process_async_event
                0x100127d0      0x228 CMakeFiles/core_temp_to_mqtt.dir/C_/Program_Files/Raspberry_Pi/Pico_SDK_v1.5.1/pico-sdk/lib/cyw43-driver/src/cyw43_ctrl.c.obj
                0x100127d0                cyw43_cb_process_async_event
 .text.cyw43_send_ethernet
                0x100129f8       0xc0 CMakeFiles/core_temp_to_mqtt.dir/C_/Program_Files/Raspberry_Pi/Pico_SDK_v1.5.1/pico-sdk/lib/cyw43-driver/src/cyw43_ctrl.c.obj
                0x100129f8                cyw43_send_ethernet
 .text.cyw43_wifi_get_mac
                0x10012ab8       0x10 CMakeFiles/core_temp_to_mqtt.dir/C_/Program_Files/Raspberry_Pi/Pico_SDK_v1.5.1/pico-sdk/lib/cyw43-driver/src/cyw43_ctrl.c.obj
                0x10012ab8                cyw43_wifi_get_mac
 .text.cyw43_wifi_set_up
                0x10012ac8      0x308 CMakeFiles/core_temp_to_mqtt.dir/C_/Program_Files/Raspberry_Pi/Pico_SDK_v1.5.1/pico-sdk/lib/cyw43-driver/src/cyw43_ctrl.c.obj
                0x10012ac8                cyw43_wifi_set_up
 .text.cyw43_wifi_link_status
                0x10012dd0       0x3c CMakeFiles/core_temp_to_mqtt.dir/C_/Program_Files/Raspberry_Pi/Pico_SDK_v1.5.1/pico-sdk/lib/cyw43-driver/src/cyw43_ctrl.c.obj
                0x10012dd0                cyw43_wifi_link_status
 .text.cyw43_wifi_join
                0x10012e0c       0xf4 CMakeFiles/core_temp_to_mqtt.dir/C_/Program_Files/Raspberry_Pi/Pico_SDK_v1.5.1/pico-sdk/lib/cyw43-driver/src/cyw43_ctrl.c.obj
                0x10012e0c                cyw43_wifi_join
 .text.pio_sm_unclaim
                0x10012f00       0x20 CMakeFiles/core_temp_to_mqtt.dir/C_/Program_Files/Raspberry_Pi/Pico_SDK_v1.5.1/pico-sdk/src/rp2_common/hardware_pio/pio.c.obj
                0x10012f00                pio_sm_unclaim
 .text.pio_claim_unused_sm
                0x10012f20       0x3c CMakeFiles/core_temp_to_mqtt.dir/C_/Program_Files/Raspberry_Pi/Pico_SDK_v1.5.1/pico-sdk/src/rp2_common/hardware_pio/pio.c.obj
                0x10012f20                pio_claim_unused_sm
 .text.pio_can_add_program
                0x10012f5c       0x68 CMakeFiles/core_temp_to_mqtt.dir/C_/Program_Files/Raspberry_Pi/Pico_SDK_v1.5.1/pico-sdk/src/rp2_common/hardware_pio/pio.c.obj
                0x10012f5c                pio_can_add_program
 .text.pio_add_program
                0x10012fc4       0xc8 CMakeFiles/core_temp_to_mqtt.dir/C_/Program_Files/Raspberry_Pi/Pico_SDK_v1.5.1/pico-sdk/src/rp2_common/hardware_pio/pio.c.obj
                0x10012fc4                pio_add_program
 .text.pio_remove_program
                0x1001308c       0x34 CMakeFiles/core_temp_to_mqtt.dir/C_/Program_Files/Raspberry_Pi/Pico_SDK_v1.5.1/pico-sdk/src/rp2_common/hardware_pio/pio.c.obj
                0x1001308c                pio_remove_program
 .text.pio_sm_set_pindirs_with_mask
                0x100130c0       0xa4 CMakeFiles/core_temp_to_mqtt.dir/C_/Program_Files/Raspberry_Pi/Pico_SDK_v1.5.1/pico-sdk/src/rp2_common/hardware_pio/pio.c.obj
                0x100130c0                pio_sm_set_pindirs_with_mask
 .text.pio_sm_set_consecutive_pindirs
                0x10013164       0xb0 CMakeFiles/core_temp_to_mqtt.dir/C_/Program_Files/Raspberry_Pi/Pico_SDK_v1.5.1/pico-sdk/src/rp2_common/hardware_pio/pio.c.obj
                0x10013164                pio_sm_set_consecutive_pindirs
 .text.dma_channel_unclaim
                0x10013214       0x10 CMakeFiles/core_temp_to_mqtt.dir/C_/Program_Files/Raspberry_Pi/Pico_SDK_v1.5.1/pico-sdk/src/rp2_common/hardware_dma/dma.c.obj
                0x10013214                dma_channel_unclaim
 .text.dma_claim_unused_channel
                0x10013224       0x20 CMakeFiles/core_temp_to_mqtt.dir/C_/Program_Files/Raspberry_Pi/Pico_SDK_v1.5.1/pico-sdk/src/rp2_common/hardware_dma/dma.c.obj
                0x10013224                dma_claim_unused_channel
 .text.dma_channel_cleanup
                0x10013244       0x60 CMakeFiles/core_temp_to_mqtt.dir/C_/Program_Files/Raspberry_Pi/Pico_SDK_v1.5.1/pico-sdk/src/rp2_common/hardware_dma/dma.c.obj
                0x10013244                dma_channel_cleanup
 .text.cyw43_sleep_timeout_reached
                0x100132a4       0x10 CMakeFiles/core_temp_to_mqtt.dir/C_/Program_Files/Raspberry_Pi/Pico_SDK_v1.5.1/pico-sdk/src/rp2_common/pico_cyw43_driver/cyw43_driver.c.obj
 .text.cyw43_irq_init
                0x100132b4       0x28 CMakeFiles/core_temp_to_mqtt.dir/C_/Program_Files/Raspberry_Pi/Pico_SDK_v1.5.1/pico-sdk/src/rp2_common/pico_cyw43_driver/cyw43_driver.c.obj
                0x100132b4                cyw43_irq_init
 .text.cyw43_irq_deinit
                0x100132dc       0x20 CMakeFiles/core_temp_to_mqtt.dir/C_/Program_Files/Raspberry_Pi/Pico_SDK_v1.5.1/pico-sdk/src/rp2_common/pico_cyw43_driver/cyw43_driver.c.obj
                0x100132dc                cyw43_irq_deinit
 .text.cyw43_gpio_irq_handler
                0x100132fc       0x44 CMakeFiles/core_temp_to_mqtt.dir/C_/Program_Files/Raspberry_Pi/Pico_SDK_v1.5.1/pico-sdk/src/rp2_common/pico_cyw43_driver/cyw43_driver.c.obj
 .text.cyw43_do_poll
                0x10013340       0x6c CMakeFiles/core_temp_to_mqtt.dir/C_/Program_Files/Raspberry_Pi/Pico_SDK_v1.5.1/pico-sdk/src/rp2_common/pico_cyw43_driver/cyw43_driver.c.obj
 .text.cyw43_post_poll_hook
                0x100133ac       0x10 CMakeFiles/core_temp_to_mqtt.dir/C_/Program_Files/Raspberry_Pi/Pico_SDK_v1.5.1/pico-sdk/src/rp2_common/pico_cyw43_driver/cyw43_driver.c.obj
                0x100133ac                cyw43_post_poll_hook
 .text.cyw43_schedule_internal_poll_dispatch
                0x100133bc       0x18 CMakeFiles/core_temp_to_mqtt.dir/C_/Program_Files/Raspberry_Pi/Pico_SDK_v1.5.1/pico-sdk/src/rp2_common/pico_cyw43_driver/cyw43_driver.c.obj
                0x100133bc                cyw43_schedule_internal_poll_dispatch
 .text.cyw43_driver_init
                0x100133d4       0x38 CMakeFiles/core_temp_to_mqtt.dir/C_/Program_Files/Raspberry_Pi/Pico_SDK_v1.5.1/pico-sdk/src/rp2_common/pico_cyw43_driver/cyw43_driver.c.obj
                0x100133d4                cyw43_driver_init
 .text.cyw43_driver_deinit
                0x1001340c       0x44 CMakeFiles/core_temp_to_mqtt.dir/C_/Program_Files/Raspberry_Pi/Pico_SDK_v1.5.1/pico-sdk/src/rp2_common/pico_cyw43_driver/cyw43_driver.c.obj
                0x1001340c                cyw43_driver_deinit
 .text.cyw43_hal_generate_laa_mac
                0x10013450       0x28 CMakeFiles/core_temp_to_mqtt.dir/C_/Program_Files/Raspberry_Pi/Pico_SDK_v1.5.1/pico-sdk/src/rp2_common/pico_cyw43_driver/cyw43_driver.c.obj
                0x10013450                cyw43_hal_generate_laa_mac
 .text.cyw43_hal_get_mac
                0x10013478       0x1c CMakeFiles/core_temp_to_mqtt.dir/C_/Program_Files/Raspberry_Pi/Pico_SDK_v1.5.1/pico-sdk/src/rp2_common/pico_cyw43_driver/cyw43_driver.c.obj
                0x10013478                cyw43_hal_get_mac
 .text.cyw43_thread_enter
                0x10013494       0x14 CMakeFiles/core_temp_to_mqtt.dir/C_/Program_Files/Raspberry_Pi/Pico_SDK_v1.5.1/pico-sdk/src/rp2_common/pico_cyw43_driver/cyw43_driver.c.obj
                0x10013494                cyw43_thread_enter
 .text.cyw43_thread_exit
                0x100134a8       0x14 CMakeFiles/core_temp_to_mqtt.dir/C_/Program_Files/Raspberry_Pi/Pico_SDK_v1.5.1/pico-sdk/src/rp2_common/pico_cyw43_driver/cyw43_driver.c.obj
                0x100134a8                cyw43_thread_exit
 .text.cyw43_await_background_or_timeout_us
                0x100134bc       0x34 CMakeFiles/core_temp_to_mqtt.dir/C_/Program_Files/Raspberry_Pi/Pico_SDK_v1.5.1/pico-sdk/src/rp2_common/pico_cyw43_driver/cyw43_driver.c.obj
                0x100134bc                cyw43_await_background_or_timeout_us
 .text.cyw43_delay_ms
                0x100134f0       0x44 CMakeFiles/core_temp_to_mqtt.dir/C_/Program_Files/Raspberry_Pi/Pico_SDK_v1.5.1/pico-sdk/src/rp2_common/pico_cyw43_driver/cyw43_driver.c.obj
                0x100134f0                cyw43_delay_ms
 .text.cyw43_delay_us
                0x10013534       0x34 CMakeFiles/core_temp_to_mqtt.dir/C_/Program_Files/Raspberry_Pi/Pico_SDK_v1.5.1/pico-sdk/src/rp2_common/pico_cyw43_driver/cyw43_driver.c.obj
                0x10013534                cyw43_delay_us
 .text.async_context_threadsafe_background_acquire_lock_blocking
                0x10013568        0xc CMakeFiles/core_temp_to_mqtt.dir/C_/Program_Files/Raspberry_Pi/Pico_SDK_v1.5.1/pico-sdk/src/rp2_common/pico_async_context/async_context_threadsafe_background.c.obj
 .text.alarm_handler
                0x10013574       0x20 CMakeFiles/core_temp_to_mqtt.dir/C_/Program_Files/Raspberry_Pi/Pico_SDK_v1.5.1/pico-sdk/src/rp2_common/pico_async_context/async_context_threadsafe_background.c.obj
 .text.async_context_threadsafe_background_set_work_pending
                0x10013594       0x1c CMakeFiles/core_temp_to_mqtt.dir/C_/Program_Files/Raspberry_Pi/Pico_SDK_v1.5.1/pico-sdk/src/rp2_common/pico_async_context/async_context_threadsafe_background.c.obj
 .text.process_under_lock
                0x100135b0       0xc8 CMakeFiles/core_temp_to_mqtt.dir/C_/Program_Files/Raspberry_Pi/Pico_SDK_v1.5.1/pico-sdk/src/rp2_common/pico_async_context/async_context_threadsafe_background.c.obj
 .text.async_context_threadsafe_background_execute_sync
                0x10013678       0x30 CMakeFiles/core_temp_to_mqtt.dir/C_/Program_Files/Raspberry_Pi/Pico_SDK_v1.5.1/pico-sdk/src/rp2_common/pico_async_context/async_context_threadsafe_background.c.obj
                0x10013678                async_context_threadsafe_background_execute_sync
 .text.async_context_threadsafe_background_deinit
                0x100136a8       0x54 CMakeFiles/core_temp_to_mqtt.dir/C_/Program_Files/Raspberry_Pi/Pico_SDK_v1.5.1/pico-sdk/src/rp2_common/pico_async_context/async_context_threadsafe_background.c.obj
 .text.low_priority_irq_handler
                0x100136fc       0x3c CMakeFiles/core_temp_to_mqtt.dir/C_/Program_Files/Raspberry_Pi/Pico_SDK_v1.5.1/pico-sdk/src/rp2_common/pico_async_context/async_context_threadsafe_background.c.obj
 .text.async_context_threadsafe_background_wait_for_work_until
                0x10013738        0xc CMakeFiles/core_temp_to_mqtt.dir/C_/Program_Files/Raspberry_Pi/Pico_SDK_v1.5.1/pico-sdk/src/rp2_common/pico_async_context/async_context_threadsafe_background.c.obj
 .text.async_context_threadsafe_background_wait_until
                0x10013744       0x1c CMakeFiles/core_temp_to_mqtt.dir/C_/Program_Files/Raspberry_Pi/Pico_SDK_v1.5.1/pico-sdk/src/rp2_common/pico_async_context/async_context_threadsafe_background.c.obj
 .text.async_context_threadsafe_background_lock_check
                0x10013760       0x28 CMakeFiles/core_temp_to_mqtt.dir/C_/Program_Files/Raspberry_Pi/Pico_SDK_v1.5.1/pico-sdk/src/rp2_common/pico_async_context/async_context_threadsafe_background.c.obj
 .text.async_context_threadsafe_background_release_lock
                0x10013788       0x1c CMakeFiles/core_temp_to_mqtt.dir/C_/Program_Files/Raspberry_Pi/Pico_SDK_v1.5.1/pico-sdk/src/rp2_common/pico_async_context/async_context_threadsafe_background.c.obj
 .text.async_context_threadsafe_background_when_pending_worker
                0x100137a4       0x34 CMakeFiles/core_temp_to_mqtt.dir/C_/Program_Files/Raspberry_Pi/Pico_SDK_v1.5.1/pico-sdk/src/rp2_common/pico_async_context/async_context_threadsafe_background.c.obj
 .text.async_context_threadsafe_background_remove_at_time_worker
                0x100137d8       0x34 CMakeFiles/core_temp_to_mqtt.dir/C_/Program_Files/Raspberry_Pi/Pico_SDK_v1.5.1/pico-sdk/src/rp2_common/pico_async_context/async_context_threadsafe_background.c.obj
 .text.async_context_threadsafe_background_add_when_pending_worker
                0x1001380c       0x34 CMakeFiles/core_temp_to_mqtt.dir/C_/Program_Files/Raspberry_Pi/Pico_SDK_v1.5.1/pico-sdk/src/rp2_common/pico_async_context/async_context_threadsafe_background.c.obj
 .text.async_context_threadsafe_background_add_at_time_worker
                0x10013840       0x34 CMakeFiles/core_temp_to_mqtt.dir/C_/Program_Files/Raspberry_Pi/Pico_SDK_v1.5.1/pico-sdk/src/rp2_common/pico_async_context/async_context_threadsafe_background.c.obj
 .text.async_context_threadsafe_background_default_config
                0x10013874        0xc CMakeFiles/core_temp_to_mqtt.dir/C_/Program_Files/Raspberry_Pi/Pico_SDK_v1.5.1/pico-sdk/src/rp2_common/pico_async_context/async_context_threadsafe_background.c.obj
                0x10013874                async_context_threadsafe_background_default_config
 .text.async_context_threadsafe_background_init
                0x10013880       0x8c CMakeFiles/core_temp_to_mqtt.dir/C_/Program_Files/Raspberry_Pi/Pico_SDK_v1.5.1/pico-sdk/src/rp2_common/pico_async_context/async_context_threadsafe_background.c.obj
                0x10013880                async_context_threadsafe_background_init
 .text.runtime_init
                0x1001390c       0xf0 CMakeFiles/core_temp_to_mqtt.dir/C_/Program_Files/Raspberry_Pi/Pico_SDK_v1.5.1/pico-sdk/src/rp2_common/pico_runtime/runtime.c.obj
                0x1001390c                runtime_init